Component: ARM Compiler 5.06 update 6 (build 750) Tool: armlink [4d35ed]

==============================================================================

Section Cross References

    rtx_conf_cm.o(i.__user_perthread_libspace) refers to rt_task.o(i.rt_tsk_self) for rt_tsk_self
    rtx_conf_cm.o(i.__user_perthread_libspace) refers to rtx_conf_cm.o(.bss) for .bss
    rtx_conf_cm.o(i.__user_perthread_libspace) refers to libspace.o(.bss) for __libspace_start
    rtx_conf_cm.o(i._mutex_acquire) refers to rt_task.o(i.rt_tsk_self) for rt_tsk_self
    rtx_conf_cm.o(i._mutex_acquire) refers to rt_mutex.o(i.rt_mut_wait) for rt_mut_wait
    rtx_conf_cm.o(i._mutex_initialize) refers to rt_mutex.o(i.rt_mut_init) for rt_mut_init
    rtx_conf_cm.o(i._mutex_initialize) refers to rtx_conf_cm.o(.data) for .data
    rtx_conf_cm.o(i._mutex_initialize) refers to rtx_conf_cm.o(.bss) for .bss
    rtx_conf_cm.o(i._mutex_release) refers to rt_task.o(i.rt_tsk_self) for rt_tsk_self
    rtx_conf_cm.o(i._mutex_release) refers to rt_mutex.o(i.rt_mut_release) for rt_mut_release
    rtx_conf_cm.o(.data) refers to rtx_conf_cm.o(.bss) for mp_tmr
    config_kit_rtx_2.o(i.Delay) refers to rt_time.o(i.rt_itv_set) for rt_itv_set
    config_kit_rtx_2.o(i.Delay) refers to rt_time.o(i.rt_itv_wait) for rt_itv_wait
    config_kit_rtx_2.o(i.LCD_ctrlWR) refers to config_kit_rtx_2.o(i.write_nibble) for write_nibble
    config_kit_rtx_2.o(i.LCD_ctrlWR) refers to config_kit_rtx_2.o(i.Delay) for Delay
    config_kit_rtx_2.o(i.LCD_dataWR) refers to config_kit_rtx_2.o(i.write_nibble) for write_nibble
    config_kit_rtx_2.o(i.LCD_dataWR) refers to config_kit_rtx_2.o(i.Delay) for Delay
    config_kit_rtx_2.o(i.LCD_ini) refers to config_kit_rtx_2.o(i.Delay) for Delay
    config_kit_rtx_2.o(i.LCD_ini) refers to config_kit_rtx_2.o(i.write_nibble_res) for write_nibble_res
    config_kit_rtx_2.o(i.LCD_ini) refers to config_kit_rtx_2.o(i.LCD_ctrlWR) for LCD_ctrlWR
    config_kit_rtx_2.o(i.Mic_config) refers to pdm_filter.o(.text) for PDM_Filter_Init
    config_kit_rtx_2.o(i.Mic_config) refers to config_kit_rtx_2.o(.bss) for Filter
    config_kit_rtx_2.o(i.bzz) refers to config_kit_rtx_2.o(i.Delay) for Delay
    config_kit_rtx_2.o(i.decode_PDM2PCM) refers to pdm_filter.o(.text) for PDM_Filter_64_LSB
    config_kit_rtx_2.o(i.decode_PDM2PCM) refers to config_kit_rtx_2.o(.bss) for Filter
    config_kit_rtx_2.o(i.getkey) refers to config_kit_rtx_2.o(i.Delay) for Delay
    config_kit_rtx_2.o(i.putasci) refers to config_kit_rtx_2.o(i.hextoascii) for hextoascii
    config_kit_rtx_2.o(i.putasci) refers to config_kit_rtx_2.o(i.LCD_dataWR) for LCD_dataWR
    config_kit_rtx_2.o(i.puts_LCD) refers to config_kit_rtx_2.o(i.LCD_ctrlWR) for LCD_ctrlWR
    config_kit_rtx_2.o(i.puts_LCD) refers to config_kit_rtx_2.o(i.LCD_dataWR) for LCD_dataWR
    config_kit_rtx_2.o(i.putserial) refers to strlen.o(.text) for strlen
    config_kit_rtx_2.o(i.write_da) refers to config_kit_rtx_2.o(.data) for out1
    config_kit_rtx_2.o(i.write_nibble) refers to config_kit_rtx_2.o(i.Delay) for Delay
    config_kit_rtx_2.o(i.write_nibble_res) refers to config_kit_rtx_2.o(i.Delay) for Delay
    novy_main.o(i.init) refers to config_kit_rtx_2.o(i.LCD_config) for LCD_config
    novy_main.o(i.init) refers to config_kit_rtx_2.o(i.LCD_ini) for LCD_ini
    novy_main.o(i.init) refers to rt_memcpy_w.o(.text) for __aeabi_memcpy4
    novy_main.o(i.init) refers to novy_main.o(i.job1) for job1
    novy_main.o(i.init) refers to rt_task.o(i.rt_tsk_create) for rt_tsk_create
    novy_main.o(i.init) refers to novy_main.o(.data) for t_job1
    novy_main.o(i.init) refers to novy_main.o(i.job2) for job2
    novy_main.o(i.init) refers to novy_main.o(i.job3) for job3
    novy_main.o(i.init) refers to rt_event.o(i.rt_evt_set) for rt_evt_set
    novy_main.o(i.init) refers to rt_task.o(i.rt_tsk_delete) for rt_tsk_delete
    novy_main.o(i.job1) refers to config_kit_rtx_2.o(i.Delay) for Delay
    novy_main.o(i.job1) refers to rt_event.o(i.rt_evt_wait) for rt_evt_wait
    novy_main.o(i.job1) refers to novy_main.o(.data) for i
    novy_main.o(i.job1) refers to novy_main.o(.bss) for sample_zvuk
    novy_main.o(i.job1) refers to rt_event.o(i.rt_evt_set) for rt_evt_set
    novy_main.o(i.job2) refers to _printf_percent.o(.ARM.Collect$$_printf_percent$$00000000) for _printf_percent
    novy_main.o(i.job2) refers to _printf_f.o(.ARM.Collect$$_printf_percent$$00000003) for _printf_f
    novy_main.o(i.job2) refers to printf1.o(x$fpl$printf1) for _printf_fp_dec
    novy_main.o(i.job2) refers to rt_memcpy_w.o(.text) for __aeabi_memcpy4
    novy_main.o(i.job2) refers to config_kit_rtx_2.o(i.read_data_mic) for read_data_mic
    novy_main.o(i.job2) refers to config_kit_rtx_2.o(i.decode_PDM2PCM) for decode_PDM2PCM
    novy_main.o(i.job2) refers to f2d.o(x$fpl$f2d) for __aeabi_f2d
    novy_main.o(i.job2) refers to sqrt.o(i.__hardfp_sqrt) for __hardfp_sqrt
[...]
    .ARM.Collect$$libshutdown$$00000002      0x08000268   Section        0  libshutdown2.o(.ARM.Collect$$libshutdown$$00000002)
    .ARM.Collect$$libshutdown$$00000004      0x08000268   Section        0  libshutdown2.o(.ARM.Collect$$libshutdown$$00000004)
    .ARM.Collect$$libshutdown$$00000007      0x08000268   Section        0  libshutdown2.o(.ARM.Collect$$libshutdown$$00000007)
    .ARM.Collect$$libshutdown$$0000000A      0x08000268   Section        0  libshutdown2.o(.ARM.Collect$$libshutdown$$0000000A)
    .ARM.Collect$$libshutdown$$0000000C      0x08000268   Section        0  libshutdown2.o(.ARM.Collect$$libshutdown$$0000000C)
    .ARM.Collect$$libshutdown$$0000000F      0x08000268   Section        0  libshutdown2.o(.ARM.Collect$$libshutdown$$0000000F)
    .ARM.Collect$$libshutdown$$00000010      0x08000268   Section        2  libshutdown2.o(.ARM.Collect$$libshutdown$$00000010)
    .ARM.Collect$$rtentry$$00000000          0x0800026a   Section        0  __rtentry.o(.ARM.Collect$$rtentry$$00000000)
    .ARM.Collect$$rtentry$$00000002          0x0800026a   Section        0  __rtentry2.o(.ARM.Collect$$rtentry$$00000002)
    .ARM.Collect$$rtentry$$00000004          0x0800026a   Section        6  __rtentry4.o(.ARM.Collect$$rtentry$$00000004)
    .ARM.Collect$$rtentry$$00000009          0x08000270   Section        0  __rtentry2.o(.ARM.Collect$$rtentry$$00000009)
    .ARM.Collect$$rtentry$$0000000A          0x08000270   Section        4  __rtentry2.o(.ARM.Collect$$rtentry$$0000000A)
    .ARM.Collect$$rtentry$$0000000C          0x08000274   Section        0  __rtentry2.o(.ARM.Collect$$rtentry$$0000000C)
    .ARM.Collect$$rtentry$$0000000D          0x08000274   Section        8  __rtentry2.o(.ARM.Collect$$rtentry$$0000000D)
    .ARM.Collect$$rtexit$$00000000           0x0800027c   Section        2  rtexit.o(.ARM.Collect$$rtexit$$00000000)
    .ARM.Collect$$rtexit$$00000002           0x0800027e   Section        0  rtexit2.o(.ARM.Collect$$rtexit$$00000002)
    .ARM.Collect$$rtexit$$00000003           0x0800027e   Section        4  rtexit2.o(.ARM.Collect$$rtexit$$00000003)
    .ARM.Collect$$rtexit$$00000004           0x08000282   Section        6  rtexit2.o(.ARM.Collect$$rtexit$$00000004)
    .emb_text                                0x08000288   Section      436  hal_cm4.o(.emb_text)
    $v0                                      0x08000288   Number         0  hal_cm4.o(.emb_text)
    .text                                    0x0800043c   Section       64  startup_stm32f407xx.o(.text)
    $v0                                      0x0800043c   Number         0  startup_stm32f407xx.o(.text)
    .text                                    0x0800047c   Section        0  pdm_filter.o(.text)
    .text                                    0x08001078   Section        8  libspace.o(.text)
    .text                                    0x08001080   Section        0  noretval__2sprintf.o(.text)
    .text                                    0x080010a8   Section        0  __printf_wp.o(.text)
    .text                                    0x080011b6   Section      100  rt_memcpy_w.o(.text)
    .text                                    0x0800121a   Section        0  heapauxi.o(.text)
    .text                                    0x08001220   Section        0  _rserrno.o(.text)
    .text                                    0x08001236   Section        0  _printf_fp_dec.o(.text)
    _fp_digits                               0x08001239   Thumb Code   432  _printf_fp_dec.o(.text)
    .text                                    0x08001654   Section        0  _printf_char_common.o(.text)
    _printf_input_char                       0x08001655   Thumb Code    10  _printf_char_common.o(.text)
    .text                                    0x08001684   Section        0  _sputc.o(.text)
    .text                                    0x0800168e   Section       10  rt_locale_twolibspace.o(.text)
    .text                                    0x08001698   Section        4  rt_errno_addr_twolibspace.o(.text)
    .text                                    0x0800169c   Section      138  lludiv10.o(.text)
    .text                                    0x08001728   Section        0  _printf_fp_infnan.o(.text)
    .text                                    0x080017a8   Section        0  bigflt0.o(.text)
    .text                                    0x0800188c   Section       74  sys_stackheap_outer.o(.text)
    .text                                    0x080018d6   Section        0  exit.o(.text)
    .text                                    0x080018e8   Section      128  strcmpv7m.o(.text)
    .text                                    0x08001968   Section        0  sys_exit.o(.text)
    .text                                    0x08001974   Section        2  use_no_semi.o(.text)
    .text                                    0x08001976   Section        0  indicate_semi.o(.text)
    CL$$btod_d2e                             0x08001976   Section       62  btod.o(CL$$btod_d2e)
    CL$$btod_d2e_denorm_low                  0x080019b4   Section       70  btod.o(CL$$btod_d2e_denorm_low)
    CL$$btod_d2e_norm_op1                    0x080019fa   Section       96  btod.o(CL$$btod_d2e_norm_op1)
    CL$$btod_div_common                      0x08001a5a   Section      824  btod.o(CL$$btod_div_common)
    CL$$btod_e2e                             0x08001d92   Section      220  btod.o(CL$$btod_e2e)
    CL$$btod_ediv                            0x08001e6e   Section       42  btod.o(CL$$btod_ediv)
    CL$$btod_emul                            0x08001e98   Section       42  btod.o(CL$$btod_emul)
    CL$$btod_mult_common                     0x08001ec2   Section      580  btod.o(CL$$btod_mult_common)
    SVC_TABLE                                0x08002108   Section        4  svc_table.o(SVC_TABLE)
    i.DA_config                              0x0800210c   Section        0  config_kit_rtx_2.o(i.DA_config)
    i.Delay                                  0x08002150   Section        0  config_kit_rtx_2.o(i.Delay)
    i.LCD_config                             0x0800216c   Section        0  config_kit_rtx_2.o(i.LCD_config)
    i.LCD_ctrlWR                             0x080021c8   Section        0  config_kit_rtx_2.o(i.LCD_ctrlWR)
    i.LCD_dataWR                             0x080021ec   Section        0  config_kit_rtx_2.o(i.LCD_dataWR)
    i.LCD_ini                                0x08002210   Section        0  config_kit_rtx_2.o(i.LCD_ini)
    i.Mic_config                             0x08002278   Section        0  config_kit_rtx_2.o(i.Mic_config)
    i.SetSysClock                            0x080023b0   Section        0  system_stm32f4xx.o(i.SetSysClock)
    SetSysClock                              0x080023b1   Thumb Code   198  system_stm32f4xx.o(i.SetSysClock)
    i.SystemInit                             0x0800248c   Section        0  system_stm32f4xx.o(i.SystemInit)
    i.__ARM_fpclassify                       0x080024f4   Section        0  fpclassify.o(i.__ARM_fpclassify)
    i.__hardfp_log10f                        0x08002524   Section        0  log10f.o(i.__hardfp_log10f)
    i.__hardfp_sqrt                          0x080026a4   Section        0  sqrt.o(i.__hardfp_sqrt)
    i.__mathlib_flt_divzero                  0x08002720   Section        0  funder.o(i.__mathlib_flt_divzero)
    i.__mathlib_flt_infnan                   0x08002734   Section        0  funder.o(i.__mathlib_flt_infnan)
    i.__mathlib_flt_invalid                  0x0800273c   Section        0  funder.o(i.__mathlib_flt_invalid)
    i.__user_perthread_libspace              0x0800274c   Section        0  rtx_conf_cm.o(i.__user_perthread_libspace)
    i._init_box                              0x08002770   Section        0  rt_membox.o(i._init_box)
    i._is_digit                              0x080027b6   Section        0  __printf_wp.o(i._is_digit)
    i._mutex_acquire                         0x080027c4   Section        0  rtx_conf_cm.o(i._mutex_acquire)
    __tagsym$$used                           0x080027c5   Number         0  rtx_conf_cm.o(i._mutex_acquire)
    i._mutex_release                         0x080027e4   Section        0  rtx_conf_cm.o(i._mutex_release)
    __tagsym$$used                           0x080027e5   Number         0  rtx_conf_cm.o(i._mutex_release)
    i.dbg_init                               0x08002800   Section        0  hal_cm4.o(i.dbg_init)
    i.dbg_task_notify                        0x08002830   Section        0  hal_cm4.o(i.dbg_task_notify)
    i.dbg_task_switch                        0x08002850   Section        0  hal_cm4.o(i.dbg_task_switch)
    i.decode_PDM2PCM                         0x08002860   Section        0  config_kit_rtx_2.o(i.decode_PDM2PCM)
    i.init                                   0x080028a8   Section        0  novy_main.o(i.init)
    i.job1                                   0x0800294c   Section        0  novy_main.o(i.job1)
    i.job2                                   0x080029c4   Section        0  novy_main.o(i.job2)
    i.job3                                   0x08002b30   Section        0  novy_main.o(i.job3)
    i.main                                   0x08002b7c   Section        0  novy_main.o(i.main)
    i.os_error                               0x08002bb4   Section        0  rtx_conf_cm.o(i.os_error)
    i.os_idle_demon                          0x08002bb8   Section        0  rtx_conf_cm.o(i.os_idle_demon)
    i.os_tick_init                           0x08002bbc   Section        0  rt_system.o(i.os_tick_init)
    i.os_tick_irqack                         0x08002be4   Section        0  rt_system.o(i.os_tick_irqack)
    i.os_tmr_call                            0x08002be6   Section        0  rtx_conf_cm.o(i.os_tmr_call)
    i.puts_LCD                               0x08002be8   Section        0  config_kit_rtx_2.o(i.puts_LCD)
    i.read_data_mic                          0x08002c1c   Section        0  config_kit_rtx_2.o(i.read_data_mic)
    i.rt_alloc_box                           0x08002c58   Section        0  rt_membox.o(i.rt_alloc_box)
    i.rt_block                               0x08002c74   Section        0  rt_task.o(i.rt_block)
    i.rt_chk_robin                           0x08002cac   Section        0  rtx_conf_cm.o(i.rt_chk_robin)
    i.rt_dec_dly                             0x08002cb0   Section        0  rt_list.o(i.rt_dec_dly)
    i.rt_dispatch                            0x08002d24   Section        0  rt_task.o(i.rt_dispatch)
    i.rt_evt_psh                             0x08002d68   Section        0  rt_event.o(i.rt_evt_psh)
    i.rt_evt_set                             0x08002db4   Section        0  rt_event.o(i.rt_evt_set)
    i.rt_evt_wait                            0x08002e14   Section        0  rt_event.o(i.rt_evt_wait)
    i.rt_free_box                            0x08002e50   Section        0  rt_membox.o(i.rt_free_box)
    i.rt_get_first                           0x08002e70   Section        0  rt_list.o(i.rt_get_first)
    i.rt_init_context                        0x08002e98   Section        0  rt_task.o(i.rt_init_context)
    rt_init_context                          0x08002e99   Thumb Code    70  rt_task.o(i.rt_init_context)
    i.rt_init_robin                          0x08002ee4   Section        0  rtx_conf_cm.o(i.rt_init_robin)
    i.rt_init_stack                          0x08002ee8   Section        0  hal_cm4.o(i.rt_init_stack)
    i.rt_itv_set                             0x08002f38   Section        0  rt_time.o(i.rt_itv_set)
    i.rt_itv_wait                            0x08002f50   Section        0  rt_time.o(i.rt_itv_wait)
    i.rt_mbx_psh                             0x08002f78   Section        0  rt_mailbox.o(i.rt_mbx_psh)
    i.rt_mut_release                         0x0800304c   Section        0  rt_mutex.o(i.rt_mut_release)
    i.rt_mut_wait                            0x08003130   Section        0  rt_mutex.o(i.rt_mut_wait)
    i.rt_pop_req                             0x08003198   Section        0  rt_system.o(i.rt_pop_req)
    i.rt_put_dly                             0x08003214   Section        0  rt_list.o(i.rt_put_dly)
    i.rt_put_prio                            0x0800325c   Section        0  rt_list.o(i.rt_put_prio)
    i.rt_put_rdy_first                       0x08003294   Section        0  rt_list.o(i.rt_put_rdy_first)
    i.rt_resort_prio                         0x080032a8   Section        0  rt_list.o(i.rt_resort_prio)
    i.rt_rmv_dly                             0x080032dc   Section        0  rt_list.o(i.rt_rmv_dly)
    i.rt_rmv_list                            0x08003304   Section        0  rt_list.o(i.rt_rmv_list)
    i.rt_sem_psh                             0x08003334   Section        0  rt_semaphore.o(i.rt_sem_psh)
    i.rt_stk_check                           0x08003368   Section        0  rt_system.o(i.rt_stk_check)
    i.rt_switch_req                          0x0800338c   Section        0  rt_task.o(i.rt_switch_req)
    i.rt_sys_init                            0x080033b4   Section        0  rt_task.o(i.rt_sys_init)
    i.rt_systick                             0x08003508   Section        0  rt_system.o(i.rt_systick)
    i.rt_tmr_tick                            0x08003548   Section        0  rt_timer.o(i.rt_tmr_tick)
    i.rt_tsk_create                          0x08003588   Section        0  rt_task.o(i.rt_tsk_create)
    i.rt_tsk_delete                          0x08003618   Section        0  rt_task.o(i.rt_tsk_delete)
    i.rt_tsk_self                            0x08003784   Section        0  rt_task.o(i.rt_tsk_self)
    i.write_nibble                           0x08003794   Section        0  config_kit_rtx_2.o(i.write_nibble)
    i.write_nibble_res                       0x080037e0   Section        0  config_kit_rtx_2.o(i.write_nibble_res)
    locale$$code                             0x08003834   Section       44  lc_numeric_c.o(locale$$code)
    x$fpl$d2f                                0x08003860   Section       98  d2f.o(x$fpl$d2f)
    $v0                                      0x08003860   Number         0  d2f.o(x$fpl$d2f)
    x$fpl$dadd                               0x080038c4   Section      336  daddsub_clz.o(x$fpl$dadd)
    $v0                                      0x080038c4   Number         0  daddsub_clz.o(x$fpl$dadd)
    _dadd1                                   0x080038d5   Thumb Code     0  daddsub_clz.o(x$fpl$dadd)
    x$fpl$ddiv                               0x08003a14   Section      688  ddiv.o(x$fpl$ddiv)
    $v0                                      0x08003a14   Number         0  ddiv.o(x$fpl$ddiv)
    ddiv_entry                               0x08003a1b   Thumb Code     0  ddiv.o(x$fpl$ddiv)
    x$fpl$dfixu                              0x08003cc4   Section       90  dfixu.o(x$fpl$dfixu)
    $v0                                      0x08003cc4   Number         0  dfixu.o(x$fpl$dfixu)
    x$fpl$dfltu                              0x08003d1e   Section       38  dflt_clz.o(x$fpl$dfltu)
    $v0                                      0x08003d1e   Number         0  dflt_clz.o(x$fpl$dfltu)
    x$fpl$dmul                               0x08003d44   Section      340  dmul.o(x$fpl$dmul)
    $v0                                      0x08003d44   Number         0  dmul.o(x$fpl$dmul)
    x$fpl$dnaninf                            0x08003e98   Section      156  dnaninf.o(x$fpl$dnaninf)
    $v0                                      0x08003e98   Number         0  dnaninf.o(x$fpl$dnaninf)
    x$fpl$dretinf                            0x08003f34   Section       12  dretinf.o(x$fpl$dretinf)
    $v0                                      0x08003f34   Number         0  dretinf.o(x$fpl$dretinf)
    x$fpl$dsqrt                              0x08003f40   Section      408  dsqrt_umaal.o(x$fpl$dsqrt)
    $v0                                      0x08003f40   Number         0  dsqrt_umaal.o(x$fpl$dsqrt)
    x$fpl$dsub                               0x080040d8   Section      468  daddsub_clz.o(x$fpl$dsub)
    $v0                                      0x080040d8   Number         0  daddsub_clz.o(x$fpl$dsub)
    _dsub1                                   0x080040e9   Thumb Code     0  daddsub_clz.o(x$fpl$dsub)
    x$fpl$f2d                                0x080042ac   Section       86  f2d.o(x$fpl$f2d)
    $v0                                      0x080042ac   Number         0  f2d.o(x$fpl$f2d)
    x$fpl$fcheck1                            0x08004304   Section       12  fcheck1.o(x$fpl$fcheck1)
    $v0                                      0x08004304   Number         0  fcheck1.o(x$fpl$fcheck1)
    x$fpl$fnaninf                            0x08004310   Section      140  fnaninf.o(x$fpl$fnaninf)
    $v0                                      0x08004310   Number         0  fnaninf.o(x$fpl$fnaninf)
    x$fpl$fpinit                             0x0800439c   Section       10  fpinit.o(x$fpl$fpinit)
    $v0                                      0x0800439c   Number         0  fpinit.o(x$fpl$fpinit)
    x$fpl$fretinf                            0x080043a6   Section       10  fretinf.o(x$fpl$fretinf)
    $v0                                      0x080043a6   Number         0  fretinf.o(x$fpl$fretinf)
    x$fpl$printf1                            0x080043b0   Section        4  printf1.o(x$fpl$printf1)
    $v0                                      0x080043b0   Number         0  printf1.o(x$fpl$printf1)
    x$fpl$retnan                             0x080043b4   Section      100  retnan.o(x$fpl$retnan)
    $v0                                      0x080043b4   Number         0  retnan.o(x$fpl$retnan)
    x$fpl$scalbnf                            0x08004418   Section       76  scalbnf.o(x$fpl$scalbnf)
    $v0                                      0x08004418   Number         0  scalbnf.o(x$fpl$scalbnf)
    x$fpl$trapveneer                         0x08004464   Section       48  trapv.o(x$fpl$trapveneer)
    $v0                                      0x08004464   Number         0  trapv.o(x$fpl$trapveneer)
    .constdata                               0x08004494   Section       40  rtx_conf_cm.o(.constdata)
    x$fpl$usenofp                            0x08004494   Section        0  usenofp.o(x$fpl$usenofp)
    __tagsym$$used                           0x080044a8   Number         0  rtx_conf_cm.o(.constdata)
    __tagsym$$used                           0x080044ac   Number         0  rtx_conf_cm.o(.constdata)
    .constdata                               0x080044bc   Section        4  rt_system.o(.constdata)
    __tagsym$$used                           0x080044bc   Number         0  rt_system.o(.constdata)
    .constdata                               0x080044c0   Section       64  log10f.o(.constdata)
    logahi                                   0x080044c0   Data          32  log10f.o(.constdata)
    logalo                                   0x080044e0   Data          32  log10f.o(.constdata)
    .constdata                               0x08004500   Section      148  bigflt0.o(.constdata)
    tenpwrs_x                                0x08004500   Data          60  bigflt0.o(.constdata)
    tenpwrs_i                                0x0800453c   Data          64  bigflt0.o(.constdata)
    locale$$data                             0x080045b4   Section       28  lc_numeric_c.o(locale$$data)
    __lcnum_c_name                           0x080045b8   Data           2  lc_numeric_c.o(locale$$data)
    __lcnum_c_start                          0x080045c0   Data           0  lc_numeric_c.o(locale$$data)
    __lcnum_c_point                          0x080045cc   Data           0  lc_numeric_c.o(locale$$data)
    __lcnum_c_thousands                      0x080045ce   Data           0  lc_numeric_c.o(locale$$data)
    __lcnum_c_grouping                       0x080045cf   Data           0  lc_numeric_c.o(locale$$data)
    __lcnum_c_end                            0x080045d0   Data           0  lc_numeric_c.o(locale$$data)
    .data                                    0x20000000   Section        8  rtx_conf_cm.o(.data)
    nr_mutex                                 0x20000004   Data           4  rtx_conf_cm.o(.data)
    .data                                    0x20000008   Section       16  novy_main.o(.data)
    .data                                    0x20000018   Section      772  pdm_filter.o(.data)
    .data                                    0x2000031c   Section        8  rt_task.o(.data)
    .data                                    0x20000324   Section        4  rt_time.o(.data)
    .data                                    0x20000328   Section        1  hal_cm4.o(.data)
    .data                                    0x2000032c   Section        8  rt_system.o(.data)
    os_lock                                  0x2000032c   Data           1  rt_system.o(.data)
    os_psh_flag                              0x2000032d   Data           1  rt_system.o(.data)
    pend_flags                               0x2000032e   Data           1  rt_system.o(.data)
    .data                                    0x20000334   Section        8  rt_timer.o(.data)
    .bss                                     0x20000340   Section     6056  rtx_conf_cm.o(.bss)
    std_libspace                             0x200018e8   Data         384  rtx_conf_cm.o(.bss)
    std_libmutex                             0x20001a68   Data         128  rtx_conf_cm.o(.bss)
    .bss                                     0x20001ae8   Section       52  config_kit_rtx_2.o(.bss)
    .bss                                     0x20001b1c   Section    18432  novy_main.o(.bss)
    .bss                                     0x2000631c   Section       56  rt_task.o(.bss)
    .bss                                     0x20006354   Section       48  rt_list.o(.bss)
    .bss                                     0x20006384   Section       96  libspace.o(.bss)
    HEAP                                     0x200063e8   Section      512  startup_stm32f407xx.o(HEAP)
    Heap_Mem                                 0x200063e8   Data         512  startup_stm32f407xx.o(HEAP)
    STACK                                    0x200065e8   Section     1024  startup_stm32f407xx.o(STACK)
    Stack_Mem                                0x200065e8   Data        1024  startup_stm32f407xx.o(STACK)
    __initial_sp                             0x200069e8   Data           0  startup_stm32f407xx.o(STACK)

    Global Symbols

    Symbol Name                              Value     Ov Type        Size  Object(Section)

    BuildAttributes$$THM_ISAv4$E$P$D$K$B$S$7EM$VFPi3$EXTD16$VFPS$VFMA$PE$A:L22UL41UL21$X:L11$S22US41US21$IEEE1$IW$USESV6$~STKCKD$USESV7$~SHL$OTIME$ROPI$IEEEX$EBA8$UX$STANDARDLIB$REQ8$PRES8$EABIv2 0x00000000   Number         0  anon$$obj.o ABSOLUTE
    __ARM_use_no_argv                        0x00000000   Number         0  novy_main.o ABSOLUTE
    _printf_flags                            0x00000000   Number         0  printf_stubs.o ABSOLUTE
    _printf_return_value                     0x00000000   Number         0  printf_stubs.o ABSOLUTE
    _printf_sizespec                         0x00000000   Number         0  printf_stubs.o ABSOLUTE
    _printf_widthprec                        0x00000000   Number         0  printf_stubs.o ABSOLUTE
    __ARM_exceptions_init                     - Undefined Weak Reference
    __alloca_initialize                       - Undefined Weak Reference
    __arm_preinit_                            - Undefined Weak Reference
    __cpp_initialize__aeabi_                  - Undefined Weak Reference
    __cxa_finalize                            - Undefined Weak Reference
    __sigvec_lookup                           - Undefined Weak Reference
    _atexit_init                              - Undefined Weak Reference
    _call_atexit_fns                          - Undefined Weak Reference
    _clock_init                               - Undefined Weak Reference
    _fp_trap_init                             - Undefined Weak Reference
    _fp_trap_shutdown                         - Undefined Weak Reference
    _get_lc_collate                           - Undefined Weak Reference
    _get_lc_ctype                             - Undefined Weak Reference
    _get_lc_monetary                          - Undefined Weak Reference
    _get_lc_time                              - Undefined Weak Reference
    _getenv_init                              - Undefined Weak Reference
    _handle_redirection                       - Undefined Weak Reference
    _init_alloc                               - Undefined Weak Reference
    _init_user_alloc                          - Undefined Weak Reference
    _initio                                   - Undefined Weak Reference
    _printf_post_padding                      - Undefined Weak Reference
    _printf_pre_padding                       - Undefined Weak Reference
    _rand_init                                - Undefined Weak Reference
    _signal_finish                            - Undefined Weak Reference
    _signal_init                              - Undefined Weak Reference
    _terminate_alloc                          - Undefined Weak Reference
    _terminate_user_alloc                     - Undefined Weak Reference
    _terminateio                              - Undefined Weak Reference
    __Vectors_Size                           0x00000188   Number         0  startup_stm32f407xx.o ABSOLUTE
    __RL_RTX_VER                             0x00000475   Number         0  rt_system.o ABSOLUTE
    __Vectors                                0x08000000   Data           4  startup_stm32f407xx.o(RESET)
    __Vectors_End                            0x08000188   Data           0  startup_stm32f407xx.o(RESET)
    __main                                   0x08000189   Thumb Code     8  __main.o(!!!main)
    __scatterload                            0x08000191   Thumb Code     0  __scatter.o(!!!scatter)
    __scatterload_rt2                        0x08000191   Thumb Code    44  __scatter.o(!!!scatter)
    __scatterload_rt2_thumb_only             0x08000191   Thumb Code     0  __scatter.o(!!!scatter)
    __scatterload_null                       0x0800019f   Thumb Code     0  __scatter.o(!!!scatter)
    __decompress                             0x080001c5   Thumb Code   100  __dclz77c.o(!!dclz77c)
    __decompress2                            0x080001c5   Thumb Code     0  __dclz77c.o(!!dclz77c)
    __scatterload_zeroinit                   0x08000229   Thumb Code    28  __scatter_zi.o(!!handler_zi)
    _printf_f                                0x08000245   Thumb Code     0  _printf_f.o(.ARM.Collect$$_printf_percent$$00000003)
    _printf_percent                          0x08000245   Thumb Code     0  _printf_percent.o(.ARM.Collect$$_printf_percent$$00000000)
    _printf_percent_end                      0x0800024b   Thumb Code     0  _printf_percent_end.o(.ARM.Collect$$_printf_percent$$00000017)
    __rt_lib_init                            0x0800024f   Thumb Code     0  libinit.o(.ARM.Collect$$libinit$$00000000)
    __rt_lib_init_fp_1                       0x08000251   Thumb Code     0  libinit2.o(.ARM.Collect$$libinit$$00000001)
    __rt_lib_init_heap_1                     0x08000255   Thumb Code     0  libinit2.o(.ARM.Collect$$libinit$$0000000A)
    __rt_lib_init_lc_common                  0x08000255   Thumb Code     0  libinit2.o(.ARM.Collect$$libinit$$0000000F)
    __rt_lib_init_preinit_1                  0x08000255   Thumb Code     0  libinit2.o(.ARM.Collect$$libinit$$00000004)
    __rt_lib_init_rand_1                     0x08000255   Thumb Code     0  libinit2.o(.ARM.Collect$$libinit$$0000000E)
    __rt_lib_init_user_alloc_1               0x08000255   Thumb Code     0  libinit2.o(.ARM.Collect$$libinit$$0000000C)
    __rt_lib_init_lc_collate_1               0x0800025b   Thumb Code     0  libinit2.o(.ARM.Collect$$libinit$$00000011)
    __rt_lib_init_lc_ctype_1                 0x0800025b   Thumb Code     0  libinit2.o(.ARM.Collect$$libinit$$00000013)
    __rt_lib_init_lc_monetary_1              0x0800025b   Thumb Code     0  libinit2.o(.ARM.Collect$$libinit$$00000015)
    __rt_lib_init_lc_numeric_2               0x0800025b   Thumb Code     0  libinit2.o(.ARM.Collect$$libinit$$00000016)
    __rt_lib_init_alloca_1                   0x08000265   Thumb Code     0  libinit2.o(.ARM.Collect$$libinit$$0000002E)
    __rt_lib_init_argv_1                     0x08000265   Thumb Code     0  libinit2.o(.ARM.Collect$$libinit$$0000002C)
    __rt_lib_init_atexit_1                   0x08000265   Thumb Code     0  libinit2.o(.ARM.Collect$$libinit$$0000001B)
    __rt_lib_init_clock_1                    0x08000265   Thumb Code     0  libinit2.o(.ARM.Collect$$libinit$$00000021)
    __rt_lib_init_cpp_1                      0x08000265   Thumb Code     0  libinit2.o(.ARM.Collect$$libinit$$00000032)
    __rt_lib_init_exceptions_1               0x08000265   Thumb Code     0  libinit2.o(.ARM.Collect$$libinit$$00000030)
    __rt_lib_init_fp_trap_1                  0x08000265   Thumb Code     0  libinit2.o(.ARM.Collect$$libinit$$0000001F)
    __rt_lib_init_getenv_1                   0x08000265   Thumb Code     0  libinit2.o(.ARM.Collect$$libinit$$00000023)
    __rt_lib_init_lc_numeric_1               0x08000265   Thumb Code     0  libinit2.o(.ARM.Collect$$libinit$$00000017)
    __rt_lib_init_lc_time_1                  0x08000265   Thumb Code     0  libinit2.o(.ARM.Collect$$libinit$$00000019)
    __rt_lib_init_return                     0x08000265   Thumb Code     0  libinit2.o(.ARM.Collect$$libinit$$00000033)
    __rt_lib_init_signal_1                   0x08000265   Thumb Code     0  libinit2.o(.ARM.Collect$$libinit$$0000001D)
    __rt_lib_init_stdio_1                    0x08000265   Thumb Code     0  libinit2.o(.ARM.Collect$$libinit$$00000025)
    __rt_lib_shutdown                        0x08000267   Thumb Code     0  libshutdown.o(.ARM.Collect$$libshutdown$$00000000)
    __rt_lib_shutdown_cpp_1                  0x08000269   Thumb Code     0  libshutdown2.o(.ARM.Collect$$libshutdown$$00000002)
    __rt_lib_shutdown_fp_trap_1              0x08000269   Thumb Code     0  libshutdown2.o(.ARM.Collect$$libshutdown$$00000007)
    __rt_lib_shutdown_heap_1                 0x08000269   Thumb Code     0  libshutdown2.o(.ARM.Collect$$libshutdown$$0000000F)
    __rt_lib_shutdown_return                 0x08000269   Thumb Code     0  libshutdown2.o(.ARM.Collect$$libshutdown$$00000010)
    __rt_lib_shutdown_signal_1               0x08000269   Thumb Code     0  libshutdown2.o(.ARM.Collect$$libshutdown$$0000000A)
    __rt_lib_shutdown_stdio_1                0x08000269   Thumb Code     0  libshutdown2.o(.ARM.Collect$$libshutdown$$00000004)
    __rt_lib_shutdown_user_alloc_1           0x08000269   Thumb Code     0  libshutdown2.o(.ARM.Collect$$libshutdown$$0000000C)
    __rt_entry                               0x0800026b   Thumb Code     0  __rtentry.o(.ARM.Collect$$rtentry$$00000000)
    __rt_entry_presh_1                       0x0800026b   Thumb Code     0  __rtentry2.o(.ARM.Collect$$rtentry$$00000002)
    __rt_entry_sh                            0x0800026b   Thumb Code     0  __rtentry4.o(.ARM.Collect$$rtentry$$00000004)
    __rt_entry_li                            0x08000271   Thumb Code     0  __rtentry2.o(.ARM.Collect$$rtentry$$0000000A)
    __rt_entry_postsh_1                      0x08000271   Thumb Code     0  __rtentry2.o(.ARM.Collect$$rtentry$$00000009)
    __rt_entry_main                          0x08000275   Thumb Code     0  __rtentry2.o(.ARM.Collect$$rtentry$$0000000D)
    __rt_entry_postli_1                      0x08000275   Thumb Code     0  __rtentry2.o(.ARM.Collect$$rtentry$$0000000C)
    __rt_exit                                0x0800027d   Thumb Code     0  rtexit.o(.ARM.Collect$$rtexit$$00000000)
    __rt_exit_ls                             0x0800027f   Thumb Code     0  rtexit2.o(.ARM.Collect$$rtexit$$00000003)
    __rt_exit_prels_1                        0x0800027f   Thumb Code     0  rtexit2.o(.ARM.Collect$$rtexit$$00000002)
    __rt_exit_exit                           0x08000283   Thumb Code     0  rtexit2.o(.ARM.Collect$$rtexit$$00000004)
    rt_set_PSP                               0x08000289   Thumb Code     6  hal_cm4.o(.emb_text)
    rt_get_PSP                               0x0800028f   Thumb Code     6  hal_cm4.o(.emb_text)
    os_set_env                               0x08000295   Thumb Code    24  hal_cm4.o(.emb_text)
    _alloc_box                               0x080002b1   Thumb Code    28  hal_cm4.o(.emb_text)
    _free_box                                0x080002d1   Thumb Code    28  hal_cm4.o(.emb_text)
    SVC_Handler                              0x080002f1   Thumb Code   180  hal_cm4.o(.emb_text)
    PendSV_Handler                           0x080003b5   Thumb Code   112  hal_cm4.o(.emb_text)
    SysTick_Handler                          0x08000429   Thumb Code     8  hal_cm4.o(.emb_text)
    OS_Tick_Handler                          0x08000431   Thumb Code    12  hal_cm4.o(.emb_text)
    Reset_Handler                            0x0800043d   Thumb Code     8  startup_stm32f407xx.o(.text)
    NMI_Handler                              0x08000445   Thumb Code     2  startup_stm32f407xx.o(.text)
    HardFault_Handler                        0x08000447   Thumb Code     2  startup_stm32f407xx.o(.text)
    MemManage_Handler                        0x08000449   Thumb Code     2  startup_stm32f407xx.o(.text)
    BusFault_Handler                         0x0800044b   Thumb Code     2  startup_stm32f407xx.o(.text)
    UsageFault_Handler                       0x0800044d   Thumb Code     2  startup_stm32f407xx.o(.text)
    DebugMon_Handler                         0x08000451   Thumb Code     2  startup_stm32f407xx.o(.text)
    ADC_IRQHandler                           0x08000457   Thumb Code     0  startup_stm32f407xx.o(.text)
    CAN1_RX0_IRQHandler                      0x08000457   Thumb Code     0  startup_stm32f407xx.o(.text)
    CAN1_RX1_IRQHandler                      0x08000457   Thumb Code     0  startup_stm32f407xx.o(.text)
    CAN1_SCE_IRQHandler                      0x08000457   Thumb Code     0  startup_stm32f407xx.o(.text)
    CAN1_TX_IRQHandler                       0x08000457   Thumb Code     0  startup_stm32f407xx.o(.text)
    CAN2_RX0_IRQHandler                      0x08000457   Thumb Code     0  startup_stm32f407xx.o(.text)
    CAN2_RX1_IRQHandler                      0x08000457   Thumb Code     0  startup_stm32f407xx.o(.text)
    CAN2_SCE_IRQHandler                      0x08000457   Thumb Code     0  startup_stm32f407xx.o(.text)
    CAN2_TX_IRQHandler                       0x08000457   Thumb Code     0  startup_stm32f407xx.o(.text)
    DCMI_IRQHandler                          0x08000457   Thumb Code     0  startup_stm32f407xx.o(.text)
    DMA1_Stream0_IRQHandler                  0x08000457   Thumb Code     0  startup_stm32f407xx.o(.text)
    DMA1_Stream1_IRQHandler                  0x08000457   Thumb Code     0  startup_stm32f407xx.o(.text)
    DMA1_Stream2_IRQHandler                  0x08000457   Thumb Code     0  startup_stm32f407xx.o(.text)
    DMA1_Stream3_IRQHandler                  0x08000457   Thumb Code     0  startup_stm32f407xx.o(.text)
    DMA1_Stream4_IRQHandler                  0x08000457   Thumb Code     0  startup_stm32f407xx.o(.text)
    DMA1_Stream5_IRQHandler                  0x08000457   Thumb Code     0  startup_stm32f407xx.o(.text)
    DMA1_Stream6_IRQHandler                  0x08000457   Thumb Code     0  startup_stm32f407xx.o(.text)
    DMA1_Stream7_IRQHandler                  0x08000457   Thumb Code     0  startup_stm32f407xx.o(.text)
    DMA2_Stream0_IRQHandler                  0x08000457   Thumb Code     0  startup_stm32f407xx.o(.text)
    DMA2_Stream1_IRQHandler                  0x08000457   Thumb Code     0  startup_stm32f407xx.o(.text)
    DMA2_Stream2_IRQHandler                  0x08000457   Thumb Code     0  startup_stm32f407xx.o(.text)
    DMA2_Stream3_IRQHandler                  0x08000457   Thumb Code     0  startup_stm32f407xx.o(.text)
    DMA2_Stream4_IRQHandler                  0x08000457   Thumb Code     0  startup_stm32f407xx.o(.text)
    DMA2_Stream5_IRQHandler                  0x08000457   Thumb Code     0  startup_stm32f407xx.o(.text)
    DMA2_Stream6_IRQHandler                  0x08000457   Thumb Code     0  startup_stm32f407xx.o(.text)
    DMA2_Stream7_IRQHandler                  0x08000457   Thumb Code     0  startup_stm32f407xx.o(.text)
    ETH_IRQHandler                           0x08000457   Thumb Code     0  startup_stm32f407xx.o(.text)
    ETH_WKUP_IRQHandler                      0x08000457   Thumb Code     0  startup_stm32f407xx.o(.text)
    EXTI0_IRQHandler                         0x08000457   Thumb Code     0  startup_stm32f407xx.o(.text)
    EXTI15_10_IRQHandler                     0x08000457   Thumb Code     0  startup_stm32f407xx.o(.text)
    EXTI1_IRQHandler                         0x08000457   Thumb Code     0  startup_stm32f407xx.o(.text)
    EXTI2_IRQHandler                         0x08000457   Thumb Code     0  startup_stm32f407xx.o(.text)
    EXTI3_IRQHandler                         0x08000457   Thumb Code     0  startup_stm32f407xx.o(.text)
    EXTI4_IRQHandler                         0x08000457   Thumb Code     0  startup_stm32f407xx.o(.text)
    EXTI9_5_IRQHandler                       0x08000457   Thumb Code     0  startup_stm32f407xx.o(.text)
    FLASH_IRQHandler                         0x08000457   Thumb Code     0  startup_stm32f407xx.o(.text)
    FMC_IRQHandler                           0x08000457   Thumb Code     0  startup_stm32f407xx.o(.text)
    FPU_IRQHandler                           0x08000457   Thumb Code     0  startup_stm32f407xx.o(.text)
    HASH_RNG_IRQHandler                      0x08000457   Thumb Code     0  startup_stm32f407xx.o(.text)
    I2C1_ER_IRQHandler                       0x08000457   Thumb Code     0  startup_stm32f407xx.o(.text)
    I2C1_EV_IRQHandler                       0x08000457   Thumb Code     0  startup_stm32f407xx.o(.text)
    I2C2_ER_IRQHandler                       0x08000457   Thumb Code     0  startup_stm32f407xx.o(.text)
    I2C2_EV_IRQHandler                       0x08000457   Thumb Code     0  startup_stm32f407xx.o(.text)
    I2C3_ER_IRQHandler                       0x08000457   Thumb Code     0  startup_stm32f407xx.o(.text)
    I2C3_EV_IRQHandler                       0x08000457   Thumb Code     0  startup_stm32f407xx.o(.text)
    OTG_FS_IRQHandler                        0x08000457   Thumb Code     0  startup_stm32f407xx.o(.text)
    OTG_FS_WKUP_IRQHandler                   0x08000457   Thumb Code     0  startup_stm32f407xx.o(.text)
    OTG_HS_EP1_IN_IRQHandler                 0x08000457   Thumb Code     0  startup_stm32f407xx.o(.text)
    OTG_HS_EP1_OUT_IRQHandler                0x08000457   Thumb Code     0  startup_stm32f407xx.o(.text)
    OTG_HS_IRQHandler                        0x08000457   Thumb Code     0  startup_stm32f407xx.o(.text)
    OTG_HS_WKUP_IRQHandler                   0x08000457   Thumb Code     0  startup_stm32f407xx.o(.text)
    PVD_IRQHandler                           0x08000457   Thumb Code     0  startup_stm32f407xx.o(.text)
    RCC_IRQHandler                           0x08000457   Thumb Code     0  startup_stm32f407xx.o(.text)
    RTC_Alarm_IRQHandler                     0x08000457   Thumb Code     0  startup_stm32f407xx.o(.text)
    RTC_WKUP_IRQHandler                      0x08000457   Thumb Code     0  startup_stm32f407xx.o(.text)
    SDIO_IRQHandler                          0x08000457   Thumb Code     0  startup_stm32f407xx.o(.text)
    SPI1_IRQHandler                          0x08000457   Thumb Code     0  startup_stm32f407xx.o(.text)
    SPI2_IRQHandler                          0x08000457   Thumb Code     0  startup_stm32f407xx.o(.text)
    SPI3_IRQHandler                          0x08000457   Thumb Code     0  startup_stm32f407xx.o(.text)
    TAMP_STAMP_IRQHandler                    0x08000457   Thumb Code     0  startup_stm32f407xx.o(.text)
    TIM1_BRK_TIM9_IRQHandler                 0x08000457   Thumb Code     0  startup_stm32f407xx.o(.text)
    TIM1_CC_IRQHandler                       0x08000457   Thumb Code     0  startup_stm32f407xx.o(.text)
    TIM1_TRG_COM_TIM11_IRQHandler            0x08000457   Thumb Code     0  startup_stm32f407xx.o(.text)
    TIM1_UP_TIM10_IRQHandler                 0x08000457   Thumb Code     0  startup_stm32f407xx.o(.text)
    TIM2_IRQHandler                          0x08000457   Thumb Code     0  startup_stm32f407xx.o(.text)
    TIM3_IRQHandler                          0x08000457   Thumb Code     0  startup_stm32f407xx.o(.text)
    TIM4_IRQHandler                          0x08000457   Thumb Code     0  startup_stm32f407xx.o(.text)
    TIM5_IRQHandler                          0x08000457   Thumb Code     0  startup_stm32f407xx.o(.text)
    TIM6_DAC_IRQHandler                      0x08000457   Thumb Code     0  startup_stm32f407xx.o(.text)
    TIM7_IRQHandler                          0x08000457   Thumb Code     0  startup_stm32f407xx.o(.text)
    TIM8_BRK_TIM12_IRQHandler                0x08000457   Thumb Code     0  startup_stm32f407xx.o(.text)
    TIM8_CC_IRQHandler                       0x08000457   Thumb Code     0  startup_stm32f407xx.o(.text)
    TIM8_TRG_COM_TIM14_IRQHandler            0x08000457   Thumb Code     0  startup_stm32f407xx.o(.text)
    TIM8_UP_TIM13_IRQHandler                 0x08000457   Thumb Code     0  startup_stm32f407xx.o(.text)
    UART4_IRQHandler                         0x08000457   Thumb Code     0  startup_stm32f407xx.o(.text)
    UART5_IRQHandler                         0x08000457   Thumb Code     0  startup_stm32f407xx.o(.text)
    USART1_IRQHandler                        0x08000457   Thumb Code     0  startup_stm32f407xx.o(.text)
    USART2_IRQHandler                        0x08000457   Thumb Code     0  startup_stm32f407xx.o(.text)
    USART3_IRQHandler                        0x08000457   Thumb Code     0  startup_stm32f407xx.o(.text)
    USART6_IRQHandler                        0x08000457   Thumb Code     0  startup_stm32f407xx.o(.text)
    WWDG_IRQHandler                          0x08000457   Thumb Code     0  startup_stm32f407xx.o(.text)
    __user_initial_stackheap                 0x08000459   Thumb Code     0  startup_stm32f407xx.o(.text)
    PDM_Filter_Init                          0x0800047d   Thumb Code   222  pdm_filter.o(.text)
    PDM_Filter_64_LSB                        0x0800055b   Thumb Code   660  pdm_filter.o(.text)
    PDM_Filter_80_LSB                        0x080007ef   Thumb Code   692  pdm_filter.o(.text)
    PDM_Filter_64_MSB                        0x08000aa3   Thumb Code   658  pdm_filter.o(.text)
    PDM_Filter_80_MSB                        0x08000d35   Thumb Code   830  pdm_filter.o(.text)
    __user_libspace                          0x08001079   Thumb Code     8  libspace.o(.text)
    __user_perproc_libspace                  0x08001079   Thumb Code     0  libspace.o(.text)
    __2sprintf                               0x08001081   Thumb Code    34  noretval__2sprintf.o(.text)
    __printf                                 0x080010a9   Thumb Code   270  __printf_wp.o(.text)
    __aeabi_memcpy4                          0x080011b7   Thumb Code     0  rt_memcpy_w.o(.text)
    __aeabi_memcpy8                          0x080011b7   Thumb Code     0  rt_memcpy_w.o(.text)
    __rt_memcpy_w                            0x080011b7   Thumb Code   100  rt_memcpy_w.o(.text)
    _memcpy_lastbytes_aligned                0x080011ff   Thumb Code     0  rt_memcpy_w.o(.text)
    __use_two_region_memory                  0x0800121b   Thumb Code     2  heapauxi.o(.text)
    __rt_heap_escrow$2region                 0x0800121d   Thumb Code     2  heapauxi.o(.text)
    __rt_heap_expand$2region                 0x0800121f   Thumb Code     2  heapauxi.o(.text)
    __read_errno                             0x08001221   Thumb Code    10  _rserrno.o(.text)
    __set_errno                              0x0800122b   Thumb Code    12  _rserrno.o(.text)
    __lib_sel_fp_printf                      0x08001237   Thumb Code     2  _printf_fp_dec.o(.text)
    _printf_fp_dec_real                      0x080013e9   Thumb Code   620  _printf_fp_dec.o(.text)
    _printf_char_common                      0x0800165f   Thumb Code    32  _printf_char_common.o(.text)
    _sputc                                   0x08001685   Thumb Code    10  _sputc.o(.text)
    __rt_locale                              0x0800168f   Thumb Code    10  rt_locale_twolibspace.o(.text)
    __aeabi_errno_addr                       0x08001699   Thumb Code     4  rt_errno_addr_twolibspace.o(.text)
    __errno$twolibspace                      0x08001699   Thumb Code     0  rt_errno_addr_twolibspace.o(.text)
    __rt_errno_addr$twolibspace              0x08001699   Thumb Code     0  rt_errno_addr_twolibspace.o(.text)
    _ll_udiv10                               0x0800169d   Thumb Code   138  lludiv10.o(.text)
    _printf_fp_infnan                        0x08001729   Thumb Code   112  _printf_fp_infnan.o(.text)
    _btod_etento                             0x080017a9   Thumb Code   224  bigflt0.o(.text)
    __user_setup_stackheap                   0x0800188d   Thumb Code    74  sys_stackheap_outer.o(.text)
    exit                                     0x080018d7   Thumb Code    18  exit.o(.text)
    strcmp                                   0x080018e9   Thumb Code   128  strcmpv7m.o(.text)
    _sys_exit                                0x08001969   Thumb Code     8  sys_exit.o(.text)
    __I$use$semihosting                      0x08001975   Thumb Code     0  use_no_semi.o(.text)
    __use_no_semihosting_swi                 0x08001975   Thumb Code     2  use_no_semi.o(.text)
    __semihosting_library_function           0x08001977   Thumb Code     0  indicate_semi.o(.text)
    _btod_d2e                                0x08001977   Thumb Code    62  btod.o(CL$$btod_d2e)
    _d2e_denorm_low                          0x080019b5   Thumb Code    70  btod.o(CL$$btod_d2e_denorm_low)
    _d2e_norm_op1                            0x080019fb   Thumb Code    96  btod.o(CL$$btod_d2e_norm_op1)
    __btod_div_common                        0x08001a5b   Thumb Code   696  btod.o(CL$$btod_div_common)
    _e2e                                     0x08001d93   Thumb Code   220  btod.o(CL$$btod_e2e)
    _btod_ediv                               0x08001e6f   Thumb Code    42  btod.o(CL$$btod_ediv)
    _btod_emul                               0x08001e99   Thumb Code    42  btod.o(CL$$btod_emul)
    __btod_mult_common                       0x08001ec3   Thumb Code   580  btod.o(CL$$btod_mult_common)
    SVC_Count                                0x08002108   Data           4  svc_table.o(SVC_TABLE)
    DA_config                                0x0800210d   Thumb Code    54  config_kit_rtx_2.o(i.DA_config)
    SVC_Table                                0x0800210c   Data           0  svc_table.o(SVC_TABLE)
    Delay                                    0x08002151   Thumb Code    20  config_kit_rtx_2.o(i.Delay)
    LCD_config                               0x0800216d   Thumb Code    72  config_kit_rtx_2.o(i.LCD_config)
    LCD_ctrlWR                               0x080021c9   Thumb Code    32  config_kit_rtx_2.o(i.LCD_ctrlWR)
    LCD_dataWR                               0x080021ed   Thumb Code    30  config_kit_rtx_2.o(i.LCD_dataWR)
    LCD_ini                                  0x08002211   Thumb Code    98  config_kit_rtx_2.o(i.LCD_ini)
    Mic_config                               0x08002279   Thumb Code   282  config_kit_rtx_2.o(i.Mic_config)
    SystemInit                               0x0800248d   Thumb Code    88  system_stm32f4xx.o(i.SystemInit)
    __ARM_fpclassify                         0x080024f5   Thumb Code    48  fpclassify.o(i.__ARM_fpclassify)
    __hardfp_log10f                          0x08002525   Thumb Code   332  log10f.o(i.__hardfp_log10f)
    __hardfp_sqrt                            0x080026a5   Thumb Code   122  sqrt.o(i.__hardfp_sqrt)
    __mathlib_flt_divzero                    0x08002721   Thumb Code    14  funder.o(i.__mathlib_flt_divzero)
    __mathlib_flt_infnan                     0x08002735   Thumb Code     6  funder.o(i.__mathlib_flt_infnan)
    __mathlib_flt_invalid                    0x0800273d   Thumb Code    10  funder.o(i.__mathlib_flt_invalid)
    __user_perthread_libspace                0x0800274d   Thumb Code    26  rtx_conf_cm.o(i.__user_perthread_libspace)
    _init_box                                0x08002771   Thumb Code    70  rt_membox.o(i._init_box)
    _is_digit                                0x080027b7   Thumb Code    14  __printf_wp.o(i._is_digit)
    _mutex_acquire                           0x080027c5   Thumb Code    26  rtx_conf_cm.o(i._mutex_acquire)
    _mutex_release                           0x080027e5   Thumb Code    22  rtx_conf_cm.o(i._mutex_release)
    dbg_init                                 0x08002801   Thumb Code    34  hal_cm4.o(i.dbg_init)
    dbg_task_notify                          0x08002831   Thumb Code    32  hal_cm4.o(i.dbg_task_notify)
    dbg_task_switch                          0x08002851   Thumb Code    16  hal_cm4.o(i.dbg_task_switch)
    decode_PDM2PCM                           0x08002861   Thumb Code    68  config_kit_rtx_2.o(i.decode_PDM2PCM)
    init                                     0x080028a9   Thumb Code   108  novy_main.o(i.init)
    job1                                     0x0800294d   Thumb Code    90  novy_main.o(i.job1)
    job2                                     0x080029c5   Thumb Code   276  novy_main.o(i.job2)
    job3                                     0x08002b31   Thumb Code    56  novy_main.o(i.job3)
    main                                     0x08002b7d   Thumb Code    42  novy_main.o(i.main)
    os_error                                 0x08002bb5   Thumb Code     4  rtx_conf_cm.o(i.os_error)
    os_idle_demon                            0x08002bb9   Thumb Code     4  rtx_conf_cm.o(i.os_idle_demon)
    os_tick_init                             0x08002bbd   Thumb Code    32  rt_system.o(i.os_tick_init)
    os_tick_irqack                           0x08002be5   Thumb Code     2  rt_system.o(i.os_tick_irqack)
    os_tmr_call                              0x08002be7   Thumb Code     2  rtx_conf_cm.o(i.os_tmr_call)
    puts_LCD                                 0x08002be9   Thumb Code    50  config_kit_rtx_2.o(i.puts_LCD)
    read_data_mic                            0x08002c1d   Thumb Code    56  config_kit_rtx_2.o(i.read_data_mic)
    rt_alloc_box                             0x08002c59   Thumb Code    26  rt_membox.o(i.rt_alloc_box)
    rt_block                                 0x08002c75   Thumb Code    48  rt_task.o(i.rt_block)
    rt_chk_robin                             0x08002cad   Thumb Code     2  rtx_conf_cm.o(i.rt_chk_robin)
    rt_dec_dly                               0x08002cb1   Thumb Code   106  rt_list.o(i.rt_dec_dly)
    rt_dispatch                              0x08002d25   Thumb Code    60  rt_task.o(i.rt_dispatch)
    rt_evt_psh                               0x08002d69   Thumb Code    72  rt_event.o(i.rt_evt_psh)
    rt_evt_set                               0x08002db5   Thumb Code    90  rt_event.o(i.rt_evt_set)
    rt_evt_wait                              0x08002e15   Thumb Code    56  rt_event.o(i.rt_evt_wait)
    rt_free_box                              0x08002e51   Thumb Code    32  rt_membox.o(i.rt_free_box)
    rt_get_first                             0x08002e71   Thumb Code    40  rt_list.o(i.rt_get_first)
    rt_init_robin                            0x08002ee5   Thumb Code     2  rtx_conf_cm.o(i.rt_init_robin)
    rt_init_stack                            0x08002ee9   Thumb Code    70  hal_cm4.o(i.rt_init_stack)
    rt_itv_set                               0x08002f39   Thumb Code    16  rt_time.o(i.rt_itv_set)
    rt_itv_wait                              0x08002f51   Thumb Code    32  rt_time.o(i.rt_itv_wait)
    rt_mbx_psh                               0x08002f79   Thumb Code   206  rt_mailbox.o(i.rt_mbx_psh)
    rt_mut_release                           0x0800304d   Thumb Code   220  rt_mutex.o(i.rt_mut_release)
    rt_mut_wait                              0x08003131   Thumb Code   100  rt_mutex.o(i.rt_mut_wait)
    rt_pop_req                               0x08003199   Thumb Code   112  rt_system.o(i.rt_pop_req)
    rt_put_dly                               0x08003215   Thumb Code    68  rt_list.o(i.rt_put_dly)
    rt_put_prio                              0x0800325d   Thumb Code    54  rt_list.o(i.rt_put_prio)
    rt_put_rdy_first                         0x08003295   Thumb Code    14  rt_list.o(i.rt_put_rdy_first)
    rt_resort_prio                           0x080032a9   Thumb Code    46  rt_list.o(i.rt_resort_prio)
    rt_rmv_dly                               0x080032dd   Thumb Code    40  rt_list.o(i.rt_rmv_dly)
    rt_rmv_list                              0x08003305   Thumb Code    44  rt_list.o(i.rt_rmv_list)
    rt_sem_psh                               0x08003335   Thumb Code    46  rt_semaphore.o(i.rt_sem_psh)
    rt_stk_check                             0x08003369   Thumb Code    28  rt_system.o(i.rt_stk_check)
    rt_switch_req                            0x0800338d   Thumb Code    30  rt_task.o(i.rt_switch_req)
    rt_sys_init                              0x080033b5   Thumb Code   268  rt_task.o(i.rt_sys_init)
    rt_systick                               0x08003509   Thumb Code    50  rt_system.o(i.rt_systick)
    rt_tmr_tick                              0x08003549   Thumb Code    56  rt_timer.o(i.rt_tmr_tick)
    rt_tsk_create                            0x08003589   Thumb Code   122  rt_task.o(i.rt_tsk_create)
    rt_tsk_delete                            0x08003619   Thumb Code   336  rt_task.o(i.rt_tsk_delete)
    rt_tsk_self                              0x08003785   Thumb Code    12  rt_task.o(i.rt_tsk_self)
    write_nibble                             0x08003795   Thumb Code    70  config_kit_rtx_2.o(i.write_nibble)
    write_nibble_res                         0x080037e1   Thumb Code    78  config_kit_rtx_2.o(i.write_nibble_res)
    _get_lc_numeric                          0x08003835   Thumb Code    44  lc_numeric_c.o(locale$$code)
    __aeabi_d2f                              0x08003861   Thumb Code     0  d2f.o(x$fpl$d2f)
    _d2f                                     0x08003861   Thumb Code    98  d2f.o(x$fpl$d2f)
    __aeabi_dadd                             0x080038c5   Thumb Code     0  daddsub_clz.o(x$fpl$dadd)
    _dadd                                    0x080038c5   Thumb Code   332  daddsub_clz.o(x$fpl$dadd)
    __aeabi_ddiv                             0x08003a15   Thumb Code     0  ddiv.o(x$fpl$ddiv)
    _ddiv                                    0x08003a15   Thumb Code   552  ddiv.o(x$fpl$ddiv)
    __aeabi_d2uiz                            0x08003cc5   Thumb Code     0  dfixu.o(x$fpl$dfixu)
    _dfixu                                   0x08003cc5   Thumb Code    90  dfixu.o(x$fpl$dfixu)
    __aeabi_ui2d                             0x08003d1f   Thumb Code     0  dflt_clz.o(x$fpl$dfltu)
    _dfltu                                   0x08003d1f   Thumb Code    38  dflt_clz.o(x$fpl$dfltu)
    __aeabi_dmul                             0x08003d45   Thumb Code     0  dmul.o(x$fpl$dmul)
    _dmul                                    0x08003d45   Thumb Code   332  dmul.o(x$fpl$dmul)
    __fpl_dnaninf                            0x08003e99   Thumb Code   156  dnaninf.o(x$fpl$dnaninf)
    __fpl_dretinf                            0x08003f35   Thumb Code    12  dretinf.o(x$fpl$dretinf)
    _dsqrt                                   0x08003f41   Thumb Code   404  dsqrt_umaal.o(x$fpl$dsqrt)
    __aeabi_dsub                             0x080040d9   Thumb Code     0  daddsub_clz.o(x$fpl$dsub)
    _dsub                                    0x080040d9   Thumb Code   464  daddsub_clz.o(x$fpl$dsub)
    __aeabi_f2d                              0x080042ad   Thumb Code     0  f2d.o(x$fpl$f2d)
    _f2d                                     0x080042ad   Thumb Code    86  f2d.o(x$fpl$f2d)
    __fpl_fcheck_NaN1                        0x08004305   Thumb Code     6  fcheck1.o(x$fpl$fcheck1)
    __fpl_fnaninf                            0x08004311   Thumb Code   140  fnaninf.o(x$fpl$fnaninf)
    _fp_init                                 0x0800439d   Thumb Code    10  fpinit.o(x$fpl$fpinit)
    __fplib_config_fpu_vfp                   0x080043a5   Thumb Code     0  fpinit.o(x$fpl$fpinit)
    __fplib_config_pureend_doubles           0x080043a5   Thumb Code     0  fpinit.o(x$fpl$fpinit)
    __fpl_fretinf                            0x080043a7   Thumb Code    10  fretinf.o(x$fpl$fretinf)
    _printf_fp_dec                           0x080043b1   Thumb Code     4  printf1.o(x$fpl$printf1)
    __fpl_return_NaN                         0x080043b5   Thumb Code   100  retnan.o(x$fpl$retnan)
    __ARM_scalbnf                            0x08004419   Thumb Code    76  scalbnf.o(x$fpl$scalbnf)
    __fpl_cmpreturn                          0x08004465   Thumb Code    48  trapv.o(x$fpl$trapveneer)
    __I$use$fp                               0x08004494   Number         0  usenofp.o(x$fpl$usenofp)
    os_maxtaskrun                            0x08004494   Data           2  rtx_conf_cm.o(.constdata)
    os_stackinfo                             0x08004498   Data           4  rtx_conf_cm.o(.constdata)
    os_rrobin                                0x0800449c   Data           4  rtx_conf_cm.o(.constdata)
    os_trv                                   0x080044a0   Data           4  rtx_conf_cm.o(.constdata)
    os_flags                                 0x080044a4   Data           1  rtx_conf_cm.o(.constdata)
    os_clockrate                             0x080044a8   Data           4  rtx_conf_cm.o(.constdata)
    os_timernum                              0x080044ac   Data           4  rtx_conf_cm.o(.constdata)
    mp_tcb_size                              0x080044b0   Data           2  rtx_conf_cm.o(.constdata)
    mp_stk_size                              0x080044b4   Data           4  rtx_conf_cm.o(.constdata)
    os_fifo_size                             0x080044b8   Data           1  rtx_conf_cm.o(.constdata)
    mp_tmr_size                              0x080044ba   Data           2  rtx_conf_cm.o(.constdata)
    RL_RTX_Version                           0x080044bc   Data           4  rt_system.o(.constdata)
    Region$$Table$$Base                      0x08004594   Number         0  anon$$obj.o(Region$$Table)
    Region$$Table$$Limit                     0x080045b4   Number         0  anon$$obj.o(Region$$Table)
    m_tmr                                    0x20000000   Data           4  rtx_conf_cm.o(.data)
    i                                        0x20000008   Data           2  novy_main.o(.data)
    out                                      0x2000000a   Data           2  novy_main.o(.data)
    t_job1                                   0x2000000c   Data           4  novy_main.o(.data)
    t_job2                                   0x20000010   Data           4  novy_main.o(.data)
    t_job3                                   0x20000014   Data           4  novy_main.o(.data)
    stm32_crc                                0x20000018   Data           4  pdm_filter.o(.data)
    T0                                       0x2000001c   Data         256  pdm_filter.o(.data)
    T1                                       0x2000011c   Data         256  pdm_filter.o(.data)
    T2                                       0x2000021c   Data         256  pdm_filter.o(.data)
    os_tsk                                   0x2000031c   Data           8  rt_task.o(.data)
    os_time                                  0x20000324   Data           4  rt_time.o(.data)
    dbg_msg                                  0x20000328   Data           1  hal_cm4.o(.data)
    os_tick_irqn                             0x20000330   Data           4  rt_system.o(.data)
    os_tmr                                   0x20000334   Data           8  rt_timer.o(.data)
    mp_tcb                                   0x20000340   Data         236  rtx_conf_cm.o(.bss)
    mp_stk                                   0x20000430   Data        5136  rtx_conf_cm.o(.bss)
    os_fifo                                  0x20001840   Data         132  rtx_conf_cm.o(.bss)
    os_active_TCB                            0x200018c4   Data          16  rtx_conf_cm.o(.bss)
    mp_tmr                                   0x200018d4   Data          20  rtx_conf_cm.o(.bss)
    Filter                                   0x20001ae8   Data          52  config_kit_rtx_2.o(.bss)
    sample_mic                               0x20001b1c   Data       16384  novy_main.o(.bss)
    sample_zvuk                              0x20005b1c   Data        2048  novy_main.o(.bss)
    os_idle_TCB                              0x2000631c   Data          56  rt_task.o(.bss)
    os_rdy                                   0x20006354   Data          24  rt_list.o(.bss)
    os_dly                                   0x2000636c   Data          24  rt_list.o(.bss)
    __libspace_start                         0x20006384   Data          96  libspace.o(.bss)
    __temporary_stack_top$libspace           0x200063e4   Data           0  libspace.o(.bss)



==============================================================================

Memory Map of the image

  Image Entry point : 0x0800043d

  Load Region LR_1 (Base: 0x08000000, Size: 0x0000490c, Max: 0xffffffff, ABSOLUTE, COMPRESSED[0x000047f8])

    Execution Region ER_RO (Exec base: 0x08000000, Load base: 0x08000000, Size: 0x000045d0, Max: 0xffffffff, ABSOLUTE)

    Exec Addr    Load Addr    Size         Type   Attr      Idx    E Section Name        Object

    0x08000000   0x08000000   0x00000188   Data   RO          350    RESET               startup_stm32f407xx.o
    0x08000188   0x08000188   0x00000008   Code   RO         1012  * !!!main             c_w.l(__main.o)
    0x08000190   0x08000190   0x00000034   Code   RO         1322    !!!scatter          c_w.l(__scatter.o)
    0x080001c4   0x080001c4   0x00000064   Code   RO         1320    !!dclz77c           c_w.l(__dclz77c.o)
    0x08000228   0x08000228   0x0000001c   Code   RO         1324    !!handler_zi        c_w.l(__scatter_zi.o)
    0x08000244   0x08000244   0x00000000   Code   RO         1005    .ARM.Collect$$_printf_percent$$00000000  c_w.l(_printf_percent.o)
    0x08000244   0x08000244   0x00000006   Code   RO         1004    .ARM.Collect$$_printf_percent$$00000003  c_w.l(_printf_f.o)
    0x0800024a   0x0800024a   0x00000004   Code   RO         1079    .ARM.Collect$$_printf_percent$$00000017  c_w.l(_printf_percent_end.o)
    0x0800024e   0x0800024e   0x00000002   Code   RO         1191    .ARM.Collect$$libinit$$00000000  c_w.l(libinit.o)
    0x08000250   0x08000250   0x00000004   Code   RO         1192    .ARM.Collect$$libinit$$00000001  c_w.l(libinit2.o)
    0x08000254   0x08000254   0x00000000   Code   RO         1195    .ARM.Collect$$libinit$$00000004  c_w.l(libinit2.o)
    0x08000254   0x08000254   0x00000000   Code   RO         1198    .ARM.Collect$$libinit$$0000000A  c_w.l(libinit2.o)
    0x08000254   0x08000254   0x00000000   Code   RO         1200    .ARM.Collect$$libinit$$0000000C  c_w.l(libinit2.o)
    0x08000254   0x08000254   0x00000000   Code   RO         1202    .ARM.Collect$$libinit$$0000000E  c_w.l(libinit2.o)
    0x08000254   0x08000254   0x00000006   Code   RO         1203    .ARM.Collect$$libinit$$0000000F  c_w.l(libinit2.o)
    0x0800025a   0x0800025a   0x00000000   Code   RO         1205    .ARM.Collect$$libinit$$00000011  c_w.l(libinit2.o)
    0x0800025a   0x0800025a   0x00000000   Code   RO         1207    .ARM.Collect$$libinit$$00000013  c_w.l(libinit2.o)
    0x0800025a   0x0800025a   0x00000000   Code   RO         1209    .ARM.Collect$$libinit$$00000015  c_w.l(libinit2.o)
    0x0800025a   0x0800025a   0x0000000a   Code   RO         1210    .ARM.Collect$$libinit$$00000016  c_w.l(libinit2.o)
    0x08000264   0x08000264   0x00000000   Code   RO         1211    .ARM.Collect$$libinit$$00000017  c_w.l(libinit2.o)
    0x08000264   0x08000264   0x00000000   Code   RO         1213    .ARM.Collect$$libinit$$00000019  c_w.l(libinit2.o)
    0x08000264   0x08000264   0x00000000   Code   RO         1215    .ARM.Collect$$libinit$$0000001B  c_w.l(libinit2.o)
    0x08000264   0x08000264   0x00000000   Code   RO         1217    .ARM.Collect$$libinit$$0000001D  c_w.l(libinit2.o)
    0x08000264   0x08000264   0x00000000   Code   RO         1219    .ARM.Collect$$libinit$$0000001F  c_w.l(libinit2.o)
    0x08000264   0x08000264   0x00000000   Code   RO         1221    .ARM.Collect$$libinit$$00000021  c_w.l(libinit2.o)
    0x08000264   0x08000264   0x00000000   Code   RO         1223    .ARM.Collect$$libinit$$00000023  c_w.l(libinit2.o)
    0x08000264   0x08000264   0x00000000   Code   RO         1225    .ARM.Collect$$libinit$$00000025  c_w.l(libinit2.o)
    0x08000264   0x08000264   0x00000000   Code   RO         1229    .ARM.Collect$$libinit$$0000002C  c_w.l(libinit2.o)
    0x08000264   0x08000264   0x00000000   Code   RO         1231    .ARM.Collect$$libinit$$0000002E  c_w.l(libinit2.o)
    0x08000264   0x08000264   0x00000000   Code   RO         1233    .ARM.Collect$$libinit$$00000030  c_w.l(libinit2.o)
    0x08000264   0x08000264   0x00000000   Code   RO         1235    .ARM.Collect$$libinit$$00000032  c_w.l(libinit2.o)
    0x08000264   0x08000264   0x00000002   Code   RO         1236    .ARM.Collect$$libinit$$00000033  c_w.l(libinit2.o)
    0x08000266   0x08000266   0x00000002   Code   RO         1268    .ARM.Collect$$libshutdown$$00000000  c_w.l(libshutdown.o)
    0x08000268   0x08000268   0x00000000   Code   RO         1279    .ARM.Collect$$libshutdown$$00000002  c_w.l(libshutdown2.o)
    0x08000268   0x08000268   0x00000000   Code   RO         1281    .ARM.Collect$$libshutdown$$00000004  c_w.l(libshutdown2.o)
    0x08000268   0x08000268   0x00000000   Code   RO         1284    .ARM.Collect$$libshutdown$$00000007  c_w.l(libshutdown2.o)
    0x08000268   0x08000268   0x00000000   Code   RO         1287    .ARM.Collect$$libshutdown$$0000000A  c_w.l(libshutdown2.o)
    0x08000268   0x08000268   0x00000000   Code   RO         1289    .ARM.Collect$$libshutdown$$0000000C  c_w.l(libshutdown2.o)
    0x08000268   0x08000268   0x00000000   Code   RO         1292    .ARM.Collect$$libshutdown$$0000000F  c_w.l(libshutdown2.o)
    0x08000268   0x08000268   0x00000002   Code   RO         1293    .ARM.Collect$$libshutdown$$00000010  c_w.l(libshutdown2.o)
    0x0800026a   0x0800026a   0x00000000   Code   RO         1070    .ARM.Collect$$rtentry$$00000000  c_w.l(__rtentry.o)
    0x0800026a   0x0800026a   0x00000000   Code   RO         1110    .ARM.Collect$$rtentry$$00000002  c_w.l(__rtentry2.o)
    0x0800026a   0x0800026a   0x00000006   Code   RO         1122    .ARM.Collect$$rtentry$$00000004  c_w.l(__rtentry4.o)
    0x08000270   0x08000270   0x00000000   Code   RO         1112    .ARM.Collect$$rtentry$$00000009  c_w.l(__rtentry2.o)
    0x08000270   0x08000270   0x00000004   Code   RO         1113    .ARM.Collect$$rtentry$$0000000A  c_w.l(__rtentry2.o)
    0x08000274   0x08000274   0x00000000   Code   RO         1115    .ARM.Collect$$rtentry$$0000000C  c_w.l(__rtentry2.o)
    0x08000274   0x08000274   0x00000008   Code   RO         1116    .ARM.Collect$$rtentry$$0000000D  c_w.l(__rtentry2.o)
    0x0800027c   0x0800027c   0x00000002   Code   RO         1239    .ARM.Collect$$rtexit$$00000000  c_w.l(rtexit.o)
    0x0800027e   0x0800027e   0x00000000   Code   RO         1246    .ARM.Collect$$rtexit$$00000002  c_w.l(rtexit2.o)
    0x0800027e   0x0800027e   0x00000004   Code   RO         1247    .ARM.Collect$$rtexit$$00000003  c_w.l(rtexit2.o)
    0x08000282   0x08000282   0x00000006   Code   RO         1248    .ARM.Collect$$rtexit$$00000004  c_w.l(rtexit2.o)
    0x08000288   0x08000288   0x000001b4   Code   RO          599    .emb_text           RTX_CM4.LIB(hal_cm4.o)
    0x0800043c   0x0800043c   0x00000040   Code   RO          351  * .text               startup_stm32f407xx.o
    0x0800047c   0x0800047c   0x00000bfc   Code   RO          394    .text               libPDMFilter_Keil.lib(pdm_filter.o)
    0x08001078   0x08001078   0x00000008   Code   RO          975    .text               c_w.l(libspace.o)
    0x08001080   0x08001080   0x00000028   Code   RO          980    .text               c_w.l(noretval__2sprintf.o)
    0x080010a8   0x080010a8   0x0000010e   Code   RO          992    .text               c_w.l(__printf_wp.o)
    0x080011b6   0x080011b6   0x00000064   Code   RO         1008    .text               c_w.l(rt_memcpy_w.o)
    0x0800121a   0x0800121a   0x00000006   Code   RO         1010    .text               c_w.l(heapauxi.o)
    0x08001220   0x08001220   0x00000016   Code   RO         1071    .text               c_w.l(_rserrno.o)
    0x08001236   0x08001236   0x0000041e   Code   RO         1073    .text               c_w.l(_printf_fp_dec.o)
    0x08001654   0x08001654   0x00000030   Code   RO         1075    .text               c_w.l(_printf_char_common.o)
    0x08001684   0x08001684   0x0000000a   Code   RO         1077    .text               c_w.l(_sputc.o)
    0x0800168e   0x0800168e   0x0000000a   Code   RO         1129    .text               c_w.l(rt_locale_twolibspace.o)
    0x08001698   0x08001698   0x00000004   Code   RO         1136    .text               c_w.l(rt_errno_addr_twolibspace.o)
    0x0800169c   0x0800169c   0x0000008a   Code   RO         1138    .text               c_w.l(lludiv10.o)
    0x08001726   0x08001726   0x00000002   PAD
    0x08001728   0x08001728   0x00000080   Code   RO         1140    .text               c_w.l(_printf_fp_infnan.o)
    0x080017a8   0x080017a8   0x000000e4   Code   RO         1144    .text               c_w.l(bigflt0.o)
    0x0800188c   0x0800188c   0x0000004a   Code   RO         1180    .text               c_w.l(sys_stackheap_outer.o)
    0x080018d6   0x080018d6   0x00000012   Code   RO         1182    .text               c_w.l(exit.o)
    0x080018e8   0x080018e8   0x00000080   Code   RO         1184    .text               c_w.l(strcmpv7m.o)
    0x08001968   0x08001968   0x0000000c   Code   RO         1258    .text               c_w.l(sys_exit.o)
    0x08001974   0x08001974   0x00000002   Code   RO         1269    .text               c_w.l(use_no_semi.o)
    0x08001976   0x08001976   0x00000000   Code   RO         1271    .text               c_w.l(indicate_semi.o)
    0x08001976   0x08001976   0x0000003e   Code   RO         1147    CL$$btod_d2e        c_w.l(btod.o)
    0x080019b4   0x080019b4   0x00000046   Code   RO         1149    CL$$btod_d2e_denorm_low  c_w.l(btod.o)
    0x080019fa   0x080019fa   0x00000060   Code   RO         1148    CL$$btod_d2e_norm_op1  c_w.l(btod.o)
    0x08001a5a   0x08001a5a   0x00000338   Code   RO         1157    CL$$btod_div_common  c_w.l(btod.o)
    0x08001d92   0x08001d92   0x000000dc   Code   RO         1154    CL$$btod_e2e        c_w.l(btod.o)
    0x08001e6e   0x08001e6e   0x0000002a   Code   RO         1151    CL$$btod_ediv       c_w.l(btod.o)
    0x08001e98   0x08001e98   0x0000002a   Code   RO         1150    CL$$btod_emul       c_w.l(btod.o)
    0x08001ec2   0x08001ec2   0x00000244   Code   RO         1156    CL$$btod_mult_common  c_w.l(btod.o)
    0x08002106   0x08002106   0x00000002   PAD
    0x08002108   0x08002108   0x00000004   Code   RO          838    SVC_TABLE           RTX_CM4.LIB(svc_table.o)
    0x0800210c   0x0800210c   0x00000044   Code   RO           79    i.DA_config         config_kit_rtx_2.o
    0x08002150   0x08002150   0x0000001c   Code   RO           80    i.Delay             config_kit_rtx_2.o
    0x0800216c   0x0800216c   0x0000005c   Code   RO           81    i.LCD_config        config_kit_rtx_2.o
    0x080021c8   0x080021c8   0x00000024   Code   RO           82    i.LCD_ctrlWR        config_kit_rtx_2.o
    0x080021ec   0x080021ec   0x00000024   Code   RO           83    i.LCD_dataWR        config_kit_rtx_2.o
    0x08002210   0x08002210   0x00000068   Code   RO           84    i.LCD_ini           config_kit_rtx_2.o
    0x08002278   0x08002278   0x00000138   Code   RO           85    i.Mic_config        config_kit_rtx_2.o
    0x080023b0   0x080023b0   0x000000dc   Code   RO          357    i.SetSysClock       system_stm32f4xx.o
    0x0800248c   0x0800248c   0x00000068   Code   RO          359    i.SystemInit        system_stm32f4xx.o
    0x080024f4   0x080024f4   0x00000030   Code   RO         1178    i.__ARM_fpclassify  m_wm.l(fpclassify.o)
    0x08002524   0x08002524   0x00000180   Code   RO         1044    i.__hardfp_log10f   m_wm.l(log10f.o)
    0x080026a4   0x080026a4   0x0000007a   Code   RO         1058    i.__hardfp_sqrt     m_wm.l(sqrt.o)
    0x0800271e   0x0800271e   0x00000002   PAD
    0x08002720   0x08002720   0x00000014   Code   RO         1095    i.__mathlib_flt_divzero  m_wm.l(funder.o)
    0x08002734   0x08002734   0x00000006   Code   RO         1096    i.__mathlib_flt_infnan  m_wm.l(funder.o)
    0x0800273a   0x0800273a   0x00000002   PAD
    0x0800273c   0x0800273c   0x00000010   Code   RO         1098    i.__mathlib_flt_invalid  m_wm.l(funder.o)
    0x0800274c   0x0800274c   0x00000024   Code   RO            1    i.__user_perthread_libspace  rtx_conf_cm.o
    0x08002770   0x08002770   0x00000046   Code   RO          805    i._init_box         RTX_CM4.LIB(rt_membox.o)
    0x080027b6   0x080027b6   0x0000000e   Code   RO          994    i._is_digit         c_w.l(__printf_wp.o)
    0x080027c4   0x080027c4   0x00000020   Code   RO            2    i._mutex_acquire    rtx_conf_cm.o
    0x080027e4   0x080027e4   0x0000001c   Code   RO            4    i._mutex_release    rtx_conf_cm.o
    0x08002800   0x08002800   0x00000030   Code   RO          600    i.dbg_init          RTX_CM4.LIB(hal_cm4.o)
    0x08002830   0x08002830   0x00000020   Code   RO          601    i.dbg_task_notify   RTX_CM4.LIB(hal_cm4.o)
    0x08002850   0x08002850   0x00000010   Code   RO          602    i.dbg_task_switch   RTX_CM4.LIB(hal_cm4.o)
    0x08002860   0x08002860   0x00000048   Code   RO           88    i.decode_PDM2PCM    config_kit_rtx_2.o
    0x080028a8   0x080028a8   0x000000a4   Code   RO          287    i.init              novy_main.o
    0x0800294c   0x0800294c   0x00000078   Code   RO          288    i.job1              novy_main.o
    0x080029c4   0x080029c4   0x0000016c   Code   RO          289    i.job2              novy_main.o
    0x08002b30   0x08002b30   0x0000004c   Code   RO          290    i.job3              novy_main.o
    0x08002b7c   0x08002b7c   0x00000038   Code   RO          291    i.main              novy_main.o
    0x08002bb4   0x08002bb4   0x00000004   Code   RO            5    i.os_error          rtx_conf_cm.o
    0x08002bb8   0x08002bb8   0x00000004   Code   RO            6    i.os_idle_demon     rtx_conf_cm.o
    0x08002bbc   0x08002bbc   0x00000028   Code   RO          641    i.os_tick_init      RTX_CM4.LIB(rt_system.o)
    0x08002be4   0x08002be4   0x00000002   Code   RO          642    i.os_tick_irqack    RTX_CM4.LIB(rt_system.o)
    0x08002be6   0x08002be6   0x00000002   Code   RO            7    i.os_tmr_call       rtx_conf_cm.o
    0x08002be8   0x08002be8   0x00000032   Code   RO           95    i.puts_LCD          config_kit_rtx_2.o
    0x08002c1a   0x08002c1a   0x00000002   PAD
    0x08002c1c   0x08002c1c   0x0000003c   Code   RO           97    i.read_data_mic     config_kit_rtx_2.o
    0x08002c58   0x08002c58   0x0000001a   Code   RO          806    i.rt_alloc_box      RTX_CM4.LIB(rt_membox.o)
    0x08002c72   0x08002c72   0x00000002   PAD
    0x08002c74   0x08002c74   0x00000038   Code   RO          397    i.rt_block          RTX_CM4.LIB(rt_task.o)
    0x08002cac   0x08002cac   0x00000002   Code   RO            8    i.rt_chk_robin      rtx_conf_cm.o
    0x08002cae   0x08002cae   0x00000002   PAD
    0x08002cb0   0x08002cb0   0x00000074   Code   RO          725    i.rt_dec_dly        RTX_CM4.LIB(rt_list.o)
    0x08002d24   0x08002d24   0x00000044   Code   RO          398    i.rt_dispatch       RTX_CM4.LIB(rt_task.o)
    0x08002d68   0x08002d68   0x0000004c   Code   RO          499    i.rt_evt_psh        RTX_CM4.LIB(rt_event.o)
    0x08002db4   0x08002db4   0x00000060   Code   RO          500    i.rt_evt_set        RTX_CM4.LIB(rt_event.o)
    0x08002e14   0x08002e14   0x0000003c   Code   RO          501    i.rt_evt_wait       RTX_CM4.LIB(rt_event.o)
    0x08002e50   0x08002e50   0x00000020   Code   RO          807    i.rt_free_box       RTX_CM4.LIB(rt_membox.o)
    0x08002e70   0x08002e70   0x00000028   Code   RO          726    i.rt_get_first      RTX_CM4.LIB(rt_list.o)
    0x08002e98   0x08002e98   0x0000004c   Code   RO          399    i.rt_init_context   RTX_CM4.LIB(rt_task.o)
    0x08002ee4   0x08002ee4   0x00000002   Code   RO            9    i.rt_init_robin     rtx_conf_cm.o
    0x08002ee6   0x08002ee6   0x00000002   PAD
    0x08002ee8   0x08002ee8   0x00000050   Code   RO          603    i.rt_init_stack     RTX_CM4.LIB(hal_cm4.o)
    0x08002f38   0x08002f38   0x00000018   Code   RO          543    i.rt_itv_set        RTX_CM4.LIB(rt_time.o)
    0x08002f50   0x08002f50   0x00000028   Code   RO          544    i.rt_itv_wait       RTX_CM4.LIB(rt_time.o)
    0x08002f78   0x08002f78   0x000000d4   Code   RO          845    i.rt_mbx_psh        RTX_CM4.LIB(rt_mailbox.o)
    0x0800304c   0x0800304c   0x000000e4   Code   RO          576    i.rt_mut_release    RTX_CM4.LIB(rt_mutex.o)
    0x08003130   0x08003130   0x00000068   Code   RO          577    i.rt_mut_wait       RTX_CM4.LIB(rt_mutex.o)
    0x08003198   0x08003198   0x0000007c   Code   RO          643    i.rt_pop_req        RTX_CM4.LIB(rt_system.o)
    0x08003214   0x08003214   0x00000048   Code   RO          729    i.rt_put_dly        RTX_CM4.LIB(rt_list.o)
    0x0800325c   0x0800325c   0x00000036   Code   RO          730    i.rt_put_prio       RTX_CM4.LIB(rt_list.o)
    0x08003292   0x08003292   0x00000002   PAD
    0x08003294   0x08003294   0x00000014   Code   RO          731    i.rt_put_rdy_first  RTX_CM4.LIB(rt_list.o)
    0x080032a8   0x080032a8   0x00000034   Code   RO          732    i.rt_resort_prio    RTX_CM4.LIB(rt_list.o)
    0x080032dc   0x080032dc   0x00000028   Code   RO          733    i.rt_rmv_dly        RTX_CM4.LIB(rt_list.o)
    0x08003304   0x08003304   0x00000030   Code   RO          734    i.rt_rmv_list       RTX_CM4.LIB(rt_list.o)
    0x08003334   0x08003334   0x00000034   Code   RO          891    i.rt_sem_psh        RTX_CM4.LIB(rt_semaphore.o)
    0x08003368   0x08003368   0x00000024   Code   RO          646    i.rt_stk_check      RTX_CM4.LIB(rt_system.o)
    0x0800338c   0x0800338c   0x00000028   Code   RO          400    i.rt_switch_req     RTX_CM4.LIB(rt_task.o)
    0x080033b4   0x080033b4   0x00000154   Code   RO          401    i.rt_sys_init       RTX_CM4.LIB(rt_task.o)
    0x08003508   0x08003508   0x00000040   Code   RO          648    i.rt_systick        RTX_CM4.LIB(rt_system.o)
    0x08003548   0x08003548   0x00000040   Code   RO          927    i.rt_tmr_tick       RTX_CM4.LIB(rt_timer.o)
    0x08003588   0x08003588   0x00000090   Code   RO          402    i.rt_tsk_create     RTX_CM4.LIB(rt_task.o)
    0x08003618   0x08003618   0x0000016c   Code   RO          403    i.rt_tsk_delete     RTX_CM4.LIB(rt_task.o)
    0x08003784   0x08003784   0x00000010   Code   RO          406    i.rt_tsk_self       RTX_CM4.LIB(rt_task.o)
    0x08003794   0x08003794   0x0000004c   Code   RO          101    i.write_nibble      config_kit_rtx_2.o
    0x080037e0   0x080037e0   0x00000054   Code   RO          102    i.write_nibble_res  config_kit_rtx_2.o
    0x08003834   0x08003834   0x0000002c   Code   RO         1170    locale$$code        c_w.l(lc_numeric_c.o)
    0x08003860   0x08003860   0x00000062   Code   RO         1014    x$fpl$d2f           fz_wm.l(d2f.o)
    0x080038c2   0x080038c2   0x00000002   PAD
    0x080038c4   0x080038c4   0x00000150   Code   RO         1016    x$fpl$dadd          fz_wm.l(daddsub_clz.o)
    0x08003a14   0x08003a14   0x000002b0   Code   RO         1023    x$fpl$ddiv          fz_wm.l(ddiv.o)
    0x08003cc4   0x08003cc4   0x0000005a   Code   RO         1026    x$fpl$dfixu         fz_wm.l(dfixu.o)
    0x08003d1e   0x08003d1e   0x00000026   Code   RO         1030    x$fpl$dfltu         fz_wm.l(dflt_clz.o)
    0x08003d44   0x08003d44   0x00000154   Code   RO         1036    x$fpl$dmul          fz_wm.l(dmul.o)
    0x08003e98   0x08003e98   0x0000009c   Code   RO         1082    x$fpl$dnaninf       fz_wm.l(dnaninf.o)
    0x08003f34   0x08003f34   0x0000000c   Code   RO         1084    x$fpl$dretinf       fz_wm.l(dretinf.o)
    0x08003f40   0x08003f40   0x00000198   Code   RO         1086    x$fpl$dsqrt         fz_wm.l(dsqrt_umaal.o)
    0x080040d8   0x080040d8   0x000001d4   Code   RO         1018    x$fpl$dsub          fz_wm.l(daddsub_clz.o)
    0x080042ac   0x080042ac   0x00000056   Code   RO         1038    x$fpl$f2d           fz_wm.l(f2d.o)
    0x08004302   0x08004302   0x00000002   PAD
    0x08004304   0x08004304   0x0000000c   Code   RO         1088    x$fpl$fcheck1       fz_wm.l(fcheck1.o)
    0x08004310   0x08004310   0x0000008c   Code   RO         1090    x$fpl$fnaninf       fz_wm.l(fnaninf.o)
    0x0800439c   0x0800439c   0x0000000a   Code   RO         1243    x$fpl$fpinit        fz_wm.l(fpinit.o)
    0x080043a6   0x080043a6   0x0000000a   Code   RO         1092    x$fpl$fretinf       fz_wm.l(fretinf.o)
    0x080043b0   0x080043b0   0x00000004   Code   RO         1040    x$fpl$printf1       fz_wm.l(printf1.o)
    0x080043b4   0x080043b4   0x00000064   Code   RO         1176    x$fpl$retnan        fz_wm.l(retnan.o)
    0x08004418   0x08004418   0x0000004c   Code   RO         1042    x$fpl$scalbnf       fz_wm.l(scalbnf.o)
    0x08004464   0x08004464   0x00000030   Code   RO         1237    x$fpl$trapveneer    fz_wm.l(trapv.o)
    0x08004494   0x08004494   0x00000000   Code   RO         1094    x$fpl$usenofp       fz_wm.l(usenofp.o)
    0x08004494   0x08004494   0x00000028   Data   RO           11    .constdata          rtx_conf_cm.o
    0x080044bc   0x080044bc   0x00000004   Data   RO          651    .constdata          RTX_CM4.LIB(rt_system.o)
    0x080044c0   0x080044c0   0x00000040   Data   RO         1047    .constdata          m_wm.l(log10f.o)
    0x08004500   0x08004500   0x00000094   Data   RO         1145    .constdata          c_w.l(bigflt0.o)
    0x08004594   0x08004594   0x00000020   Data   RO         1318    Region$$Table       anon$$obj.o
    0x080045b4   0x080045b4   0x0000001c   Data   RO         1169    locale$$data        c_w.l(lc_numeric_c.o)


    Execution Region ER_RW (Exec base: 0x20000000, Load base: 0x080045d0, Size: 0x0000033c, Max: 0xffffffff, ABSOLUTE, COMPRESSED[0x00000228])

    Exec Addr    Load Addr    Size         Type   Attr      Idx    E Section Name        Object

    0x20000000   COMPRESSED   0x00000008   Data   RW           12    .data               rtx_conf_cm.o
    0x20000008   COMPRESSED   0x00000010   Data   RW          294    .data               novy_main.o
    0x20000018   COMPRESSED   0x00000304   Data   RW          395    .data               libPDMFilter_Keil.lib(pdm_filter.o)
    0x2000031c   COMPRESSED   0x00000008   Data   RW          408    .data               RTX_CM4.LIB(rt_task.o)
    0x20000324   COMPRESSED   0x00000004   Data   RW          546    .data               RTX_CM4.LIB(rt_time.o)
    0x20000328   COMPRESSED   0x00000001   Data   RW          604    .data               RTX_CM4.LIB(hal_cm4.o)
    0x20000329   COMPRESSED   0x00000003   PAD
    0x2000032c   COMPRESSED   0x00000008   Data   RW          652    .data               RTX_CM4.LIB(rt_system.o)
    0x20000334   COMPRESSED   0x00000008   Data   RW          928    .data               RTX_CM4.LIB(rt_timer.o)


    Execution Region ER_ZI (Exec base: 0x2000033c, Load base: 0x080047f8, Size: 0x000066ac, Max: 0xffffffff, ABSOLUTE)

    Exec Addr    Load Addr    Size         Type   Attr      Idx    E Section Name        Object

    0x2000033c   0x080047f8   0x00000004   PAD
    0x20000340        -       0x000017a8   Zero   RW           10    .bss                rtx_conf_cm.o
    0x20001ae8        -       0x00000034   Zero   RW          103    .bss                config_kit_rtx_2.o
    0x20001b1c        -       0x00004800   Zero   RW          292    .bss                novy_main.o
    0x2000631c        -       0x00000038   Zero   RW          407    .bss                RTX_CM4.LIB(rt_task.o)
    0x20006354        -       0x00000030   Zero   RW          735    .bss                RTX_CM4.LIB(rt_list.o)
    0x20006384        -       0x00000060   Zero   RW          976    .bss                c_w.l(libspace.o)
    0x200063e4   0x080047f8   0x00000004   PAD
    0x200063e8        -       0x00000200   Zero   RW          349    HEAP                startup_stm32f407xx.o
    0x200065e8        -       0x00000400   Zero   RW          348    STACK               startup_stm32f407xx.o


==============================================================================

Image component sizes


      Code (inc. data)   RO Data    RW Data    ZI Data      Debug   Object Name

      1018        108          0          0         52      12192   config_kit_rtx_2.o
       780        208          0         16      18432       4116   novy_main.o
       110         22         40          8       6056      14519   rtx_conf_cm.o
        64         26        392          0       1536        876   startup_stm32f407xx.o
       324         38          0          0          0       1121   system_stm32f4xx.o

    ----------------------------------------------------------------------
      2302        402        464         24      26076      32824   Object Totals
         0          0         32          0          0          0   (incl. Generated)
         6          0          0          0          0          0   (incl. Padding)

    ----------------------------------------------------------------------

      Code (inc. data)   RO Data    RW Data    ZI Data      Debug   Library Member Name

       612         56          0          1          0       3045   hal_cm4.o
       232         14          0          0          0       2012   rt_event.o
       442         30          0          0         48       4874   rt_list.o
       212          6          0          0          0        829   rt_mailbox.o
       128          0          0          0          0       1929   rt_membox.o
       332         12          0          0          0       1587   rt_mutex.o
        52          6          0          0          0        585   rt_semaphore.o
       266         42          4          8          0       3541   rt_system.o
      1104        158          0          8         56       8044   rt_task.o
        64         16          0          4          0       1113   rt_time.o
        64          8          0          8          0        679   rt_timer.o
         4          4          0          0          0        168   svc_table.o
       100          0          0          0          0          0   __dclz77c.o
         8          0          0          0          0         68   __main.o
       284          0          0          0          0        156   __printf_wp.o
         0          0          0          0          0          0   __rtentry.o
        12          0          0          0          0          0   __rtentry2.o
         6          0          0          0          0          0   __rtentry4.o
        52          8          0          0          0          0   __scatter.o
        28          0          0          0          0          0   __scatter_zi.o
        48          6          0          0          0         96   _printf_char_common.o
         6          0          0          0          0          0   _printf_f.o
      1054          0          0          0          0        216   _printf_fp_dec.o
       128         16          0          0          0         84   _printf_fp_infnan.o
         0          0          0          0          0          0   _printf_percent.o
         4          0          0          0          0          0   _printf_percent_end.o
        22          0          0          0          0        100   _rserrno.o
        10          0          0          0          0         68   _sputc.o
       228          4        148          0          0         96   bigflt0.o
      1936        128          0          0          0        672   btod.o
        18          0          0          0          0         80   exit.o
         6          0          0          0          0        152   heapauxi.o
         0          0          0          0          0          0   indicate_semi.o
        44         10         28          0          0         76   lc_numeric_c.o
         2          0          0          0          0          0   libinit.o
        22          0          0          0          0          0   libinit2.o
         2          0          0          0          0          0   libshutdown.o
         2          0          0          0          0          0   libshutdown2.o
         8          4          0          0         96         68   libspace.o
       138          0          0          0          0         80   lludiv10.o
        40          6          0          0          0         84   noretval__2sprintf.o
         4          0          0          0          0         68   rt_errno_addr_twolibspace.o
        10          0          0          0          0         76   rt_locale_twolibspace.o
       100          0          0          0          0         80   rt_memcpy_w.o
         2          0          0          0          0          0   rtexit.o
        10          0          0          0          0          0   rtexit2.o
       128          0          0          0          0         68   strcmpv7m.o
        12          4          0          0          0         68   sys_exit.o
        74          0          0          0          0         80   sys_stackheap_outer.o
         2          0          0          0          0         68   use_no_semi.o
        98          4          0          0          0        140   d2f.o
       804         16          0          0          0        368   daddsub_clz.o
       688        140          0          0          0        256   ddiv.o
        90          4          0          0          0        140   dfixu.o
        38          0          0          0          0        116   dflt_clz.o
       340         12          0          0          0        152   dmul.o
       156          4          0          0          0        140   dnaninf.o
        12          0          0          0          0        116   dretinf.o
       408         56          0          0          0        168   dsqrt_umaal.o
        86          4          0          0          0        132   f2d.o
        12          4          0          0          0        116   fcheck1.o
       140          4          0          0          0        132   fnaninf.o
        10          0          0          0          0        116   fpinit.o
        10          0          0          0          0        116   fretinf.o
         4          0          0          0          0        116   printf1.o
       100          0          0          0          0        116   retnan.o
        76          0          0          0          0        116   scalbnf.o
        48          0          0          0          0        116   trapv.o
         0          0          0          0          0          0   usenofp.o
      3068         54          0        772          0        268   pdm_filter.o
        48          0          0          0          0        124   fpclassify.o
        42         12          0          0          0        348   funder.o
       384         52         64          0          0        140   log10f.o
       122          0          0          0          0        148   sqrt.o

    ----------------------------------------------------------------------
     14862        904        244        804        208      34710   Library Totals
        16          0          0          3          8          0   (incl. Padding)

    ----------------------------------------------------------------------

      Code (inc. data)   RO Data    RW Data    ZI Data      Debug   Library Name

      3512        352          4         29        104      28406   RTX_CM4.LIB
      4550        186        176          0         96       2604   c_w.l
      3120        248          0          0          0       2672   fz_wm.l
      3068         54          0        772          0        268   libPDMFilter_Keil.lib
       596         64         64          0          0        760   m_wm.l

    ----------------------------------------------------------------------
     14862        904        244        804        208      34710   Library Totals

    ----------------------------------------------------------------------

==============================================================================


      Code (inc. data)   RO Data    RW Data    ZI Data      Debug   

     17164       1306        708        828      26284      58078   Grand Totals
     17164       1306        708        552      26284      58078   ELF Image Totals (compressed)
     17164       1306        708        552          0          0   ROM Totals

==============================================================================

    Total RO  Size (Code + RO Data)                17872 (  17.45kB)
    Total RW  Size (RW Data + ZI Data)             27112 (  26.48kB)
    Total ROM Size (Code + RO Data + RW Data)      18424 (  17.99kB)

==============================================================================

