<html>
<body>
<pre>
<h1>µVision Build Log</h1>
<h2>Tool Versions:</h2>
IDE-Version: µVision V5.29.0.0
Copyright (C) 2019 ARM Ltd and ARM Germany GmbH. All rights reserved.
License Information: Maxim Sommer, Sommer Company, LIC=----
 
Tool Versions:
Toolchain:       MDK-Lite  Version: 5.29.0.0
Toolchain Path:  D:\Keil_v5\ARM\ARMCC\Bin
C Compiler:      Armcc.exe V5.06 update 6 (build 750)
Assembler:       Armasm.exe V5.06 update 6 (build 750)
Linker/Locator:  ArmLink.exe V5.06 update 6 (build 750)
Library Manager: ArmAr.exe V5.06 update 6 (build 750)
Hex Converter:   FromElf.exe V5.06 update 6 (build 750)
CPU DLL:         SARMCM3.DLL V5.29.0.0
Dialog DLL:      DCM.DLL V1.17.3.0
Target DLL:      STLink\ST-LINKIII-KEIL_SWO.dll V3.0.7.0
Dialog DLL:      TCM.DLL V1.36.5.0
 
<h2>Project:</h2>
C:\Users\makis_000\Desktop\Maturita\Praktická\ARM - LCD, Klávesnice #2 - benzinka\OPAKOVANI\LCD, klavesnice\benzinka.uvprojx
Project File Date:  05/23/2020

<h2>Output:</h2>
*** Using Compiler 'V5.06 update 6 (build 750)', folder: 'D:\Keil_v5\ARM\ARMCC\Bin'
Build target 'Target 1'
compiling main.c...
RTE\Device\STM32F407VGTx\main.c(9): warning:  #1295-D: Deprecated declaration getkey - give arg types
  uint8_t getkey();
RTE\Device\STM32F407VGTx\main.c(13): warning:  #1295-D: Deprecated declaration getkey1 - give arg types
  uint8_t getkey1();
RTE\Device\STM32F407VGTx\main.c(14): warning:  #1295-D: Deprecated declaration getkey2 - give arg types
  uint8_t getkey2();
RTE\Device\STM32F407VGTx\main.c(89): warning:  #1035-D: single-precision operand implicitly converted to double-precision
  				litry = litry+0.01;
RTE\Device\STM32F407VGTx\main.c(21): warning:  #177-D: variable "haha"  was declared but never referenced
  	float haha;
RTE\Device\STM32F407VGTx\main.c(26): warning:  #177-D: variable "klavesa1"  was declared but never referenced
  	char kl_palivo, klavesa1,kl3;
RTE\Device\STM32F407VGTx\main.c(26): warning:  #177-D: variable "kl3"  was declared but never referenced
  	char kl_palivo, klavesa1,kl3;
RTE\Device\STM32F407VGTx\main.c(30): warning:  #177-D: variable "tank"  was declared but never referenced
  	char tank[]="        ";
RTE\Device\STM32F407VGTx\main.c: 8 warnings, 0 errors
linking...
Program Size: Code=12844 RO-data=912 RW-data=12 ZI-data=1636  
".\Objects\benzinka.axf" - 0 Error(s), 8 Warning(s).

<h2>Software Packages used:</h2>

Package Vendor: Keil
                http://www.keil.com/pack/Keil.STM32F4xx_DFP.2.14.0.pack
                Keil.STM32F4xx_DFP.2.14.0
                STMicroelectronics STM32F4 Series Device Support, Drivers and Examples
   * Component: Startup Version: 2.6.3

<h2>Collection of Component include folders:</h2>
  .\RTE\_Target_1
  C:\Users\makis_000\AppData\Local\Arm\Packs\Keil\STM32F4xx_DFP\2.14.0\Drivers\CMSIS\Device\ST\STM32F4xx\Include

<h2>Collection of Component Files used:</h2>

   * Component: Keil::Device:Startup:2.6.3
      Source file:   MDK\Device\Source\ARM\STM32F4xx_OTP.s
      Include file:  Drivers\CMSIS\Device\ST\STM32F4xx\Include\stm32f4xx.h
      Source file:   Drivers\CMSIS\Device\ST\STM32F4xx\Source\Templates\arm\startup_stm32f407xx.s
      Source file:   MDK\Device\Source\ARM\STM32F40xxx_41xxx_OPT.s
      Source file:   Drivers\CMSIS\Device\ST\STM32F4xx\Source\Templates\system_stm32f4xx.c
Build Time Elapsed:  00:00:03
</pre>
</body>
</html>
