Component: ARM Compiler 5.06 update 6 (build 750) Tool: armlink [4d35ed]

==============================================================================

Section Cross References

    config_kit_ver2.o(i.Delay) refers to config_kit_ver2.o(.data) for Ticks
    config_kit_ver2.o(i.LCD_ctrlWR) refers to config_kit_ver2.o(i.write_nibble) for write_nibble
    config_kit_ver2.o(i.LCD_ctrlWR) refers to config_kit_ver2.o(i.Delay) for Delay
    config_kit_ver2.o(i.LCD_dataWR) refers to config_kit_ver2.o(i.write_nibble) for write_nibble
    config_kit_ver2.o(i.LCD_dataWR) refers to config_kit_ver2.o(i.Delay) for Delay
    config_kit_ver2.o(i.LCD_ini) refers to config_kit_ver2.o(i.Delay) for Delay
    config_kit_ver2.o(i.LCD_ini) refers to config_kit_ver2.o(i.write_nibble_res) for write_nibble_res
    config_kit_ver2.o(i.LCD_ini) refers to config_kit_ver2.o(i.LCD_ctrlWR) for LCD_ctrlWR
    config_kit_ver2.o(i.SysTick_Handler) refers to config_kit_ver2.o(.data) for Ticks
    config_kit_ver2.o(i.bzz) refers to config_kit_ver2.o(i.Delay) for Delay
    config_kit_ver2.o(i.getkey) refers to config_kit_ver2.o(i.Delay) for Delay
    config_kit_ver2.o(i.putasci) refers to config_kit_ver2.o(i.hextoascii) for hextoascii
    config_kit_ver2.o(i.putasci) refers to config_kit_ver2.o(i.LCD_dataWR) for LCD_dataWR
    config_kit_ver2.o(i.puts_LCD) refers to config_kit_ver2.o(i.LCD_ctrlWR) for LCD_ctrlWR
    config_kit_ver2.o(i.puts_LCD) refers to config_kit_ver2.o(i.LCD_dataWR) for LCD_dataWR
    config_kit_ver2.o(i.puts_LCD1) refers to config_kit_ver2.o(i.LCD_ctrlWR) for LCD_ctrlWR
    config_kit_ver2.o(i.puts_LCD1) refers to config_kit_ver2.o(i.LCD_dataWR) for LCD_dataWR
    config_kit_ver2.o(i.putserial) refers to strlen.o(.text) for strlen
    config_kit_ver2.o(i.teplo_aktiv) refers to config_kit_ver2.o(.data) for dataIn
    config_kit_ver2.o(i.teplo_cti2) refers to config_kit_ver2.o(.data) for dataIn
    config_kit_ver2.o(i.write_nibble) refers to config_kit_ver2.o(i.Delay) for Delay
    config_kit_ver2.o(i.write_nibble_res) refers to config_kit_ver2.o(i.Delay) for Delay
    main.o(i.main) refers to system_stm32f4xx.o(i.SystemCoreClockUpdate) for SystemCoreClockUpdate
    main.o(i.main) refers to config_kit_ver2.o(i.LCD_config) for LCD_config
    main.o(i.main) refers to config_kit_ver2.o(i.gpio_config) for gpio_config
    main.o(i.main) refers to config_kit_ver2.o(i.LCD_ini) for LCD_ini
    main.o(i.main) refers to config_kit_ver2.o(i.klavesnice_config) for klavesnice_config
    main.o(i.main) refers to rt_memcpy_w.o(.text) for __aeabi_memcpy4
    main.o(i.main) refers to config_kit_ver2.o(i.puts_LCD) for puts_LCD
    main.o(i.main) refers to config_kit_ver2.o(i.puts_LCD1) for puts_LCD1
    main.o(i.main) refers to config_kit_ver2.o(i.Delay) for Delay
    main.o(i.main) refers to config_kit_ver2.o(i.getkey) for getkey
    main.o(i.main) refers to atof.o(i.__hardfp_atof) for __hardfp_atof
    main.o(i.main) refers to d2f.o(x$fpl$d2f) for __aeabi_d2f
    main.o(i.main) refers to system_stm32f4xx.o(.data) for SystemCoreClock
    startup_stm32f407xx.o(STACK) refers (Special) to heapauxi.o(.text) for __use_two_region_memory
    startup_stm32f407xx.o(HEAP) refers (Special) to heapauxi.o(.text) for __use_two_region_memory
    startup_stm32f407xx.o(RESET) refers (Special) to heapauxi.o(.text) for __use_two_region_memory
    startup_stm32f407xx.o(RESET) refers to startup_stm32f407xx.o(STACK) for __initial_sp
    startup_stm32f407xx.o(RESET) refers to startup_stm32f407xx.o(.text) for Reset_Handler
    startup_stm32f407xx.o(RESET) refers to config_kit_ver2.o(i.SysTick_Handler) for SysTick_Handler
    startup_stm32f407xx.o(.text) refers (Special) to heapauxi.o(.text) for __use_two_region_memory
    startup_stm32f407xx.o(.text) refers to system_stm32f4xx.o(i.SystemInit) for SystemInit
    startup_stm32f407xx.o(.text) refers to __main.o(!!!main) for __main
    startup_stm32f407xx.o(.text) refers to startup_stm32f407xx.o(HEAP) for Heap_Mem
    startup_stm32f407xx.o(.text) refers to startup_stm32f407xx.o(STACK) for Stack_Mem
    system_stm32f4xx.o(i.SystemCoreClockUpdate) refers to system_stm32f4xx.o(.data) for SystemCoreClock
    system_stm32f4xx.o(i.SystemCoreClockUpdate) refers to system_stm32f4xx.o(.constdata) for AHBPrescTable
    __main.o(!!!main) refers to __rtentry.o(.ARM.Collect$$rtentry$$00000000) for __rt_entry
    d2f.o(x$fpl$d2f) refers (Special) to usenofp.o(x$fpl$usenofp) for __I$use$fp
    d2f.o(x$fpl$d2f) refers to fretinf.o(x$fpl$fretinf) for __fpl_fretinf
    d2f.o(x$fpl$d2f) refers to dnaninf.o(x$fpl$dnaninf) for __fpl_dnaninf
    atof.o(i.__hardfp_atof) refers (Special) to usenofp.o(x$fpl$usenofp) for __I$use$fp
    atof.o(i.__hardfp_atof) refers to _rserrno.o(.text) for __read_errno
    atof.o(i.__hardfp_atof) refers to strtod.o(.text) for __strtod_int
    atof.o(i.__softfp_atof) refers (Special) to usenofp.o(x$fpl$usenofp) for __I$use$fp
[...]
    rtexit2.o(.ARM.exidx) refers to rtexit2.o(.ARM.Collect$$rtexit$$00000004) for .ARM.Collect$$rtexit$$00000004
    scanf_hexfp.o(.text) refers to _chval.o(.text) for _chval
    scanf_hexfp.o(.text) refers to llshl.o(.text) for __aeabi_llsl
    scanf_hexfp.o(.text) refers to ldexp.o(i.__support_ldexp) for __support_ldexp
    scanf_hexfp.o(.text) refers to narrow.o(i.__mathlib_narrow) for __mathlib_narrow
    _get_argv_nomalloc.o(.text) refers (Special) to hrguard.o(.text) for __heap_region$guard
    _get_argv_nomalloc.o(.text) refers to defsig_rtmem_outer.o(.text) for __rt_SIGRTMEM
    _get_argv_nomalloc.o(.text) refers to sys_command.o(.text) for _sys_command_string
    deqf.o(x$fpl$deqf) refers (Special) to usenofp.o(x$fpl$usenofp) for __I$use$fp
    deqf.o(x$fpl$deqf) refers to dnaninf.o(x$fpl$dnaninf) for __fpl_dnaninf
    deqf.o(x$fpl$deqf) refers to dcmpi.o(x$fpl$dcmpinf) for __fpl_dcmp_Inf
    drleqf.o(x$fpl$drleqf) refers (Special) to usenofp.o(x$fpl$usenofp) for __I$use$fp
    drleqf.o(x$fpl$drleqf) refers to dleqf.o(x$fpl$dleqf) for __fpl_dcmple_InfNaN
    frexp.o(i.__hardfp_frexp) refers (Special) to usenofp.o(x$fpl$usenofp) for __I$use$fp
    frexp.o(i.__hardfp_frexp) refers to dmul.o(x$fpl$dmul) for __aeabi_dmul
    frexp.o(i.__softfp_frexp) refers (Special) to usenofp.o(x$fpl$usenofp) for __I$use$fp
    frexp.o(i.__softfp_frexp) refers to dmul.o(x$fpl$dmul) for __aeabi_dmul
    frexp.o(i.frexp) refers (Special) to usenofp.o(x$fpl$usenofp) for __I$use$fp
    frexp.o(i.frexp) refers to dmul.o(x$fpl$dmul) for __aeabi_dmul
    sys_command.o(.text) refers (Special) to use_no_semi.o(.text) for __I$use$semihosting
    sys_command.o(.text) refers (Special) to indicate_semi.o(.text) for __semihosting_library_function
    sys_exit.o(.text) refers (Special) to use_no_semi.o(.text) for __I$use$semihosting
    sys_exit.o(.text) refers (Special) to indicate_semi.o(.text) for __semihosting_library_function
    defsig_rtmem_outer.o(.text) refers to defsig_rtmem_inner.o(.text) for __rt_SIGRTMEM_inner
    defsig_rtmem_outer.o(.text) refers to defsig_exit.o(.text) for __sig_exit
    defsig_rtmem_formal.o(.text) refers to rt_raise.o(.text) for __rt_raise
    libshutdown.o(.ARM.Collect$$libshutdown$$00000000) refers (Special) to libshutdown2.o(.ARM.Collect$$libshutdown$$00000002) for __rt_lib_shutdown_cpp_1
    libshutdown.o(.ARM.Collect$$libshutdown$$00000000) refers (Special) to libshutdown2.o(.ARM.Collect$$libshutdown$$00000007) for __rt_lib_shutdown_fp_trap_1
    libshutdown.o(.ARM.Collect$$libshutdown$$00000000) refers (Special) to libshutdown2.o(.ARM.Collect$$libshutdown$$0000000F) for __rt_lib_shutdown_heap_1
    libshutdown.o(.ARM.Collect$$libshutdown$$00000000) refers (Special) to libshutdown2.o(.ARM.Collect$$libshutdown$$00000010) for __rt_lib_shutdown_return
    libshutdown.o(.ARM.Collect$$libshutdown$$00000000) refers (Special) to libshutdown2.o(.ARM.Collect$$libshutdown$$0000000A) for __rt_lib_shutdown_signal_1
    libshutdown.o(.ARM.Collect$$libshutdown$$00000000) refers (Special) to libshutdown2.o(.ARM.Collect$$libshutdown$$00000004) for __rt_lib_shutdown_stdio_1
    libshutdown.o(.ARM.Collect$$libshutdown$$00000000) refers (Special) to libshutdown2.o(.ARM.Collect$$libshutdown$$0000000C) for __rt_lib_shutdown_user_alloc_1
    dcmpi.o(x$fpl$dcmpinf) refers (Special) to usenofp.o(x$fpl$usenofp) for __I$use$fp
    dleqf.o(x$fpl$dleqf) refers (Special) to usenofp.o(x$fpl$usenofp) for __I$use$fp
    dleqf.o(x$fpl$dleqf) refers to dnaninf.o(x$fpl$dnaninf) for __fpl_dnaninf
    dleqf.o(x$fpl$dleqf) refers to dcmpi.o(x$fpl$dcmpinf) for __fpl_dcmp_Inf
    dmul.o(x$fpl$dmul) refers (Special) to usenofp.o(x$fpl$usenofp) for __I$use$fp
    dmul.o(x$fpl$dmul) refers to dretinf.o(x$fpl$dretinf) for __fpl_dretinf
    dmul.o(x$fpl$dmul) refers to dnaninf.o(x$fpl$dnaninf) for __fpl_dnaninf
    ldexp.o(i.__hardfp_ldexp) refers (Special) to usenofp.o(x$fpl$usenofp) for __I$use$fp
    ldexp.o(i.__hardfp_ldexp) refers to deqf.o(x$fpl$deqf) for __aeabi_cdcmpeq
    ldexp.o(i.__hardfp_ldexp) refers to scalbn.o(x$fpl$scalbn) for __ARM_scalbn
    ldexp.o(i.__hardfp_ldexp) refers to _rserrno.o(.text) for __set_errno
    ldexp.o(i.__hardfp_ldexp) refers to dunder.o(i.__mathlib_dbl_underflow) for __mathlib_dbl_underflow
    ldexp.o(i.__hardfp_ldexp) refers to dunder.o(i.__mathlib_dbl_overflow) for __mathlib_dbl_overflow
    ldexp.o(i.__softfp_ldexp) refers (Special) to usenofp.o(x$fpl$usenofp) for __I$use$fp
    ldexp.o(i.__softfp_ldexp) refers to ldexp.o(i.__hardfp_ldexp) for __hardfp_ldexp
    ldexp.o(i.__support_ldexp) refers (Special) to usenofp.o(x$fpl$usenofp) for __I$use$fp
    ldexp.o(i.__support_ldexp) refers to ldexp.o(i.__hardfp_ldexp) for __hardfp_ldexp
    ldexp.o(i.ldexp) refers (Special) to usenofp.o(x$fpl$usenofp) for __I$use$fp
    ldexp.o(i.ldexp) refers to ldexp.o(i.__hardfp_ldexp) for __hardfp_ldexp
    ldexp_x.o(i.____hardfp_ldexp$lsc) refers (Special) to usenofp.o(x$fpl$usenofp) for __I$use$fp
    ldexp_x.o(i.____hardfp_ldexp$lsc) refers to deqf.o(x$fpl$deqf) for __aeabi_cdcmpeq
    ldexp_x.o(i.____hardfp_ldexp$lsc) refers to scalbn.o(x$fpl$scalbn) for __ARM_scalbn
    ldexp_x.o(i.____hardfp_ldexp$lsc) refers to _rserrno.o(.text) for __set_errno
    ldexp_x.o(i.____hardfp_ldexp$lsc) refers to qnan.o(.constdata) for __mathlib_zero
    ldexp_x.o(i.____softfp_ldexp$lsc) refers (Special) to usenofp.o(x$fpl$usenofp) for __I$use$fp
    ldexp_x.o(i.____softfp_ldexp$lsc) refers to ldexp_x.o(i.____hardfp_ldexp$lsc) for ____hardfp_ldexp$lsc
    ldexp_x.o(i.____support_ldexp$lsc) refers (Special) to usenofp.o(x$fpl$usenofp) for __I$use$fp
    ldexp_x.o(i.____support_ldexp$lsc) refers to ldexp_x.o(i.____hardfp_ldexp$lsc) for ____hardfp_ldexp$lsc
    ldexp_x.o(i.__ldexp$lsc) refers (Special) to usenofp.o(x$fpl$usenofp) for __I$use$fp
    ldexp_x.o(i.__ldexp$lsc) refers to ldexp_x.o(i.____hardfp_ldexp$lsc) for ____hardfp_ldexp$lsc
    rt_raise.o(.text) refers to __raise.o(.text) for __raise
    rt_raise.o(.text) refers to sys_exit.o(.text) for _sys_exit
    defsig_exit.o(.text) refers to sys_exit.o(.text) for _sys_exit
    defsig_rtmem_inner.o(.text) refers to defsig_general.o(.text) for __default_signal_display
    dretinf.o(x$fpl$dretinf) refers (Special) to usenofp.o(x$fpl$usenofp) for __I$use$fp
    scalbn.o(x$fpl$scalbn) refers (Special) to usenofp.o(x$fpl$usenofp) for __I$use$fp
    scalbn.o(x$fpl$scalbn) refers to dcheck1.o(x$fpl$dcheck1) for __fpl_dcheck_NaN1
    dunder.o(i.__mathlib_dbl_divzero) refers to ddiv.o(x$fpl$ddiv) for __aeabi_ddiv
    dunder.o(i.__mathlib_dbl_infnan) refers to daddsub_clz.o(x$fpl$dadd) for __aeabi_dadd
    dunder.o(i.__mathlib_dbl_infnan2) refers to daddsub_clz.o(x$fpl$dadd) for __aeabi_dadd
    dunder.o(i.__mathlib_dbl_invalid) refers to ddiv.o(x$fpl$ddiv) for __aeabi_ddiv
    dunder.o(i.__mathlib_dbl_overflow) refers to dmul.o(x$fpl$dmul) for __aeabi_dmul
    dunder.o(i.__mathlib_dbl_posinfnan) refers to dmul.o(x$fpl$dmul) for __aeabi_dmul
    dunder.o(i.__mathlib_dbl_underflow) refers to dmul.o(x$fpl$dmul) for __aeabi_dmul
    qnan.o(.constdata) refers (Special) to usenofp.o(x$fpl$usenofp) for __I$use$fp
    __raise.o(.text) refers to defsig.o(CL$$defsig) for __default_signal_handler
    defsig_general.o(.text) refers to sys_wrch.o(.text) for _ttywrch
    daddsub_clz.o(x$fpl$dadd) refers (Special) to usenofp.o(x$fpl$usenofp) for __I$use$fp
    daddsub_clz.o(x$fpl$dadd) refers to daddsub_clz.o(x$fpl$dsub) for _dsub1
    daddsub_clz.o(x$fpl$dadd) refers to dretinf.o(x$fpl$dretinf) for __fpl_dretinf
    daddsub_clz.o(x$fpl$dadd) refers to dnaninf.o(x$fpl$dnaninf) for __fpl_dnaninf
    daddsub_clz.o(x$fpl$drsb) refers (Special) to usenofp.o(x$fpl$usenofp) for __I$use$fp
    daddsub_clz.o(x$fpl$drsb) refers to daddsub_clz.o(x$fpl$dadd) for _dadd1
    daddsub_clz.o(x$fpl$drsb) refers to daddsub_clz.o(x$fpl$dsub) for _dsub1
    daddsub_clz.o(x$fpl$dsub) refers (Special) to usenofp.o(x$fpl$usenofp) for __I$use$fp
    daddsub_clz.o(x$fpl$dsub) refers to daddsub_clz.o(x$fpl$dadd) for _dadd1
    daddsub_clz.o(x$fpl$dsub) refers to dnaninf.o(x$fpl$dnaninf) for __fpl_dnaninf
    dcheck1.o(x$fpl$dcheck1) refers (Special) to usenofp.o(x$fpl$usenofp) for __I$use$fp
    dcheck1.o(x$fpl$dcheck1) refers to retnan.o(x$fpl$retnan) for __fpl_return_NaN
    ddiv.o(x$fpl$drdiv) refers (Special) to usenofp.o(x$fpl$usenofp) for __I$use$fp
    ddiv.o(x$fpl$drdiv) refers to ddiv.o(x$fpl$ddiv) for ddiv_entry
    ddiv.o(x$fpl$ddiv) refers (Special) to usenofp.o(x$fpl$usenofp) for __I$use$fp
    ddiv.o(x$fpl$ddiv) refers to dretinf.o(x$fpl$dretinf) for __fpl_dretinf
    ddiv.o(x$fpl$ddiv) refers to dnaninf.o(x$fpl$dnaninf) for __fpl_dnaninf
    sys_wrch.o(.text) refers (Special) to use_no_semi.o(.text) for __I$use$semihosting
    sys_wrch.o(.text) refers (Special) to indicate_semi.o(.text) for __semihosting_library_function
    defsig.o(CL$$defsig) refers to defsig_rtmem_inner.o(.text) for __rt_SIGRTMEM_inner
    retnan.o(x$fpl$retnan) refers (Special) to usenofp.o(x$fpl$usenofp) for __I$use$fp
    retnan.o(x$fpl$retnan) refers to trapv.o(x$fpl$trapveneer) for __fpl_cmpreturn
    defsig_abrt_inner.o(.text) refers to defsig_general.o(.text) for __default_signal_display
    defsig_fpe_inner.o(.text) refers to defsig_general.o(.text) for __default_signal_display
    defsig_rtred_inner.o(.text) refers to defsig_general.o(.text) for __default_signal_display
    defsig_stak_inner.o(.text) refers to defsig_general.o(.text) for __default_signal_display
    defsig_pvfn_inner.o(.text) refers to defsig_general.o(.text) for __default_signal_display
    defsig_cppl_inner.o(.text) refers to defsig_general.o(.text) for __default_signal_display
    defsig_segv_inner.o(.text) refers to defsig_general.o(.text) for __default_signal_display
    defsig_other.o(.text) refers to defsig_general.o(.text) for __default_signal_display
    trapv.o(x$fpl$trapveneer) refers (Special) to usenofp.o(x$fpl$usenofp) for __I$use$fp
    scanf_fp.o(i._is_digit) refers (Special) to usenofp.o(x$fpl$usenofp) for __I$use$fp
    scanf_fp.o(i._is_digit) refers (Special) to lc_numeric_c.o(locale$$code) for _get_lc_numeric


==============================================================================

Removing Unused input sections from the image.

    Removing config_kit_ver2.o(.rev16_text), (4 bytes).
    Removing config_kit_ver2.o(.revsh_text), (4 bytes).
    Removing config_kit_ver2.o(i.ADC_config), (88 bytes).
    Removing config_kit_ver2.o(i.Buzz_config), (76 bytes).
    Removing config_kit_ver2.o(i.Mic_config), (248 bytes).
    Removing config_kit_ver2.o(i.SERIAL_ini), (172 bytes).
    Removing config_kit_ver2.o(i.bzz), (72 bytes).
    Removing config_kit_ver2.o(i.hextoascii), (24 bytes).
    Removing config_kit_ver2.o(i.putasci), (44 bytes).
    Removing config_kit_ver2.o(i.putchar1), (28 bytes).
    Removing config_kit_ver2.o(i.putserial), (56 bytes).
    Removing config_kit_ver2.o(i.sample1), (28 bytes).
    Removing config_kit_ver2.o(i.sample_1), (40 bytes).
    Removing config_kit_ver2.o(i.teplo_aktiv), (180 bytes).
    Removing config_kit_ver2.o(i.teplo_config), (372 bytes).
    Removing config_kit_ver2.o(i.teplo_cti2), (176 bytes).
    Removing main.o(.rev16_text), (4 bytes).
    Removing main.o(.revsh_text), (4 bytes).
    Removing system_stm32f4xx.o(.rev16_text), (4 bytes).
    Removing system_stm32f4xx.o(.revsh_text), (4 bytes).

20 unused section(s) (total 1628 bytes) removed from the image.

==============================================================================

Image Symbol Table

    Local Symbols

    Symbol Name                              Value     Ov Type        Size  Object(Section)

    ../clib/angel/boardlib.s                 0x00000000   Number         0  boardinit2.o ABSOLUTE
    ../clib/angel/boardlib.s                 0x00000000   Number         0  boardshut.o ABSOLUTE
    ../clib/angel/boardlib.s                 0x00000000   Number         0  boardinit1.o ABSOLUTE
    ../clib/angel/boardlib.s                 0x00000000   Number         0  boardinit3.o ABSOLUTE
    ../clib/angel/handlers.s                 0x00000000   Number         0  __scatter_copy.o ABSOLUTE
    ../clib/angel/handlers.s                 0x00000000   Number         0  __scatter_zi.o ABSOLUTE
    ../clib/angel/kernel.s                   0x00000000   Number         0  rtexit.o ABSOLUTE
    ../clib/angel/kernel.s                   0x00000000   Number         0  rtexit2.o ABSOLUTE
    ../clib/angel/kernel.s                   0x00000000   Number         0  __rtentry4.o ABSOLUTE
    ../clib/angel/kernel.s                   0x00000000   Number         0  __rtentry.o ABSOLUTE
    ../clib/angel/kernel.s                   0x00000000   Number         0  __rtentry2.o ABSOLUTE
    ../clib/angel/rt.s                       0x00000000   Number         0  rt_locale.o ABSOLUTE
    ../clib/angel/rt.s                       0x00000000   Number         0  rt_locale_intlibspace.o ABSOLUTE
    ../clib/angel/rt.s                       0x00000000   Number         0  rt_errno_addr_intlibspace.o ABSOLUTE
    ../clib/angel/rt.s                       0x00000000   Number         0  rt_errno_addr.o ABSOLUTE
    ../clib/angel/rt.s                       0x00000000   Number         0  rt_raise.o ABSOLUTE
    ../clib/angel/rt.s                       0x00000000   Number         0  rt_ctype_table.o ABSOLUTE
    ../clib/angel/scatter.s                  0x00000000   Number         0  __scatter.o ABSOLUTE
    ../clib/angel/startup.s                  0x00000000   Number         0  __main.o ABSOLUTE
    ../clib/angel/sys.s                      0x00000000   Number         0  sys_stackheap_outer.o ABSOLUTE
    ../clib/angel/sys.s                      0x00000000   Number         0  use_no_semi.o ABSOLUTE
    ../clib/angel/sys.s                      0x00000000   Number         0  indicate_semi.o ABSOLUTE
    ../clib/angel/sys.s                      0x00000000   Number         0  libspace.o ABSOLUTE
    ../clib/angel/sysapp.c                   0x00000000   Number         0  sys_exit.o ABSOLUTE
    ../clib/angel/sysapp.c                   0x00000000   Number         0  sys_command.o ABSOLUTE
    ../clib/angel/sysapp.c                   0x00000000   Number         0  sys_wrch.o ABSOLUTE
    ../clib/armsys.c                         0x00000000   Number         0  no_argv.o ABSOLUTE
    ../clib/armsys.c                         0x00000000   Number         0  _get_argv_nomalloc.o ABSOLUTE
    ../clib/armsys.c                         0x00000000   Number         0  argv_veneer.o ABSOLUTE
    ../clib/armsys.c                         0x00000000   Number         0  argv_veneer.o ABSOLUTE
    ../clib/bigflt.c                         0x00000000   Number         0  bigflt0.o ABSOLUTE
    ../clib/btod.s                           0x00000000   Number         0  btod.o ABSOLUTE
    ../clib/ctype.c                          0x00000000   Number         0  isspace.o ABSOLUTE
    ../clib/fenv.c                           0x00000000   Number         0  _rserrno.o ABSOLUTE
    ../clib/heapalloc.c                      0x00000000   Number         0  hrguard.o ABSOLUTE
    ../clib/heapaux.c                        0x00000000   Number         0  heapauxi.o ABSOLUTE
    ../clib/libinit.s                        0x00000000   Number         0  libshutdown2.o ABSOLUTE
    ../clib/libinit.s                        0x00000000   Number         0  libshutdown.o ABSOLUTE
    ../clib/libinit.s                        0x00000000   Number         0  libinit.o ABSOLUTE
    ../clib/libinit.s                        0x00000000   Number         0  libinit2.o ABSOLUTE
    ../clib/locale.s                         0x00000000   Number         0  lc_numeric_c.o ABSOLUTE
    ../clib/locale.s                         0x00000000   Number         0  lc_ctype_c.o ABSOLUTE
    ../clib/longlong.s                       0x00000000   Number         0  llshl.o ABSOLUTE
    ../clib/memcpset.s                       0x00000000   Number         0  rt_memcpy_w.o ABSOLUTE
    ../clib/memcpset.s                       0x00000000   Number         0  strcmpv7m.o ABSOLUTE
    ../clib/scanf.c                          0x00000000   Number         0  scanf_infnan.o ABSOLUTE
    ../clib/scanf.c                          0x00000000   Number         0  _chval.o ABSOLUTE
    ../clib/scanf.c                          0x00000000   Number         0  scanf_fp.o ABSOLUTE
    ../clib/scanf.c                          0x00000000   Number         0  _sgetc.o ABSOLUTE
    ../clib/scanf.c                          0x00000000   Number         0  strtod.o ABSOLUTE
    ../clib/scanf.c                          0x00000000   Number         0  scanf_hexfp.o ABSOLUTE
    ../clib/signal.c                         0x00000000   Number         0  defsig_fpe_inner.o ABSOLUTE
    ../clib/signal.c                         0x00000000   Number         0  defsig_abrt_inner.o ABSOLUTE
    ../clib/signal.c                         0x00000000   Number         0  defsig_rtmem_outer.o ABSOLUTE
    ../clib/signal.c                         0x00000000   Number         0  defsig_rtred_inner.o ABSOLUTE
    ../clib/signal.c                         0x00000000   Number         0  defsig_cppl_inner.o ABSOLUTE
    ../clib/signal.c                         0x00000000   Number         0  defsig_other.o ABSOLUTE
    ../clib/signal.c                         0x00000000   Number         0  defsig_general.o ABSOLUTE
    ../clib/signal.c                         0x00000000   Number         0  defsig_rtmem_inner.o ABSOLUTE
    ../clib/signal.c                         0x00000000   Number         0  defsig_exit.o ABSOLUTE
    ../clib/signal.c                         0x00000000   Number         0  defsig_segv_inner.o ABSOLUTE
    ../clib/signal.c                         0x00000000   Number         0  defsig_rtmem_formal.o ABSOLUTE
    ../clib/signal.c                         0x00000000   Number         0  defsig_pvfn_inner.o ABSOLUTE
    ../clib/signal.c                         0x00000000   Number         0  __raise.o ABSOLUTE
    ../clib/signal.c                         0x00000000   Number         0  defsig_stak_inner.o ABSOLUTE
    ../clib/signal.s                         0x00000000   Number         0  defsig.o ABSOLUTE
    ../clib/stdlib.c                         0x00000000   Number         0  exit.o ABSOLUTE
    ../clib/string.c                         0x00000000   Number         0  strlen.o ABSOLUTE
    ../fplib/d2f.s                           0x00000000   Number         0  d2f.o ABSOLUTE
    ../fplib/daddsub.s                       0x00000000   Number         0  daddsub_clz.o ABSOLUTE
    ../fplib/dcheck1.s                       0x00000000   Number         0  dcheck1.o ABSOLUTE
    ../fplib/dcmpi.s                         0x00000000   Number         0  dcmpi.o ABSOLUTE
    ../fplib/ddiv.s                          0x00000000   Number         0  ddiv.o ABSOLUTE
    ../fplib/deqf.s                          0x00000000   Number         0  deqf.o ABSOLUTE
    ../fplib/dleqf.s                         0x00000000   Number         0  dleqf.o ABSOLUTE
    ../fplib/dmul.s                          0x00000000   Number         0  dmul.o ABSOLUTE
    ../fplib/dnaninf.s                       0x00000000   Number         0  dnaninf.o ABSOLUTE
    ../fplib/dretinf.s                       0x00000000   Number         0  dretinf.o ABSOLUTE
    ../fplib/drleqf.s                        0x00000000   Number         0  drleqf.o ABSOLUTE
    ../fplib/fpconst.s                       0x00000000   Number         0  fpconst.o ABSOLUTE
    ../fplib/fpinit.s                        0x00000000   Number         0  fpinit.o ABSOLUTE
    ../fplib/fretinf.s                       0x00000000   Number         0  fretinf.o ABSOLUTE
    ../fplib/istatus.s                       0x00000000   Number         0  istatus.o ABSOLUTE
    ../fplib/retnan.s                        0x00000000   Number         0  retnan.o ABSOLUTE
    ../fplib/scalbn.s                        0x00000000   Number         0  scalbn.o ABSOLUTE
    ../fplib/scanf1.s                        0x00000000   Number         0  scanf1.o ABSOLUTE
    ../fplib/scanf2.s                        0x00000000   Number         0  scanf2.o ABSOLUTE
    ../fplib/scanf2a.s                       0x00000000   Number         0  scanf2a.o ABSOLUTE
    ../fplib/scanf2b.s                       0x00000000   Number         0  scanf2b.o ABSOLUTE
    ../fplib/trapv.s                         0x00000000   Number         0  trapv.o ABSOLUTE
    ../fplib/usenofp.s                       0x00000000   Number         0  usenofp.o ABSOLUTE
    ../mathlib/atof.c                        0x00000000   Number         0  atof.o ABSOLUTE
    ../mathlib/dunder.c                      0x00000000   Number         0  dunder.o ABSOLUTE
    ../mathlib/frexp.c                       0x00000000   Number         0  frexp.o ABSOLUTE
    ../mathlib/ldexp.c                       0x00000000   Number         0  ldexp.o ABSOLUTE
    ../mathlib/ldexp.c                       0x00000000   Number         0  ldexp_x.o ABSOLUTE
    ../mathlib/narrow.c                      0x00000000   Number         0  narrow.o ABSOLUTE
    ../mathlib/qnan.c                        0x00000000   Number         0  qnan.o ABSOLUTE
    RTE\Device\STM32F407VGTx\config_kit_ver2.c 0x00000000   Number         0  config_kit_ver2.o ABSOLUTE
    RTE\Device\STM32F407VGTx\main.c          0x00000000   Number         0  main.o ABSOLUTE
    RTE\Device\STM32F407VGTx\startup_stm32f407xx.s 0x00000000   Number         0  startup_stm32f407xx.o ABSOLUTE
    RTE\Device\STM32F407VGTx\system_stm32f4xx.c 0x00000000   Number         0  system_stm32f4xx.o ABSOLUTE
    RTE\\Device\\STM32F407VGTx\\config_kit_ver2.c 0x00000000   Number         0  config_kit_ver2.o ABSOLUTE
    RTE\\Device\\STM32F407VGTx\\main.c       0x00000000   Number         0  main.o ABSOLUTE
    RTE\\Device\\STM32F407VGTx\\system_stm32f4xx.c 0x00000000   Number         0  system_stm32f4xx.o ABSOLUTE
    dc.s                                     0x00000000   Number         0  dc.o ABSOLUTE
    RESET                                    0x08000000   Section      392  startup_stm32f407xx.o(RESET)
    !!!main                                  0x08000188   Section        8  __main.o(!!!main)
    !!!scatter                               0x08000190   Section       52  __scatter.o(!!!scatter)
    !!handler_copy                           0x080001c4   Section       26  __scatter_copy.o(!!handler_copy)
    !!handler_zi                             0x080001e0   Section       28  __scatter_zi.o(!!handler_zi)
    .ARM.Collect$$libinit$$00000000          0x080001fc   Section        2  libinit.o(.ARM.Collect$$libinit$$00000000)
    .ARM.Collect$$libinit$$00000001          0x080001fe   Section        4  libinit2.o(.ARM.Collect$$libinit$$00000001)
    .ARM.Collect$$libinit$$00000004          0x08000202   Section        0  libinit2.o(.ARM.Collect$$libinit$$00000004)
    .ARM.Collect$$libinit$$0000000A          0x08000202   Section        0  libinit2.o(.ARM.Collect$$libinit$$0000000A)
    .ARM.Collect$$libinit$$0000000C          0x08000202   Section        0  libinit2.o(.ARM.Collect$$libinit$$0000000C)
    .ARM.Collect$$libinit$$0000000E          0x08000202   Section        0  libinit2.o(.ARM.Collect$$libinit$$0000000E)
    .ARM.Collect$$libinit$$0000000F          0x08000202   Section        6  libinit2.o(.ARM.Collect$$libinit$$0000000F)
    .ARM.Collect$$libinit$$00000011          0x08000208   Section        0  libinit2.o(.ARM.Collect$$libinit$$00000011)
    .ARM.Collect$$libinit$$00000012          0x08000208   Section       12  libinit2.o(.ARM.Collect$$libinit$$00000012)
    .ARM.Collect$$libinit$$00000013          0x08000214   Section        0  libinit2.o(.ARM.Collect$$libinit$$00000013)
    .ARM.Collect$$libinit$$00000015          0x08000214   Section        0  libinit2.o(.ARM.Collect$$libinit$$00000015)
    .ARM.Collect$$libinit$$00000016          0x08000214   Section       10  libinit2.o(.ARM.Collect$$libinit$$00000016)
    .ARM.Collect$$libinit$$00000017          0x0800021e   Section        0  libinit2.o(.ARM.Collect$$libinit$$00000017)
    .ARM.Collect$$libinit$$00000019          0x0800021e   Section        0  libinit2.o(.ARM.Collect$$libinit$$00000019)
    .ARM.Collect$$libinit$$0000001B          0x0800021e   Section        0  libinit2.o(.ARM.Collect$$libinit$$0000001B)
    .ARM.Collect$$libinit$$0000001D          0x0800021e   Section        0  libinit2.o(.ARM.Collect$$libinit$$0000001D)
    .ARM.Collect$$libinit$$0000001F          0x0800021e   Section        0  libinit2.o(.ARM.Collect$$libinit$$0000001F)
    .ARM.Collect$$libinit$$00000021          0x0800021e   Section        0  libinit2.o(.ARM.Collect$$libinit$$00000021)
    .ARM.Collect$$libinit$$00000023          0x0800021e   Section        0  libinit2.o(.ARM.Collect$$libinit$$00000023)
    .ARM.Collect$$libinit$$00000025          0x0800021e   Section        0  libinit2.o(.ARM.Collect$$libinit$$00000025)
    .ARM.Collect$$libinit$$0000002C          0x0800021e   Section        0  libinit2.o(.ARM.Collect$$libinit$$0000002C)
    .ARM.Collect$$libinit$$0000002E          0x0800021e   Section        0  libinit2.o(.ARM.Collect$$libinit$$0000002E)
    .ARM.Collect$$libinit$$00000030          0x0800021e   Section        0  libinit2.o(.ARM.Collect$$libinit$$00000030)
    .ARM.Collect$$libinit$$00000032          0x0800021e   Section        0  libinit2.o(.ARM.Collect$$libinit$$00000032)
    .ARM.Collect$$libinit$$00000033          0x0800021e   Section        2  libinit2.o(.ARM.Collect$$libinit$$00000033)
    .ARM.Collect$$libshutdown$$00000000      0x08000220   Section        2  libshutdown.o(.ARM.Collect$$libshutdown$$00000000)
    .ARM.Collect$$libshutdown$$00000002      0x08000222   Section        0  libshutdown2.o(.ARM.Collect$$libshutdown$$00000002)
    .ARM.Collect$$libshutdown$$00000004      0x08000222   Section        0  libshutdown2.o(.ARM.Collect$$libshutdown$$00000004)
    .ARM.Collect$$libshutdown$$00000007      0x08000222   Section        0  libshutdown2.o(.ARM.Collect$$libshutdown$$00000007)
    .ARM.Collect$$libshutdown$$0000000A      0x08000222   Section        0  libshutdown2.o(.ARM.Collect$$libshutdown$$0000000A)
    .ARM.Collect$$libshutdown$$0000000C      0x08000222   Section        0  libshutdown2.o(.ARM.Collect$$libshutdown$$0000000C)
    .ARM.Collect$$libshutdown$$0000000F      0x08000222   Section        0  libshutdown2.o(.ARM.Collect$$libshutdown$$0000000F)
    .ARM.Collect$$libshutdown$$00000010      0x08000222   Section        2  libshutdown2.o(.ARM.Collect$$libshutdown$$00000010)
    .ARM.Collect$$rtentry$$00000000          0x08000224   Section        0  __rtentry.o(.ARM.Collect$$rtentry$$00000000)
    .ARM.Collect$$rtentry$$00000002          0x08000224   Section        0  __rtentry2.o(.ARM.Collect$$rtentry$$00000002)
    .ARM.Collect$$rtentry$$00000004          0x08000224   Section        6  __rtentry4.o(.ARM.Collect$$rtentry$$00000004)
    .ARM.Collect$$rtentry$$00000009          0x0800022a   Section        0  __rtentry2.o(.ARM.Collect$$rtentry$$00000009)
    .ARM.Collect$$rtentry$$0000000A          0x0800022a   Section        4  __rtentry2.o(.ARM.Collect$$rtentry$$0000000A)
    .ARM.Collect$$rtentry$$0000000C          0x0800022e   Section        0  __rtentry2.o(.ARM.Collect$$rtentry$$0000000C)
    .ARM.Collect$$rtentry$$0000000D          0x0800022e   Section        8  __rtentry2.o(.ARM.Collect$$rtentry$$0000000D)
    .ARM.Collect$$rtexit$$00000000           0x08000236   Section        2  rtexit.o(.ARM.Collect$$rtexit$$00000000)
    .ARM.Collect$$rtexit$$00000002           0x08000238   Section        0  rtexit2.o(.ARM.Collect$$rtexit$$00000002)
    .ARM.Collect$$rtexit$$00000003           0x08000238   Section        4  rtexit2.o(.ARM.Collect$$rtexit$$00000003)
    .ARM.Collect$$rtexit$$00000004           0x0800023c   Section        6  rtexit2.o(.ARM.Collect$$rtexit$$00000004)
    .text                                    0x08000244   Section       64  startup_stm32f407xx.o(.text)
    $v0                                      0x08000244   Number         0  startup_stm32f407xx.o(.text)
    .text                                    0x08000284   Section      100  rt_memcpy_w.o(.text)
    .text                                    0x080002e8   Section        0  heapauxi.o(.text)
    .text                                    0x080002ee   Section        0  _rserrno.o(.text)
    .text                                    0x08000304   Section        0  strtod.o(.text)
    _local_sscanf                            0x08000305   Thumb Code    60  strtod.o(.text)
    .text                                    0x080003a8   Section        8  rt_errno_addr_intlibspace.o(.text)
    .text                                    0x080003b0   Section        0  isspace.o(.text)
    .text                                    0x080003c2   Section        0  _sgetc.o(.text)
    .text                                    0x08000404   Section        8  libspace.o(.text)
    .text                                    0x0800040c   Section       74  sys_stackheap_outer.o(.text)
    .text                                    0x08000458   Section       16  rt_ctype_table.o(.text)
    .text                                    0x08000468   Section        0  scanf_fp.o(.text)
    _fp_value                                0x08000469   Thumb Code   588  scanf_fp.o(.text)
    .text                                    0x08000960   Section        0  exit.o(.text)
    .text                                    0x08000974   Section      128  strcmpv7m.o(.text)
    .text                                    0x080009f4   Section        8  rt_locale_intlibspace.o(.text)
    .text                                    0x080009fc   Section        0  bigflt0.o(.text)
    .text                                    0x08000ae0   Section        0  scanf_hexfp.o(.text)
    .text                                    0x08000e00   Section        0  scanf_infnan.o(.text)
    .text                                    0x08000f34   Section        0  sys_exit.o(.text)
    .text                                    0x08000f40   Section       38  llshl.o(.text)
    .text                                    0x08000f66   Section        0  _chval.o(.text)
    .text                                    0x08000f82   Section        2  use_no_semi.o(.text)
    .text                                    0x08000f84   Section        0  indicate_semi.o(.text)
    CL$$btod_div_common                      0x08000f84   Section      824  btod.o(CL$$btod_div_common)
    CL$$btod_e2d                             0x080012bc   Section      132  btod.o(CL$$btod_e2d)
    CL$$btod_e2e                             0x08001340   Section      220  btod.o(CL$$btod_e2e)
    CL$$btod_ediv                            0x0800141c   Section       42  btod.o(CL$$btod_ediv)
    CL$$btod_edivd                           0x08001446   Section       42  btod.o(CL$$btod_edivd)
    CL$$btod_emul                            0x08001470   Section       42  btod.o(CL$$btod_emul)
    CL$$btod_emuld                           0x0800149a   Section       42  btod.o(CL$$btod_emuld)
    CL$$btod_mult_common                     0x080014c4   Section      580  btod.o(CL$$btod_mult_common)
    i.Delay                                  0x08001708   Section        0  config_kit_ver2.o(i.Delay)
    i.LCD_config                             0x08001720   Section        0  config_kit_ver2.o(i.LCD_config)
    i.LCD_ctrlWR                             0x0800177c   Section        0  config_kit_ver2.o(i.LCD_ctrlWR)
    i.LCD_dataWR                             0x080017a0   Section        0  config_kit_ver2.o(i.LCD_dataWR)
    i.LCD_ini                                0x080017c4   Section        0  config_kit_ver2.o(i.LCD_ini)
    i.SysTick_Handler                        0x0800182c   Section        0  config_kit_ver2.o(i.SysTick_Handler)
    i.SystemCoreClockUpdate                  0x0800183c   Section        0  system_stm32f4xx.o(i.SystemCoreClockUpdate)
    i.SystemInit                             0x080018fc   Section        0  system_stm32f4xx.o(i.SystemInit)
    i.__hardfp___mathlib_tofloat             0x08001960   Section        0  narrow.o(i.__hardfp___mathlib_tofloat)
    i.__hardfp_atof                          0x08001a58   Section        0  atof.o(i.__hardfp_atof)
    i.__hardfp_ldexp                         0x08001a90   Section        0  ldexp.o(i.__hardfp_ldexp)
    i.__mathlib_dbl_overflow                 0x08001b60   Section        0  dunder.o(i.__mathlib_dbl_overflow)
    i.__mathlib_dbl_underflow                0x08001b80   Section        0  dunder.o(i.__mathlib_dbl_underflow)
    i.__mathlib_narrow                       0x08001ba0   Section        0  narrow.o(i.__mathlib_narrow)
    i.__support_ldexp                        0x08001bb2   Section        0  ldexp.o(i.__support_ldexp)
    i._is_digit                              0x08001bc6   Section        0  scanf_fp.o(i._is_digit)
    i.frexp                                  0x08001bd8   Section        0  frexp.o(i.frexp)
    i.getkey                                 0x08001c64   Section        0  config_kit_ver2.o(i.getkey)
    i.gpio_config                            0x08001d68   Section        0  config_kit_ver2.o(i.gpio_config)
    i.klavesnice_config                      0x08001dec   Section        0  config_kit_ver2.o(i.klavesnice_config)
    i.main                                   0x08001e64   Section        0  main.o(i.main)
    i.puts_LCD                               0x080021c4   Section        0  config_kit_ver2.o(i.puts_LCD)
    i.puts_LCD1                              0x080021f6   Section        0  config_kit_ver2.o(i.puts_LCD1)
    i.write_nibble                           0x08002228   Section        0  config_kit_ver2.o(i.write_nibble)
    i.write_nibble_res                       0x08002274   Section        0  config_kit_ver2.o(i.write_nibble_res)
    locale$$code                             0x080022c8   Section       44  lc_numeric_c.o(locale$$code)
    locale$$code                             0x080022f4   Section       44  lc_ctype_c.o(locale$$code)
    x$fpl$d2f                                0x08002320   Section       98  d2f.o(x$fpl$d2f)
    $v0                                      0x08002320   Number         0  d2f.o(x$fpl$d2f)
    x$fpl$dcheck1                            0x08002384   Section       16  dcheck1.o(x$fpl$dcheck1)
    $v0                                      0x08002384   Number         0  dcheck1.o(x$fpl$dcheck1)
    x$fpl$dcmpinf                            0x08002394   Section       24  dcmpi.o(x$fpl$dcmpinf)
    $v0                                      0x08002394   Number         0  dcmpi.o(x$fpl$dcmpinf)
    x$fpl$deqf                               0x080023ac   Section      120  deqf.o(x$fpl$deqf)
    $v0                                      0x080023ac   Number         0  deqf.o(x$fpl$deqf)
    x$fpl$dleqf                              0x08002424   Section      120  dleqf.o(x$fpl$dleqf)
    $v0                                      0x08002424   Number         0  dleqf.o(x$fpl$dleqf)
    x$fpl$dmul                               0x0800249c   Section      340  dmul.o(x$fpl$dmul)
    $v0                                      0x0800249c   Number         0  dmul.o(x$fpl$dmul)
    x$fpl$dnaninf                            0x080025f0   Section      156  dnaninf.o(x$fpl$dnaninf)
    $v0                                      0x080025f0   Number         0  dnaninf.o(x$fpl$dnaninf)
    x$fpl$dretinf                            0x0800268c   Section       12  dretinf.o(x$fpl$dretinf)
    $v0                                      0x0800268c   Number         0  dretinf.o(x$fpl$dretinf)
    x$fpl$drleqf                             0x08002698   Section      108  drleqf.o(x$fpl$drleqf)
    $v0                                      0x08002698   Number         0  drleqf.o(x$fpl$drleqf)
    x$fpl$fpinit                             0x08002704   Section       10  fpinit.o(x$fpl$fpinit)
    $v0                                      0x08002704   Number         0  fpinit.o(x$fpl$fpinit)
    x$fpl$fretinf                            0x0800270e   Section       10  fretinf.o(x$fpl$fretinf)
    $v0                                      0x0800270e   Number         0  fretinf.o(x$fpl$fretinf)
    x$fpl$ieeestatus                         0x08002718   Section        6  istatus.o(x$fpl$ieeestatus)
    $v0                                      0x08002718   Number         0  istatus.o(x$fpl$ieeestatus)
    x$fpl$retnan                             0x0800271e   Section      100  retnan.o(x$fpl$retnan)
    $v0                                      0x0800271e   Number         0  retnan.o(x$fpl$retnan)
    x$fpl$scalbn                             0x08002782   Section       92  scalbn.o(x$fpl$scalbn)
    $v0                                      0x08002782   Number         0  scalbn.o(x$fpl$scalbn)
    x$fpl$scanf1                             0x080027de   Section        4  scanf1.o(x$fpl$scanf1)
    $v0                                      0x080027de   Number         0  scanf1.o(x$fpl$scanf1)
    x$fpl$scanf2                             0x080027e2   Section        8  scanf2.o(x$fpl$scanf2)
    $v0                                      0x080027e2   Number         0  scanf2.o(x$fpl$scanf2)
    x$fpl$trapveneer                         0x080027ea   Section       48  trapv.o(x$fpl$trapveneer)
    $v0                                      0x080027ea   Number         0  trapv.o(x$fpl$trapveneer)
    .constdata                               0x0800281a   Section       24  system_stm32f4xx.o(.constdata)
    x$fpl$usenofp                            0x0800281a   Section        0  usenofp.o(x$fpl$usenofp)
    .constdata                               0x08002834   Section      148  bigflt0.o(.constdata)
    tenpwrs_x                                0x08002834   Data          60  bigflt0.o(.constdata)
    tenpwrs_i                                0x08002870   Data          64  bigflt0.o(.constdata)
    c$$dinf                                  0x080028e8   Section        8  fpconst.o(c$$dinf)
    c$$dmax                                  0x080028f0   Section        8  fpconst.o(c$$dmax)
    locale$$data                             0x080028f8   Section       28  lc_numeric_c.o(locale$$data)
    __lcnum_c_name                           0x080028fc   Data           2  lc_numeric_c.o(locale$$data)
    __lcnum_c_start                          0x08002904   Data           0  lc_numeric_c.o(locale$$data)
    __lcnum_c_point                          0x08002910   Data           0  lc_numeric_c.o(locale$$data)
    __lcnum_c_thousands                      0x08002912   Data           0  lc_numeric_c.o(locale$$data)
    __lcnum_c_grouping                       0x08002913   Data           0  lc_numeric_c.o(locale$$data)
    locale$$data                             0x08002914   Section      272  lc_ctype_c.o(locale$$data)
    __lcnum_c_end                            0x08002914   Data           0  lc_numeric_c.o(locale$$data)
    __lcctype_c_name                         0x08002918   Data           2  lc_ctype_c.o(locale$$data)
    __lcctype_c_start                        0x08002920   Data           0  lc_ctype_c.o(locale$$data)
    __lcctype_c_end                          0x08002a24   Data           0  lc_ctype_c.o(locale$$data)
    .data                                    0x20000000   Section        6  config_kit_ver2.o(.data)
    .data                                    0x20000008   Section        4  system_stm32f4xx.o(.data)
    .bss                                     0x2000000c   Section       96  libspace.o(.bss)
    HEAP                                     0x20000070   Section      512  startup_stm32f407xx.o(HEAP)
    Heap_Mem                                 0x20000070   Data         512  startup_stm32f407xx.o(HEAP)
    STACK                                    0x20000270   Section     1024  startup_stm32f407xx.o(STACK)
    Stack_Mem                                0x20000270   Data        1024  startup_stm32f407xx.o(STACK)
    __initial_sp                             0x20000670   Data           0  startup_stm32f407xx.o(STACK)

    Global Symbols

    Symbol Name                              Value     Ov Type        Size  Object(Section)

    BuildAttributes$$THM_ISAv4$E$P$D$K$B$S$7EM$VFPi3$EXTD16$VFPS$VFMA$PE$A:L22UL41UL21$X:L11$S22US41US21$IEEE1$IW$USESV6$~STKCKD$USESV7$~SHL$OTIME$ROPI$IEEEX$EBA8$UX$STANDARDLIB$REQ8$PRES8$EABIv2 0x00000000   Number         0  anon$$obj.o ABSOLUTE
    __ARM_use_no_argv                        0x00000000   Number         0  main.o ABSOLUTE
    __ARM_exceptions_init                     - Undefined Weak Reference
    __alloca_initialize                       - Undefined Weak Reference
    __arm_preinit_                            - Undefined Weak Reference
    __cpp_initialize__aeabi_                  - Undefined Weak Reference
    __cxa_finalize                            - Undefined Weak Reference
    __sigvec_lookup                           - Undefined Weak Reference
    _atexit_init                              - Undefined Weak Reference
    _call_atexit_fns                          - Undefined Weak Reference
    _clock_init                               - Undefined Weak Reference
    _fp_trap_init                             - Undefined Weak Reference
    _fp_trap_shutdown                         - Undefined Weak Reference
    _get_lc_collate                           - Undefined Weak Reference
    _get_lc_monetary                          - Undefined Weak Reference
    _get_lc_time                              - Undefined Weak Reference
    _getenv_init                              - Undefined Weak Reference
    _handle_redirection                       - Undefined Weak Reference
    _init_alloc                               - Undefined Weak Reference
    _init_user_alloc                          - Undefined Weak Reference
    _initio                                   - Undefined Weak Reference
    _rand_init                                - Undefined Weak Reference
    _signal_finish                            - Undefined Weak Reference
    _signal_init                              - Undefined Weak Reference
    _terminate_alloc                          - Undefined Weak Reference
    _terminate_user_alloc                     - Undefined Weak Reference
    _terminateio                              - Undefined Weak Reference
    __Vectors_Size                           0x00000188   Number         0  startup_stm32f407xx.o ABSOLUTE
    __Vectors                                0x08000000   Data           4  startup_stm32f407xx.o(RESET)
    __Vectors_End                            0x08000188   Data           0  startup_stm32f407xx.o(RESET)
    __main                                   0x08000189   Thumb Code     8  __main.o(!!!main)
    __scatterload                            0x08000191   Thumb Code     0  __scatter.o(!!!scatter)
    __scatterload_rt2                        0x08000191   Thumb Code    44  __scatter.o(!!!scatter)
    __scatterload_rt2_thumb_only             0x08000191   Thumb Code     0  __scatter.o(!!!scatter)
    __scatterload_null                       0x0800019f   Thumb Code     0  __scatter.o(!!!scatter)
    __scatterload_copy                       0x080001c5   Thumb Code    26  __scatter_copy.o(!!handler_copy)
    __scatterload_zeroinit                   0x080001e1   Thumb Code    28  __scatter_zi.o(!!handler_zi)
    __rt_lib_init                            0x080001fd   Thumb Code     0  libinit.o(.ARM.Collect$$libinit$$00000000)
    __rt_lib_init_fp_1                       0x080001ff   Thumb Code     0  libinit2.o(.ARM.Collect$$libinit$$00000001)
    __rt_lib_init_heap_1                     0x08000203   Thumb Code     0  libinit2.o(.ARM.Collect$$libinit$$0000000A)
    __rt_lib_init_lc_common                  0x08000203   Thumb Code     0  libinit2.o(.ARM.Collect$$libinit$$0000000F)
    __rt_lib_init_preinit_1                  0x08000203   Thumb Code     0  libinit2.o(.ARM.Collect$$libinit$$00000004)
    __rt_lib_init_rand_1                     0x08000203   Thumb Code     0  libinit2.o(.ARM.Collect$$libinit$$0000000E)
    __rt_lib_init_user_alloc_1               0x08000203   Thumb Code     0  libinit2.o(.ARM.Collect$$libinit$$0000000C)
    __rt_lib_init_lc_collate_1               0x08000209   Thumb Code     0  libinit2.o(.ARM.Collect$$libinit$$00000011)
    __rt_lib_init_lc_ctype_2                 0x08000209   Thumb Code     0  libinit2.o(.ARM.Collect$$libinit$$00000012)
    __rt_lib_init_lc_ctype_1                 0x08000215   Thumb Code     0  libinit2.o(.ARM.Collect$$libinit$$00000013)
    __rt_lib_init_lc_monetary_1              0x08000215   Thumb Code     0  libinit2.o(.ARM.Collect$$libinit$$00000015)
    __rt_lib_init_lc_numeric_2               0x08000215   Thumb Code     0  libinit2.o(.ARM.Collect$$libinit$$00000016)
    __rt_lib_init_alloca_1                   0x0800021f   Thumb Code     0  libinit2.o(.ARM.Collect$$libinit$$0000002E)
    __rt_lib_init_argv_1                     0x0800021f   Thumb Code     0  libinit2.o(.ARM.Collect$$libinit$$0000002C)
    __rt_lib_init_atexit_1                   0x0800021f   Thumb Code     0  libinit2.o(.ARM.Collect$$libinit$$0000001B)
    __rt_lib_init_clock_1                    0x0800021f   Thumb Code     0  libinit2.o(.ARM.Collect$$libinit$$00000021)
    __rt_lib_init_cpp_1                      0x0800021f   Thumb Code     0  libinit2.o(.ARM.Collect$$libinit$$00000032)
    __rt_lib_init_exceptions_1               0x0800021f   Thumb Code     0  libinit2.o(.ARM.Collect$$libinit$$00000030)
    __rt_lib_init_fp_trap_1                  0x0800021f   Thumb Code     0  libinit2.o(.ARM.Collect$$libinit$$0000001F)
    __rt_lib_init_getenv_1                   0x0800021f   Thumb Code     0  libinit2.o(.ARM.Collect$$libinit$$00000023)
    __rt_lib_init_lc_numeric_1               0x0800021f   Thumb Code     0  libinit2.o(.ARM.Collect$$libinit$$00000017)
    __rt_lib_init_lc_time_1                  0x0800021f   Thumb Code     0  libinit2.o(.ARM.Collect$$libinit$$00000019)
    __rt_lib_init_return                     0x0800021f   Thumb Code     0  libinit2.o(.ARM.Collect$$libinit$$00000033)
    __rt_lib_init_signal_1                   0x0800021f   Thumb Code     0  libinit2.o(.ARM.Collect$$libinit$$0000001D)
    __rt_lib_init_stdio_1                    0x0800021f   Thumb Code     0  libinit2.o(.ARM.Collect$$libinit$$00000025)
    __rt_lib_shutdown                        0x08000221   Thumb Code     0  libshutdown.o(.ARM.Collect$$libshutdown$$00000000)
    __rt_lib_shutdown_cpp_1                  0x08000223   Thumb Code     0  libshutdown2.o(.ARM.Collect$$libshutdown$$00000002)
    __rt_lib_shutdown_fp_trap_1              0x08000223   Thumb Code     0  libshutdown2.o(.ARM.Collect$$libshutdown$$00000007)
    __rt_lib_shutdown_heap_1                 0x08000223   Thumb Code     0  libshutdown2.o(.ARM.Collect$$libshutdown$$0000000F)
    __rt_lib_shutdown_return                 0x08000223   Thumb Code     0  libshutdown2.o(.ARM.Collect$$libshutdown$$00000010)
    __rt_lib_shutdown_signal_1               0x08000223   Thumb Code     0  libshutdown2.o(.ARM.Collect$$libshutdown$$0000000A)
    __rt_lib_shutdown_stdio_1                0x08000223   Thumb Code     0  libshutdown2.o(.ARM.Collect$$libshutdown$$00000004)
    __rt_lib_shutdown_user_alloc_1           0x08000223   Thumb Code     0  libshutdown2.o(.ARM.Collect$$libshutdown$$0000000C)
    __rt_entry                               0x08000225   Thumb Code     0  __rtentry.o(.ARM.Collect$$rtentry$$00000000)
    __rt_entry_presh_1                       0x08000225   Thumb Code     0  __rtentry2.o(.ARM.Collect$$rtentry$$00000002)
    __rt_entry_sh                            0x08000225   Thumb Code     0  __rtentry4.o(.ARM.Collect$$rtentry$$00000004)
    __rt_entry_li                            0x0800022b   Thumb Code     0  __rtentry2.o(.ARM.Collect$$rtentry$$0000000A)
    __rt_entry_postsh_1                      0x0800022b   Thumb Code     0  __rtentry2.o(.ARM.Collect$$rtentry$$00000009)
    __rt_entry_main                          0x0800022f   Thumb Code     0  __rtentry2.o(.ARM.Collect$$rtentry$$0000000D)
    __rt_entry_postli_1                      0x0800022f   Thumb Code     0  __rtentry2.o(.ARM.Collect$$rtentry$$0000000C)
    __rt_exit                                0x08000237   Thumb Code     0  rtexit.o(.ARM.Collect$$rtexit$$00000000)
    __rt_exit_ls                             0x08000239   Thumb Code     0  rtexit2.o(.ARM.Collect$$rtexit$$00000003)
    __rt_exit_prels_1                        0x08000239   Thumb Code     0  rtexit2.o(.ARM.Collect$$rtexit$$00000002)
    __rt_exit_exit                           0x0800023d   Thumb Code     0  rtexit2.o(.ARM.Collect$$rtexit$$00000004)
    Reset_Handler                            0x08000245   Thumb Code     8  startup_stm32f407xx.o(.text)
    NMI_Handler                              0x0800024d   Thumb Code     2  startup_stm32f407xx.o(.text)
    HardFault_Handler                        0x0800024f   Thumb Code     2  startup_stm32f407xx.o(.text)
    MemManage_Handler                        0x08000251   Thumb Code     2  startup_stm32f407xx.o(.text)
    BusFault_Handler                         0x08000253   Thumb Code     2  startup_stm32f407xx.o(.text)
    UsageFault_Handler                       0x08000255   Thumb Code     2  startup_stm32f407xx.o(.text)
    SVC_Handler                              0x08000257   Thumb Code     2  startup_stm32f407xx.o(.text)
    DebugMon_Handler                         0x08000259   Thumb Code     2  startup_stm32f407xx.o(.text)
    PendSV_Handler                           0x0800025b   Thumb Code     2  startup_stm32f407xx.o(.text)
    ADC_IRQHandler                           0x0800025f   Thumb Code     0  startup_stm32f407xx.o(.text)
    CAN1_RX0_IRQHandler                      0x0800025f   Thumb Code     0  startup_stm32f407xx.o(.text)
    CAN1_RX1_IRQHandler                      0x0800025f   Thumb Code     0  startup_stm32f407xx.o(.text)
    CAN1_SCE_IRQHandler                      0x0800025f   Thumb Code     0  startup_stm32f407xx.o(.text)
    CAN1_TX_IRQHandler                       0x0800025f   Thumb Code     0  startup_stm32f407xx.o(.text)
    CAN2_RX0_IRQHandler                      0x0800025f   Thumb Code     0  startup_stm32f407xx.o(.text)
    CAN2_RX1_IRQHandler                      0x0800025f   Thumb Code     0  startup_stm32f407xx.o(.text)
    CAN2_SCE_IRQHandler                      0x0800025f   Thumb Code     0  startup_stm32f407xx.o(.text)
    CAN2_TX_IRQHandler                       0x0800025f   Thumb Code     0  startup_stm32f407xx.o(.text)
    DCMI_IRQHandler                          0x0800025f   Thumb Code     0  startup_stm32f407xx.o(.text)
    DMA1_Stream0_IRQHandler                  0x0800025f   Thumb Code     0  startup_stm32f407xx.o(.text)
    DMA1_Stream1_IRQHandler                  0x0800025f   Thumb Code     0  startup_stm32f407xx.o(.text)
    DMA1_Stream2_IRQHandler                  0x0800025f   Thumb Code     0  startup_stm32f407xx.o(.text)
    DMA1_Stream3_IRQHandler                  0x0800025f   Thumb Code     0  startup_stm32f407xx.o(.text)
    DMA1_Stream4_IRQHandler                  0x0800025f   Thumb Code     0  startup_stm32f407xx.o(.text)
    DMA1_Stream5_IRQHandler                  0x0800025f   Thumb Code     0  startup_stm32f407xx.o(.text)
    DMA1_Stream6_IRQHandler                  0x0800025f   Thumb Code     0  startup_stm32f407xx.o(.text)
    DMA1_Stream7_IRQHandler                  0x0800025f   Thumb Code     0  startup_stm32f407xx.o(.text)
    DMA2_Stream0_IRQHandler                  0x0800025f   Thumb Code     0  startup_stm32f407xx.o(.text)
    DMA2_Stream1_IRQHandler                  0x0800025f   Thumb Code     0  startup_stm32f407xx.o(.text)
    DMA2_Stream2_IRQHandler                  0x0800025f   Thumb Code     0  startup_stm32f407xx.o(.text)
    DMA2_Stream3_IRQHandler                  0x0800025f   Thumb Code     0  startup_stm32f407xx.o(.text)
    DMA2_Stream4_IRQHandler                  0x0800025f   Thumb Code     0  startup_stm32f407xx.o(.text)
    DMA2_Stream5_IRQHandler                  0x0800025f   Thumb Code     0  startup_stm32f407xx.o(.text)
    DMA2_Stream6_IRQHandler                  0x0800025f   Thumb Code     0  startup_stm32f407xx.o(.text)
    DMA2_Stream7_IRQHandler                  0x0800025f   Thumb Code     0  startup_stm32f407xx.o(.text)
    ETH_IRQHandler                           0x0800025f   Thumb Code     0  startup_stm32f407xx.o(.text)
    ETH_WKUP_IRQHandler                      0x0800025f   Thumb Code     0  startup_stm32f407xx.o(.text)
    EXTI0_IRQHandler                         0x0800025f   Thumb Code     0  startup_stm32f407xx.o(.text)
    EXTI15_10_IRQHandler                     0x0800025f   Thumb Code     0  startup_stm32f407xx.o(.text)
    EXTI1_IRQHandler                         0x0800025f   Thumb Code     0  startup_stm32f407xx.o(.text)
    EXTI2_IRQHandler                         0x0800025f   Thumb Code     0  startup_stm32f407xx.o(.text)
    EXTI3_IRQHandler                         0x0800025f   Thumb Code     0  startup_stm32f407xx.o(.text)
    EXTI4_IRQHandler                         0x0800025f   Thumb Code     0  startup_stm32f407xx.o(.text)
    EXTI9_5_IRQHandler                       0x0800025f   Thumb Code     0  startup_stm32f407xx.o(.text)
    FLASH_IRQHandler                         0x0800025f   Thumb Code     0  startup_stm32f407xx.o(.text)
    FMC_IRQHandler                           0x0800025f   Thumb Code     0  startup_stm32f407xx.o(.text)
    FPU_IRQHandler                           0x0800025f   Thumb Code     0  startup_stm32f407xx.o(.text)
    HASH_RNG_IRQHandler                      0x0800025f   Thumb Code     0  startup_stm32f407xx.o(.text)
    I2C1_ER_IRQHandler                       0x0800025f   Thumb Code     0  startup_stm32f407xx.o(.text)
    I2C1_EV_IRQHandler                       0x0800025f   Thumb Code     0  startup_stm32f407xx.o(.text)
    I2C2_ER_IRQHandler                       0x0800025f   Thumb Code     0  startup_stm32f407xx.o(.text)
    I2C2_EV_IRQHandler                       0x0800025f   Thumb Code     0  startup_stm32f407xx.o(.text)
    I2C3_ER_IRQHandler                       0x0800025f   Thumb Code     0  startup_stm32f407xx.o(.text)
    I2C3_EV_IRQHandler                       0x0800025f   Thumb Code     0  startup_stm32f407xx.o(.text)
    OTG_FS_IRQHandler                        0x0800025f   Thumb Code     0  startup_stm32f407xx.o(.text)
    OTG_FS_WKUP_IRQHandler                   0x0800025f   Thumb Code     0  startup_stm32f407xx.o(.text)
    OTG_HS_EP1_IN_IRQHandler                 0x0800025f   Thumb Code     0  startup_stm32f407xx.o(.text)
    OTG_HS_EP1_OUT_IRQHandler                0x0800025f   Thumb Code     0  startup_stm32f407xx.o(.text)
    OTG_HS_IRQHandler                        0x0800025f   Thumb Code     0  startup_stm32f407xx.o(.text)
    OTG_HS_WKUP_IRQHandler                   0x0800025f   Thumb Code     0  startup_stm32f407xx.o(.text)
    PVD_IRQHandler                           0x0800025f   Thumb Code     0  startup_stm32f407xx.o(.text)
    RCC_IRQHandler                           0x0800025f   Thumb Code     0  startup_stm32f407xx.o(.text)
    RTC_Alarm_IRQHandler                     0x0800025f   Thumb Code     0  startup_stm32f407xx.o(.text)
    RTC_WKUP_IRQHandler                      0x0800025f   Thumb Code     0  startup_stm32f407xx.o(.text)
    SDIO_IRQHandler                          0x0800025f   Thumb Code     0  startup_stm32f407xx.o(.text)
    SPI1_IRQHandler                          0x0800025f   Thumb Code     0  startup_stm32f407xx.o(.text)
    SPI2_IRQHandler                          0x0800025f   Thumb Code     0  startup_stm32f407xx.o(.text)
    SPI3_IRQHandler                          0x0800025f   Thumb Code     0  startup_stm32f407xx.o(.text)
    TAMP_STAMP_IRQHandler                    0x0800025f   Thumb Code     0  startup_stm32f407xx.o(.text)
    TIM1_BRK_TIM9_IRQHandler                 0x0800025f   Thumb Code     0  startup_stm32f407xx.o(.text)
    TIM1_CC_IRQHandler                       0x0800025f   Thumb Code     0  startup_stm32f407xx.o(.text)
    TIM1_TRG_COM_TIM11_IRQHandler            0x0800025f   Thumb Code     0  startup_stm32f407xx.o(.text)
    TIM1_UP_TIM10_IRQHandler                 0x0800025f   Thumb Code     0  startup_stm32f407xx.o(.text)
    TIM2_IRQHandler                          0x0800025f   Thumb Code     0  startup_stm32f407xx.o(.text)
    TIM3_IRQHandler                          0x0800025f   Thumb Code     0  startup_stm32f407xx.o(.text)
    TIM4_IRQHandler                          0x0800025f   Thumb Code     0  startup_stm32f407xx.o(.text)
    TIM5_IRQHandler                          0x0800025f   Thumb Code     0  startup_stm32f407xx.o(.text)
    TIM6_DAC_IRQHandler                      0x0800025f   Thumb Code     0  startup_stm32f407xx.o(.text)
    TIM7_IRQHandler                          0x0800025f   Thumb Code     0  startup_stm32f407xx.o(.text)
    TIM8_BRK_TIM12_IRQHandler                0x0800025f   Thumb Code     0  startup_stm32f407xx.o(.text)
    TIM8_CC_IRQHandler                       0x0800025f   Thumb Code     0  startup_stm32f407xx.o(.text)
    TIM8_TRG_COM_TIM14_IRQHandler            0x0800025f   Thumb Code     0  startup_stm32f407xx.o(.text)
    TIM8_UP_TIM13_IRQHandler                 0x0800025f   Thumb Code     0  startup_stm32f407xx.o(.text)
    UART4_IRQHandler                         0x0800025f   Thumb Code     0  startup_stm32f407xx.o(.text)
    UART5_IRQHandler                         0x0800025f   Thumb Code     0  startup_stm32f407xx.o(.text)
    USART1_IRQHandler                        0x0800025f   Thumb Code     0  startup_stm32f407xx.o(.text)
    USART2_IRQHandler                        0x0800025f   Thumb Code     0  startup_stm32f407xx.o(.text)
    USART3_IRQHandler                        0x0800025f   Thumb Code     0  startup_stm32f407xx.o(.text)
    USART6_IRQHandler                        0x0800025f   Thumb Code     0  startup_stm32f407xx.o(.text)
    WWDG_IRQHandler                          0x0800025f   Thumb Code     0  startup_stm32f407xx.o(.text)
    __user_initial_stackheap                 0x08000261   Thumb Code     0  startup_stm32f407xx.o(.text)
    __aeabi_memcpy4                          0x08000285   Thumb Code     0  rt_memcpy_w.o(.text)
    __aeabi_memcpy8                          0x08000285   Thumb Code     0  rt_memcpy_w.o(.text)
    __rt_memcpy_w                            0x08000285   Thumb Code   100  rt_memcpy_w.o(.text)
    _memcpy_lastbytes_aligned                0x080002cd   Thumb Code     0  rt_memcpy_w.o(.text)
    __use_two_region_memory                  0x080002e9   Thumb Code     2  heapauxi.o(.text)
    __rt_heap_escrow$2region                 0x080002eb   Thumb Code     2  heapauxi.o(.text)
    __rt_heap_expand$2region                 0x080002ed   Thumb Code     2  heapauxi.o(.text)
    __read_errno                             0x080002ef   Thumb Code    10  _rserrno.o(.text)
    __set_errno                              0x080002f9   Thumb Code    12  _rserrno.o(.text)
    __strtod_int                             0x08000341   Thumb Code    90  strtod.o(.text)
    __aeabi_errno_addr                       0x080003a9   Thumb Code     8  rt_errno_addr_intlibspace.o(.text)
    __errno$intlibspace                      0x080003a9   Thumb Code     0  rt_errno_addr_intlibspace.o(.text)
    __rt_errno_addr$intlibspace              0x080003a9   Thumb Code     0  rt_errno_addr_intlibspace.o(.text)
    isspace                                  0x080003b1   Thumb Code    18  isspace.o(.text)
    _sgetc                                   0x080003c3   Thumb Code    30  _sgetc.o(.text)
    _sbackspace                              0x080003e1   Thumb Code    34  _sgetc.o(.text)
    __user_libspace                          0x08000405   Thumb Code     8  libspace.o(.text)
    __user_perproc_libspace                  0x08000405   Thumb Code     0  libspace.o(.text)
    __user_perthread_libspace                0x08000405   Thumb Code     0  libspace.o(.text)
    __user_setup_stackheap                   0x0800040d   Thumb Code    74  sys_stackheap_outer.o(.text)
    __rt_ctype_table                         0x08000459   Thumb Code    16  rt_ctype_table.o(.text)
    _scanf_really_real                       0x080006b5   Thumb Code   684  scanf_fp.o(.text)
    exit                                     0x08000961   Thumb Code    18  exit.o(.text)
    strcmp                                   0x08000975   Thumb Code   128  strcmpv7m.o(.text)
    __rt_locale                              0x080009f5   Thumb Code     8  rt_locale_intlibspace.o(.text)
    _btod_etento                             0x080009fd   Thumb Code   224  bigflt0.o(.text)
    _scanf_really_hex_real                   0x08000ae1   Thumb Code   786  scanf_hexfp.o(.text)
    _scanf_really_infnan                     0x08000e01   Thumb Code   292  scanf_infnan.o(.text)
    _sys_exit                                0x08000f35   Thumb Code     8  sys_exit.o(.text)
    __aeabi_llsl                             0x08000f41   Thumb Code     0  llshl.o(.text)
    _ll_shift_l                              0x08000f41   Thumb Code    38  llshl.o(.text)
    _chval                                   0x08000f67   Thumb Code    28  _chval.o(.text)
    __I$use$semihosting                      0x08000f83   Thumb Code     0  use_no_semi.o(.text)
    __use_no_semihosting_swi                 0x08000f83   Thumb Code     2  use_no_semi.o(.text)
    __btod_div_common                        0x08000f85   Thumb Code   696  btod.o(CL$$btod_div_common)
    __semihosting_library_function           0x08000f85   Thumb Code     0  indicate_semi.o(.text)
    _e2d                                     0x080012bd   Thumb Code   122  btod.o(CL$$btod_e2d)
    _e2e                                     0x08001341   Thumb Code   220  btod.o(CL$$btod_e2e)
    _btod_ediv                               0x0800141d   Thumb Code    42  btod.o(CL$$btod_ediv)
    _btod_edivd                              0x08001447   Thumb Code    42  btod.o(CL$$btod_edivd)
    _btod_emul                               0x08001471   Thumb Code    42  btod.o(CL$$btod_emul)
    _btod_emuld                              0x0800149b   Thumb Code    42  btod.o(CL$$btod_emuld)
    __btod_mult_common                       0x080014c5   Thumb Code   580  btod.o(CL$$btod_mult_common)
    Delay                                    0x08001709   Thumb Code    18  config_kit_ver2.o(i.Delay)
    LCD_config                               0x08001721   Thumb Code    72  config_kit_ver2.o(i.LCD_config)
    LCD_ctrlWR                               0x0800177d   Thumb Code    32  config_kit_ver2.o(i.LCD_ctrlWR)
    LCD_dataWR                               0x080017a1   Thumb Code    30  config_kit_ver2.o(i.LCD_dataWR)
    LCD_ini                                  0x080017c5   Thumb Code    98  config_kit_ver2.o(i.LCD_ini)
    SysTick_Handler                          0x0800182d   Thumb Code    12  config_kit_ver2.o(i.SysTick_Handler)
    SystemCoreClockUpdate                    0x0800183d   Thumb Code   170  system_stm32f4xx.o(i.SystemCoreClockUpdate)
    SystemInit                               0x080018fd   Thumb Code    82  system_stm32f4xx.o(i.SystemInit)
    __hardfp___mathlib_tofloat               0x08001961   Thumb Code   232  narrow.o(i.__hardfp___mathlib_tofloat)
    __hardfp_atof                            0x08001a59   Thumb Code    44  atof.o(i.__hardfp_atof)
    __hardfp_ldexp                           0x08001a91   Thumb Code   200  ldexp.o(i.__hardfp_ldexp)
    __mathlib_dbl_overflow                   0x08001b61   Thumb Code    24  dunder.o(i.__mathlib_dbl_overflow)
    __mathlib_dbl_underflow                  0x08001b81   Thumb Code    24  dunder.o(i.__mathlib_dbl_underflow)
    __mathlib_narrow                         0x08001ba1   Thumb Code    18  narrow.o(i.__mathlib_narrow)
    __support_ldexp                          0x08001bb3   Thumb Code    20  ldexp.o(i.__support_ldexp)
    _is_digit                                0x08001bc7   Thumb Code    14  scanf_fp.o(i._is_digit)
    frexp                                    0x08001bd9   Thumb Code   118  frexp.o(i.frexp)
    getkey                                   0x08001c65   Thumb Code   254  config_kit_ver2.o(i.getkey)
    gpio_config                              0x08001d69   Thumb Code   118  config_kit_ver2.o(i.gpio_config)
    klavesnice_config                        0x08001ded   Thumb Code   110  config_kit_ver2.o(i.klavesnice_config)
    main                                     0x08001e65   Thumb Code   646  main.o(i.main)
    puts_LCD                                 0x080021c5   Thumb Code    50  config_kit_ver2.o(i.puts_LCD)
    puts_LCD1                                0x080021f7   Thumb Code    50  config_kit_ver2.o(i.puts_LCD1)
    write_nibble                             0x08002229   Thumb Code    70  config_kit_ver2.o(i.write_nibble)
    write_nibble_res                         0x08002275   Thumb Code    78  config_kit_ver2.o(i.write_nibble_res)
    _get_lc_numeric                          0x080022c9   Thumb Code    44  lc_numeric_c.o(locale$$code)
    _get_lc_ctype                            0x080022f5   Thumb Code    44  lc_ctype_c.o(locale$$code)
    __aeabi_d2f                              0x08002321   Thumb Code     0  d2f.o(x$fpl$d2f)
    _d2f                                     0x08002321   Thumb Code    98  d2f.o(x$fpl$d2f)
    __fpl_dcheck_NaN1                        0x08002385   Thumb Code    10  dcheck1.o(x$fpl$dcheck1)
    __fpl_dcmp_Inf                           0x08002395   Thumb Code    24  dcmpi.o(x$fpl$dcmpinf)
    __aeabi_cdcmpeq                          0x080023ad   Thumb Code     0  deqf.o(x$fpl$deqf)
    _dcmpeq                                  0x080023ad   Thumb Code   120  deqf.o(x$fpl$deqf)
    __aeabi_cdcmple                          0x08002425   Thumb Code     0  dleqf.o(x$fpl$dleqf)
    _dcmple                                  0x08002425   Thumb Code   120  dleqf.o(x$fpl$dleqf)
    __fpl_dcmple_InfNaN                      0x08002487   Thumb Code     0  dleqf.o(x$fpl$dleqf)
    __aeabi_dmul                             0x0800249d   Thumb Code     0  dmul.o(x$fpl$dmul)
    _dmul                                    0x0800249d   Thumb Code   332  dmul.o(x$fpl$dmul)
    __fpl_dnaninf                            0x080025f1   Thumb Code   156  dnaninf.o(x$fpl$dnaninf)
    __fpl_dretinf                            0x0800268d   Thumb Code    12  dretinf.o(x$fpl$dretinf)
    __aeabi_cdrcmple                         0x08002699   Thumb Code     0  drleqf.o(x$fpl$drleqf)
    _drcmple                                 0x08002699   Thumb Code   108  drleqf.o(x$fpl$drleqf)
    _fp_init                                 0x08002705   Thumb Code    10  fpinit.o(x$fpl$fpinit)
    __fplib_config_fpu_vfp                   0x0800270d   Thumb Code     0  fpinit.o(x$fpl$fpinit)
    __fplib_config_pureend_doubles           0x0800270d   Thumb Code     0  fpinit.o(x$fpl$fpinit)
    __fpl_fretinf                            0x0800270f   Thumb Code    10  fretinf.o(x$fpl$fretinf)
    __ieee_status                            0x08002719   Thumb Code     6  istatus.o(x$fpl$ieeestatus)
    __fpl_return_NaN                         0x0800271f   Thumb Code   100  retnan.o(x$fpl$retnan)
    __ARM_scalbn                             0x08002783   Thumb Code    92  scalbn.o(x$fpl$scalbn)
    _scanf_real                              0x080027df   Thumb Code     4  scanf1.o(x$fpl$scanf1)
    _scanf_hex_real                          0x080027e3   Thumb Code     4  scanf2.o(x$fpl$scanf2)
    _scanf_infnan                            0x080027e7   Thumb Code     4  scanf2.o(x$fpl$scanf2)
    __fpl_cmpreturn                          0x080027eb   Thumb Code    48  trapv.o(x$fpl$trapveneer)
    AHBPrescTable                            0x0800281a   Data          16  system_stm32f4xx.o(.constdata)
    __I$use$fp                               0x0800281a   Number         0  usenofp.o(x$fpl$usenofp)
    APBPrescTable                            0x0800282a   Data           8  system_stm32f4xx.o(.constdata)
    Region$$Table$$Base                      0x080028c8   Number         0  anon$$obj.o(Region$$Table)
    Region$$Table$$Limit                     0x080028e8   Number         0  anon$$obj.o(Region$$Table)
    __aeabi_HUGE_VAL                         0x080028e8   Data           0  fpconst.o(c$$dinf)
    __aeabi_HUGE_VALL                        0x080028e8   Data           0  fpconst.o(c$$dinf)
    __aeabi_INFINITY                         0x080028e8   Data           0  fpconst.o(c$$dinf)
    __dInf                                   0x080028e8   Data           0  fpconst.o(c$$dinf)
    __huge_val                               0x080028e8   Data           0  fpconst.o(c$$dinf)
    __dbl_max                                0x080028f0   Data           0  fpconst.o(c$$dmax)
    __ctype                                  0x08002921   Data           0  lc_ctype_c.o(locale$$data)
    Ticks                                    0x20000000   Data           4  config_kit_ver2.o(.data)
    dataIn                                   0x20000004   Data           2  config_kit_ver2.o(.data)
    SystemCoreClock                          0x20000008   Data           4  system_stm32f4xx.o(.data)
    __libspace_start                         0x2000000c   Data          96  libspace.o(.bss)
    __temporary_stack_top$libspace           0x2000006c   Data           0  libspace.o(.bss)



==============================================================================

Memory Map of the image

  Image Entry point : 0x08000245

  Load Region LR_1 (Base: 0x08000000, Size: 0x00002a30, Max: 0xffffffff, ABSOLUTE)

    Execution Region ER_RO (Exec base: 0x08000000, Load base: 0x08000000, Size: 0x00002a24, Max: 0xffffffff, ABSOLUTE)

    Exec Addr    Load Addr    Size         Type   Attr      Idx    E Section Name        Object

    0x08000000   0x08000000   0x00000188   Data   RO          257    RESET               startup_stm32f407xx.o
    0x08000188   0x08000188   0x00000008   Code   RO          303  * !!!main             c_w.l(__main.o)
    0x08000190   0x08000190   0x00000034   Code   RO          627    !!!scatter          c_w.l(__scatter.o)
    0x080001c4   0x080001c4   0x0000001a   Code   RO          629    !!handler_copy      c_w.l(__scatter_copy.o)
    0x080001de   0x080001de   0x00000002   PAD
    0x080001e0   0x080001e0   0x0000001c   Code   RO          631    !!handler_zi        c_w.l(__scatter_zi.o)
    0x080001fc   0x080001fc   0x00000002   Code   RO          372    .ARM.Collect$$libinit$$00000000  c_w.l(libinit.o)
    0x080001fe   0x080001fe   0x00000004   Code   RO          373    .ARM.Collect$$libinit$$00000001  c_w.l(libinit2.o)
    0x08000202   0x08000202   0x00000000   Code   RO          376    .ARM.Collect$$libinit$$00000004  c_w.l(libinit2.o)
    0x08000202   0x08000202   0x00000000   Code   RO          379    .ARM.Collect$$libinit$$0000000A  c_w.l(libinit2.o)
    0x08000202   0x08000202   0x00000000   Code   RO          381    .ARM.Collect$$libinit$$0000000C  c_w.l(libinit2.o)
    0x08000202   0x08000202   0x00000000   Code   RO          383    .ARM.Collect$$libinit$$0000000E  c_w.l(libinit2.o)
    0x08000202   0x08000202   0x00000006   Code   RO          384    .ARM.Collect$$libinit$$0000000F  c_w.l(libinit2.o)
    0x08000208   0x08000208   0x00000000   Code   RO          386    .ARM.Collect$$libinit$$00000011  c_w.l(libinit2.o)
    0x08000208   0x08000208   0x0000000c   Code   RO          387    .ARM.Collect$$libinit$$00000012  c_w.l(libinit2.o)
    0x08000214   0x08000214   0x00000000   Code   RO          388    .ARM.Collect$$libinit$$00000013  c_w.l(libinit2.o)
    0x08000214   0x08000214   0x00000000   Code   RO          390    .ARM.Collect$$libinit$$00000015  c_w.l(libinit2.o)
    0x08000214   0x08000214   0x0000000a   Code   RO          391    .ARM.Collect$$libinit$$00000016  c_w.l(libinit2.o)
    0x0800021e   0x0800021e   0x00000000   Code   RO          392    .ARM.Collect$$libinit$$00000017  c_w.l(libinit2.o)
    0x0800021e   0x0800021e   0x00000000   Code   RO          394    .ARM.Collect$$libinit$$00000019  c_w.l(libinit2.o)
    0x0800021e   0x0800021e   0x00000000   Code   RO          396    .ARM.Collect$$libinit$$0000001B  c_w.l(libinit2.o)
    0x0800021e   0x0800021e   0x00000000   Code   RO          398    .ARM.Collect$$libinit$$0000001D  c_w.l(libinit2.o)
    0x0800021e   0x0800021e   0x00000000   Code   RO          400    .ARM.Collect$$libinit$$0000001F  c_w.l(libinit2.o)
    0x0800021e   0x0800021e   0x00000000   Code   RO          402    .ARM.Collect$$libinit$$00000021  c_w.l(libinit2.o)
    0x0800021e   0x0800021e   0x00000000   Code   RO          404    .ARM.Collect$$libinit$$00000023  c_w.l(libinit2.o)
    0x0800021e   0x0800021e   0x00000000   Code   RO          406    .ARM.Collect$$libinit$$00000025  c_w.l(libinit2.o)
    0x0800021e   0x0800021e   0x00000000   Code   RO          410    .ARM.Collect$$libinit$$0000002C  c_w.l(libinit2.o)
    0x0800021e   0x0800021e   0x00000000   Code   RO          412    .ARM.Collect$$libinit$$0000002E  c_w.l(libinit2.o)
    0x0800021e   0x0800021e   0x00000000   Code   RO          414    .ARM.Collect$$libinit$$00000030  c_w.l(libinit2.o)
    0x0800021e   0x0800021e   0x00000000   Code   RO          416    .ARM.Collect$$libinit$$00000032  c_w.l(libinit2.o)
    0x0800021e   0x0800021e   0x00000002   Code   RO          417    .ARM.Collect$$libinit$$00000033  c_w.l(libinit2.o)
    0x08000220   0x08000220   0x00000002   Code   RO          518    .ARM.Collect$$libshutdown$$00000000  c_w.l(libshutdown.o)
    0x08000222   0x08000222   0x00000000   Code   RO          551    .ARM.Collect$$libshutdown$$00000002  c_w.l(libshutdown2.o)
    0x08000222   0x08000222   0x00000000   Code   RO          553    .ARM.Collect$$libshutdown$$00000004  c_w.l(libshutdown2.o)
    0x08000222   0x08000222   0x00000000   Code   RO          556    .ARM.Collect$$libshutdown$$00000007  c_w.l(libshutdown2.o)
    0x08000222   0x08000222   0x00000000   Code   RO          559    .ARM.Collect$$libshutdown$$0000000A  c_w.l(libshutdown2.o)
    0x08000222   0x08000222   0x00000000   Code   RO          561    .ARM.Collect$$libshutdown$$0000000C  c_w.l(libshutdown2.o)
    0x08000222   0x08000222   0x00000000   Code   RO          564    .ARM.Collect$$libshutdown$$0000000F  c_w.l(libshutdown2.o)
    0x08000222   0x08000222   0x00000002   Code   RO          565    .ARM.Collect$$libshutdown$$00000010  c_w.l(libshutdown2.o)
    0x08000224   0x08000224   0x00000000   Code   RO          313    .ARM.Collect$$rtentry$$00000000  c_w.l(__rtentry.o)
    0x08000224   0x08000224   0x00000000   Code   RO          324    .ARM.Collect$$rtentry$$00000002  c_w.l(__rtentry2.o)
    0x08000224   0x08000224   0x00000006   Code   RO          336    .ARM.Collect$$rtentry$$00000004  c_w.l(__rtentry4.o)
    0x0800022a   0x0800022a   0x00000000   Code   RO          326    .ARM.Collect$$rtentry$$00000009  c_w.l(__rtentry2.o)
    0x0800022a   0x0800022a   0x00000004   Code   RO          327    .ARM.Collect$$rtentry$$0000000A  c_w.l(__rtentry2.o)
    0x0800022e   0x0800022e   0x00000000   Code   RO          329    .ARM.Collect$$rtentry$$0000000C  c_w.l(__rtentry2.o)
    0x0800022e   0x0800022e   0x00000008   Code   RO          330    .ARM.Collect$$rtentry$$0000000D  c_w.l(__rtentry2.o)
    0x08000236   0x08000236   0x00000002   Code   RO          418    .ARM.Collect$$rtexit$$00000000  c_w.l(rtexit.o)
    0x08000238   0x08000238   0x00000000   Code   RO          478    .ARM.Collect$$rtexit$$00000002  c_w.l(rtexit2.o)
    0x08000238   0x08000238   0x00000004   Code   RO          479    .ARM.Collect$$rtexit$$00000003  c_w.l(rtexit2.o)
    0x0800023c   0x0800023c   0x00000006   Code   RO          480    .ARM.Collect$$rtexit$$00000004  c_w.l(rtexit2.o)
    0x08000242   0x08000242   0x00000002   PAD
    0x08000244   0x08000244   0x00000040   Code   RO          258  * .text               startup_stm32f407xx.o
    0x08000284   0x08000284   0x00000064   Code   RO          299    .text               c_w.l(rt_memcpy_w.o)
    0x080002e8   0x080002e8   0x00000006   Code   RO          301    .text               c_w.l(heapauxi.o)
    0x080002ee   0x080002ee   0x00000016   Code   RO          314    .text               c_w.l(_rserrno.o)
    0x08000304   0x08000304   0x000000a4   Code   RO          316    .text               c_w.l(strtod.o)
    0x080003a8   0x080003a8   0x00000008   Code   RO          341    .text               c_w.l(rt_errno_addr_intlibspace.o)
    0x080003b0   0x080003b0   0x00000012   Code   RO          343    .text               c_w.l(isspace.o)
    0x080003c2   0x080003c2   0x00000040   Code   RO          345    .text               c_w.l(_sgetc.o)
    0x08000402   0x08000402   0x00000002   PAD
    0x08000404   0x08000404   0x00000008   Code   RO          352    .text               c_w.l(libspace.o)
    0x0800040c   0x0800040c   0x0000004a   Code   RO          355    .text               c_w.l(sys_stackheap_outer.o)
    0x08000456   0x08000456   0x00000002   PAD
    0x08000458   0x08000458   0x00000010   Code   RO          357    .text               c_w.l(rt_ctype_table.o)
    0x08000468   0x08000468   0x000004f8   Code   RO          359    .text               c_w.l(scanf_fp.o)
    0x08000960   0x08000960   0x00000012   Code   RO          363    .text               c_w.l(exit.o)
    0x08000972   0x08000972   0x00000002   PAD
    0x08000974   0x08000974   0x00000080   Code   RO          365    .text               c_w.l(strcmpv7m.o)
    0x080009f4   0x080009f4   0x00000008   Code   RO          423    .text               c_w.l(rt_locale_intlibspace.o)
    0x080009fc   0x080009fc   0x000000e4   Code   RO          425    .text               c_w.l(bigflt0.o)
    0x08000ae0   0x08000ae0   0x00000320   Code   RO          484    .text               c_w.l(scanf_hexfp.o)
    0x08000e00   0x08000e00   0x00000134   Code   RO          486    .text               c_w.l(scanf_infnan.o)
    0x08000f34   0x08000f34   0x0000000c   Code   RO          504    .text               c_w.l(sys_exit.o)
    0x08000f40   0x08000f40   0x00000026   Code   RO          508    .text               c_w.l(llshl.o)
    0x08000f66   0x08000f66   0x0000001c   Code   RO          510    .text               c_w.l(_chval.o)
    0x08000f82   0x08000f82   0x00000002   Code   RO          541    .text               c_w.l(use_no_semi.o)
    0x08000f84   0x08000f84   0x00000000   Code   RO          543    .text               c_w.l(indicate_semi.o)
    0x08000f84   0x08000f84   0x00000338   Code   RO          438    CL$$btod_div_common  c_w.l(btod.o)
    0x080012bc   0x080012bc   0x00000084   Code   RO          436    CL$$btod_e2d        c_w.l(btod.o)
    0x08001340   0x08001340   0x000000dc   Code   RO          435    CL$$btod_e2e        c_w.l(btod.o)
    0x0800141c   0x0800141c   0x0000002a   Code   RO          432    CL$$btod_ediv       c_w.l(btod.o)
    0x08001446   0x08001446   0x0000002a   Code   RO          434    CL$$btod_edivd      c_w.l(btod.o)
    0x08001470   0x08001470   0x0000002a   Code   RO          431    CL$$btod_emul       c_w.l(btod.o)
    0x0800149a   0x0800149a   0x0000002a   Code   RO          433    CL$$btod_emuld      c_w.l(btod.o)
    0x080014c4   0x080014c4   0x00000244   Code   RO          437    CL$$btod_mult_common  c_w.l(btod.o)
    0x08001708   0x08001708   0x00000018   Code   RO            5    i.Delay             config_kit_ver2.o
    0x08001720   0x08001720   0x0000005c   Code   RO            6    i.LCD_config        config_kit_ver2.o
    0x0800177c   0x0800177c   0x00000024   Code   RO            7    i.LCD_ctrlWR        config_kit_ver2.o
    0x080017a0   0x080017a0   0x00000024   Code   RO            8    i.LCD_dataWR        config_kit_ver2.o
    0x080017c4   0x080017c4   0x00000068   Code   RO            9    i.LCD_ini           config_kit_ver2.o
    0x0800182c   0x0800182c   0x00000010   Code   RO           12    i.SysTick_Handler   config_kit_ver2.o
    0x0800183c   0x0800183c   0x000000c0   Code   RO          264    i.SystemCoreClockUpdate  system_stm32f4xx.o
    0x080018fc   0x080018fc   0x00000064   Code   RO          265    i.SystemInit        system_stm32f4xx.o
    0x08001960   0x08001960   0x000000f8   Code   RO          469    i.__hardfp___mathlib_tofloat  m_wm.l(narrow.o)
    0x08001a58   0x08001a58   0x00000038   Code   RO          307    i.__hardfp_atof     m_wm.l(atof.o)
    0x08001a90   0x08001a90   0x000000d0   Code   RO          525    i.__hardfp_ldexp    m_wm.l(ldexp.o)
    0x08001b60   0x08001b60   0x00000020   Code   RO          574    i.__mathlib_dbl_overflow  m_wm.l(dunder.o)
    0x08001b80   0x08001b80   0x00000020   Code   RO          576    i.__mathlib_dbl_underflow  m_wm.l(dunder.o)
    0x08001ba0   0x08001ba0   0x00000012   Code   RO          470    i.__mathlib_narrow  m_wm.l(narrow.o)
    0x08001bb2   0x08001bb2   0x00000014   Code   RO          527    i.__support_ldexp   m_wm.l(ldexp.o)
    0x08001bc6   0x08001bc6   0x0000000e   Code   RO          361    i._is_digit         c_w.l(scanf_fp.o)
    0x08001bd4   0x08001bd4   0x00000004   PAD
    0x08001bd8   0x08001bd8   0x0000008c   Code   RO          498    i.frexp             m_wm.l(frexp.o)
    0x08001c64   0x08001c64   0x00000104   Code   RO           14    i.getkey            config_kit_ver2.o
    0x08001d68   0x08001d68   0x00000084   Code   RO           15    i.gpio_config       config_kit_ver2.o
    0x08001dec   0x08001dec   0x00000078   Code   RO           17    i.klavesnice_config  config_kit_ver2.o
    0x08001e64   0x08001e64   0x00000360   Code   RO          214    i.main              main.o
    0x080021c4   0x080021c4   0x00000032   Code   RO           20    i.puts_LCD          config_kit_ver2.o
    0x080021f6   0x080021f6   0x00000032   Code   RO           21    i.puts_LCD1         config_kit_ver2.o
    0x08002228   0x08002228   0x0000004c   Code   RO           28    i.write_nibble      config_kit_ver2.o
    0x08002274   0x08002274   0x00000054   Code   RO           29    i.write_nibble_res  config_kit_ver2.o
    0x080022c8   0x080022c8   0x0000002c   Code   RO          348    locale$$code        c_w.l(lc_numeric_c.o)
    0x080022f4   0x080022f4   0x0000002c   Code   RO          451    locale$$code        c_w.l(lc_ctype_c.o)
    0x08002320   0x08002320   0x00000062   Code   RO          305    x$fpl$d2f           fz_wm.l(d2f.o)
    0x08002382   0x08002382   0x00000002   PAD
    0x08002384   0x08002384   0x00000010   Code   RO          595    x$fpl$dcheck1       fz_wm.l(dcheck1.o)
    0x08002394   0x08002394   0x00000018   Code   RO          519    x$fpl$dcmpinf       fz_wm.l(dcmpi.o)
    0x080023ac   0x080023ac   0x00000078   Code   RO          492    x$fpl$deqf          fz_wm.l(deqf.o)
    0x08002424   0x08002424   0x00000078   Code   RO          521    x$fpl$dleqf         fz_wm.l(dleqf.o)
    0x0800249c   0x0800249c   0x00000154   Code   RO          523    x$fpl$dmul          fz_wm.l(dmul.o)
    0x080025f0   0x080025f0   0x0000009c   Code   RO          318    x$fpl$dnaninf       fz_wm.l(dnaninf.o)
    0x0800268c   0x0800268c   0x0000000c   Code   RO          566    x$fpl$dretinf       fz_wm.l(dretinf.o)
    0x08002698   0x08002698   0x0000006c   Code   RO          494    x$fpl$drleqf        fz_wm.l(drleqf.o)
    0x08002704   0x08002704   0x0000000a   Code   RO          459    x$fpl$fpinit        fz_wm.l(fpinit.o)
    0x0800270e   0x0800270e   0x0000000a   Code   RO          320    x$fpl$fretinf       fz_wm.l(fretinf.o)
    0x08002718   0x08002718   0x00000006   Code   RO          461    x$fpl$ieeestatus    fz_wm.l(istatus.o)
    0x0800271e   0x0800271e   0x00000064   Code   RO          605    x$fpl$retnan        fz_wm.l(retnan.o)
    0x08002782   0x08002782   0x0000005c   Code   RO          568    x$fpl$scalbn        fz_wm.l(scalbn.o)
    0x080027de   0x080027de   0x00000004   Code   RO          350    x$fpl$scanf1        fz_wm.l(scanf1.o)
    0x080027e2   0x080027e2   0x00000008   Code   RO          463    x$fpl$scanf2        fz_wm.l(scanf2.o)
    0x080027ea   0x080027ea   0x00000030   Code   RO          623    x$fpl$trapveneer    fz_wm.l(trapv.o)
    0x0800281a   0x0800281a   0x00000000   Code   RO          322    x$fpl$usenofp       fz_wm.l(usenofp.o)
    0x0800281a   0x0800281a   0x00000018   Data   RO          266    .constdata          system_stm32f4xx.o
    0x08002832   0x08002832   0x00000002   PAD
    0x08002834   0x08002834   0x00000094   Data   RO          426    .constdata          c_w.l(bigflt0.o)
    0x080028c8   0x080028c8   0x00000020   Data   RO          625    Region$$Table       anon$$obj.o
    0x080028e8   0x080028e8   0x00000008   Data   RO          455    c$$dinf             fz_wm.l(fpconst.o)
    0x080028f0   0x080028f0   0x00000008   Data   RO          458    c$$dmax             fz_wm.l(fpconst.o)
    0x080028f8   0x080028f8   0x0000001c   Data   RO          347    locale$$data        c_w.l(lc_numeric_c.o)
    0x08002914   0x08002914   0x00000110   Data   RO          450    locale$$data        c_w.l(lc_ctype_c.o)


    Execution Region ER_RW (Exec base: 0x20000000, Load base: 0x08002a24, Size: 0x0000000c, Max: 0xffffffff, ABSOLUTE)

    Exec Addr    Load Addr    Size         Type   Attr      Idx    E Section Name        Object

    0x20000000   0x08002a24   0x00000006   Data   RW           30    .data               config_kit_ver2.o
    0x20000006   0x08002a2a   0x00000002   PAD
    0x20000008   0x08002a2c   0x00000004   Data   RW          267    .data               system_stm32f4xx.o


    Execution Region ER_ZI (Exec base: 0x2000000c, Load base: 0x08002a30, Size: 0x00000664, Max: 0xffffffff, ABSOLUTE)

    Exec Addr    Load Addr    Size         Type   Attr      Idx    E Section Name        Object

    0x2000000c        -       0x00000060   Zero   RW          353    .bss                c_w.l(libspace.o)
    0x2000006c   0x08002a30   0x00000004   PAD
    0x20000070        -       0x00000200   Zero   RW          256    HEAP                startup_stm32f407xx.o
    0x20000270        -       0x00000400   Zero   RW          255    STACK               startup_stm32f407xx.o


==============================================================================

Image component sizes


      Code (inc. data)   RO Data    RW Data    ZI Data      Debug   Object Name

      1080         88          0          6          0     573034   config_kit_ver2.o
       864        218          0          0          0      27990   main.o
        64         26        392          0       1536        896   startup_stm32f407xx.o
       292         40         24          4          0       2343   system_stm32f4xx.o

    ----------------------------------------------------------------------
      2300        372        450         12       1536     604263   Object Totals
         0          0         32          0          0          0   (incl. Generated)
         0          0          2          2          0          0   (incl. Padding)

    ----------------------------------------------------------------------

      Code (inc. data)   RO Data    RW Data    ZI Data      Debug   Library Member Name

         8          0          0          0          0         68   __main.o
         0          0          0          0          0          0   __rtentry.o
        12          0          0          0          0          0   __rtentry2.o
         6          0          0          0          0          0   __rtentry4.o
        52          8          0          0          0          0   __scatter.o
        26          0          0          0          0          0   __scatter_copy.o
        28          0          0          0          0          0   __scatter_zi.o
        28          0          0          0          0         68   _chval.o
        22          0          0          0          0        100   _rserrno.o
        64          0          0          0          0         84   _sgetc.o
       228          4        148          0          0         96   bigflt0.o
      1924        136          0          0          0        756   btod.o
        18          0          0          0          0         80   exit.o
         6          0          0          0          0        152   heapauxi.o
         0          0          0          0          0          0   indicate_semi.o
        18          0          0          0          0         76   isspace.o
        44         10        272          0          0         76   lc_ctype_c.o
        44         10         28          0          0         76   lc_numeric_c.o
         2          0          0          0          0          0   libinit.o
        34          0          0          0          0          0   libinit2.o
         2          0          0          0          0          0   libshutdown.o
         2          0          0          0          0          0   libshutdown2.o
         8          4          0          0         96         68   libspace.o
        38          0          0          0          0         68   llshl.o
        16          4          0          0          0         76   rt_ctype_table.o
         8          4          0          0          0         68   rt_errno_addr_intlibspace.o
         8          4          0          0          0         68   rt_locale_intlibspace.o
       100          0          0          0          0         80   rt_memcpy_w.o
         2          0          0          0          0          0   rtexit.o
        10          0          0          0          0          0   rtexit2.o
      1286         16          0          0          0        236   scanf_fp.o
       800         14          0          0          0        100   scanf_hexfp.o
       308         16          0          0          0        100   scanf_infnan.o
       128          0          0          0          0         68   strcmpv7m.o
       164         14          0          0          0        120   strtod.o
        12          4          0          0          0         68   sys_exit.o
        74          0          0          0          0         80   sys_stackheap_outer.o
         2          0          0          0          0         68   use_no_semi.o
        98          4          0          0          0        140   d2f.o
        16          4          0          0          0        116   dcheck1.o
        24          0          0          0          0        116   dcmpi.o
       120          4          0          0          0        140   deqf.o
       120          4          0          0          0        140   dleqf.o
       340         12          0          0          0        152   dmul.o
       156          4          0          0          0        140   dnaninf.o
        12          0          0          0          0        116   dretinf.o
       108          0          0          0          0        128   drleqf.o
         0          0         16          0          0          0   fpconst.o
        10          0          0          0          0        116   fpinit.o
        10          0          0          0          0        116   fretinf.o
         6          0          0          0          0        116   istatus.o
       100          0          0          0          0        116   retnan.o
        92          0          0          0          0        116   scalbn.o
         4          0          0          0          0        116   scanf1.o
         8          0          0          0          0        132   scanf2.o
        48          0          0          0          0        116   trapv.o
         0          0          0          0          0          0   usenofp.o
        56         12          0          0          0        132   atof.o
        64         16          0          0          0        248   dunder.o
       140         22          0          0          0        132   frexp.o
       228          8          0          0          0        308   ldexp.o
       266         16          0          0          0        308   narrow.o

    ----------------------------------------------------------------------
      7574        354        464          0        100       6160   Library Totals
        16          0          0          0          4          0   (incl. Padding)

    ----------------------------------------------------------------------

      Code (inc. data)   RO Data    RW Data    ZI Data      Debug   Library Name

      5532        248        448          0         96       2900   c_w.l
      1272         32         16          0          0       2132   fz_wm.l
       754         74          0          0          0       1128   m_wm.l

    ----------------------------------------------------------------------
      7574        354        464          0        100       6160   Library Totals

    ----------------------------------------------------------------------

==============================================================================


      Code (inc. data)   RO Data    RW Data    ZI Data      Debug   

      9874        726        914         12       1636     605315   Grand Totals
      9874        726        914         12       1636     605315   ELF Image Totals
      9874        726        914         12          0          0   ROM Totals

==============================================================================

    Total RO  Size (Code + RO Data)                10788 (  10.54kB)
    Total RW  Size (RW Data + ZI Data)              1648 (   1.61kB)
    Total ROM Size (Code + RO Data + RW Data)      10800 (  10.55kB)

==============================================================================

