Component: ARM Compiler 5.06 update 6 (build 750) Tool: armlink [4d35ed]

==============================================================================

Section Cross References

    main.o(i.main) refers to _printf_percent.o(.ARM.Collect$$_printf_percent$$00000000) for _printf_percent
    main.o(i.main) refers to _printf_f.o(.ARM.Collect$$_printf_percent$$00000003) for _printf_f
    main.o(i.main) refers to printf1.o(x$fpl$printf1) for _printf_fp_dec
    main.o(i.main) refers to system_stm32f4xx.o(i.SystemCoreClockUpdate) for SystemCoreClockUpdate
    main.o(i.main) refers to config_kit_ver2.o(i.gpio_config) for gpio_config
    main.o(i.main) refers to config_kit_ver2.o(i.klavesnice_config) for klavesnice_config
    main.o(i.main) refers to config_kit_ver2.o(i.LCD_config) for LCD_config
    main.o(i.main) refers to config_kit_ver2.o(i.LCD_ini) for LCD_ini
    main.o(i.main) refers to config_kit_ver2.o(i.puts_LCD) for puts_LCD
    main.o(i.main) refers to config_kit_ver2.o(i.getkey) for getkey
    main.o(i.main) refers to config_kit_ver2.o(i.Delay) for Delay
    main.o(i.main) refers to atof.o(i.__hardfp_atof) for __hardfp_atof
    main.o(i.main) refers to d2f.o(x$fpl$d2f) for __aeabi_d2f
    main.o(i.main) refers to f2d.o(x$fpl$f2d) for __aeabi_f2d
    main.o(i.main) refers to daddsub_clz.o(x$fpl$dadd) for __aeabi_dadd
    main.o(i.main) refers to noretval__2sprintf.o(.text) for __2sprintf
    main.o(i.main) refers to config_kit_ver2.o(i.getkey1) for getkey1
    main.o(i.main) refers to system_stm32f4xx.o(.data) for SystemCoreClock
    config_kit_ver2.o(i.Delay) refers to config_kit_ver2.o(.data) for Ticks
    config_kit_ver2.o(i.LCD_ctrlWR) refers to config_kit_ver2.o(i.write_nibble) for write_nibble
    config_kit_ver2.o(i.LCD_ctrlWR) refers to config_kit_ver2.o(i.Delay) for Delay
    config_kit_ver2.o(i.LCD_dataWR) refers to config_kit_ver2.o(i.write_nibble) for write_nibble
    config_kit_ver2.o(i.LCD_dataWR) refers to config_kit_ver2.o(i.Delay) for Delay
    config_kit_ver2.o(i.LCD_ini) refers to config_kit_ver2.o(i.Delay) for Delay
    config_kit_ver2.o(i.LCD_ini) refers to config_kit_ver2.o(i.write_nibble_res) for write_nibble_res
    config_kit_ver2.o(i.LCD_ini) refers to config_kit_ver2.o(i.LCD_ctrlWR) for LCD_ctrlWR
    config_kit_ver2.o(i.SysTick_Handler) refers to config_kit_ver2.o(.data) for Ticks
    config_kit_ver2.o(i.bzz) refers to config_kit_ver2.o(i.Delay) for Delay
    config_kit_ver2.o(i.getkey) refers to config_kit_ver2.o(i.Delay) for Delay
    config_kit_ver2.o(i.getkey1) refers to config_kit_ver2.o(i.Delay) for Delay
    config_kit_ver2.o(i.getkey2) refers to config_kit_ver2.o(i.Delay) for Delay
    config_kit_ver2.o(i.putasci) refers to config_kit_ver2.o(i.hextoascii) for hextoascii
    config_kit_ver2.o(i.putasci) refers to config_kit_ver2.o(i.LCD_dataWR) for LCD_dataWR
    config_kit_ver2.o(i.puts_LCD) refers to config_kit_ver2.o(i.LCD_ctrlWR) for LCD_ctrlWR
    config_kit_ver2.o(i.puts_LCD) refers to config_kit_ver2.o(i.LCD_dataWR) for LCD_dataWR
    config_kit_ver2.o(i.putserial) refers to strlen.o(.text) for strlen
    config_kit_ver2.o(i.teplo_aktiv) refers to config_kit_ver2.o(.data) for dataIn
    config_kit_ver2.o(i.teplo_cti2) refers to config_kit_ver2.o(.data) for dataIn
    config_kit_ver2.o(i.write_nibble) refers to config_kit_ver2.o(i.Delay) for Delay
    config_kit_ver2.o(i.write_nibble_res) refers to config_kit_ver2.o(i.Delay) for Delay
    startup_stm32f407xx.o(STACK) refers (Special) to heapauxi.o(.text) for __use_two_region_memory
    startup_stm32f407xx.o(HEAP) refers (Special) to heapauxi.o(.text) for __use_two_region_memory
    startup_stm32f407xx.o(RESET) refers (Special) to heapauxi.o(.text) for __use_two_region_memory
    startup_stm32f407xx.o(RESET) refers to startup_stm32f407xx.o(STACK) for __initial_sp
    startup_stm32f407xx.o(RESET) refers to startup_stm32f407xx.o(.text) for Reset_Handler
    startup_stm32f407xx.o(RESET) refers to config_kit_ver2.o(i.SysTick_Handler) for SysTick_Handler
    startup_stm32f407xx.o(.text) refers (Special) to heapauxi.o(.text) for __use_two_region_memory
    startup_stm32f407xx.o(.text) refers to system_stm32f4xx.o(i.SystemInit) for SystemInit
    startup_stm32f407xx.o(.text) refers to __main.o(!!!main) for __main
    startup_stm32f407xx.o(.text) refers to startup_stm32f407xx.o(HEAP) for Heap_Mem
    startup_stm32f407xx.o(.text) refers to startup_stm32f407xx.o(STACK) for Stack_Mem
    system_stm32f4xx.o(i.SystemCoreClockUpdate) refers to system_stm32f4xx.o(.data) for SystemCoreClock
    system_stm32f4xx.o(i.SystemCoreClockUpdate) refers to system_stm32f4xx.o(.constdata) for AHBPrescTable
    __2sprintf.o(.text) refers to _printf_char_common.o(.text) for _printf_char_common
    __2sprintf.o(.text) refers to _sputc.o(.text) for _sputc
    noretval__2sprintf.o(.text) refers to _printf_char_common.o(.text) for _printf_char_common
[...]
    Removing config_kit_ver2.o(i.hextoascii), (24 bytes).
    Removing config_kit_ver2.o(i.putasci), (44 bytes).
    Removing config_kit_ver2.o(i.putchar1), (28 bytes).
    Removing config_kit_ver2.o(i.putserial), (56 bytes).
    Removing config_kit_ver2.o(i.sample1), (28 bytes).
    Removing config_kit_ver2.o(i.sample_1), (40 bytes).
    Removing config_kit_ver2.o(i.teplo_aktiv), (180 bytes).
    Removing config_kit_ver2.o(i.teplo_config), (372 bytes).
    Removing config_kit_ver2.o(i.teplo_cti2), (176 bytes).
    Removing system_stm32f4xx.o(.rev16_text), (4 bytes).
    Removing system_stm32f4xx.o(.revsh_text), (4 bytes).

21 unused section(s) (total 1880 bytes) removed from the image.

==============================================================================

Image Symbol Table

    Local Symbols

    Symbol Name                              Value     Ov Type        Size  Object(Section)

    ../clib/angel/boardlib.s                 0x00000000   Number         0  boardshut.o ABSOLUTE
    ../clib/angel/boardlib.s                 0x00000000   Number         0  boardinit2.o ABSOLUTE
    ../clib/angel/boardlib.s                 0x00000000   Number         0  boardinit3.o ABSOLUTE
    ../clib/angel/boardlib.s                 0x00000000   Number         0  boardinit1.o ABSOLUTE
    ../clib/angel/handlers.s                 0x00000000   Number         0  __scatter_zi.o ABSOLUTE
    ../clib/angel/handlers.s                 0x00000000   Number         0  __scatter_copy.o ABSOLUTE
    ../clib/angel/kernel.s                   0x00000000   Number         0  __rtentry4.o ABSOLUTE
    ../clib/angel/kernel.s                   0x00000000   Number         0  rtexit.o ABSOLUTE
    ../clib/angel/kernel.s                   0x00000000   Number         0  __rtentry.o ABSOLUTE
    ../clib/angel/kernel.s                   0x00000000   Number         0  rtexit2.o ABSOLUTE
    ../clib/angel/kernel.s                   0x00000000   Number         0  __rtentry2.o ABSOLUTE
    ../clib/angel/rt.s                       0x00000000   Number         0  rt_locale_intlibspace.o ABSOLUTE
    ../clib/angel/rt.s                       0x00000000   Number         0  rt_locale.o ABSOLUTE
    ../clib/angel/rt.s                       0x00000000   Number         0  rt_raise.o ABSOLUTE
    ../clib/angel/rt.s                       0x00000000   Number         0  rt_errno_addr.o ABSOLUTE
    ../clib/angel/rt.s                       0x00000000   Number         0  rt_ctype_table.o ABSOLUTE
    ../clib/angel/rt.s                       0x00000000   Number         0  rt_errno_addr_intlibspace.o ABSOLUTE
    ../clib/angel/scatter.s                  0x00000000   Number         0  __scatter.o ABSOLUTE
    ../clib/angel/startup.s                  0x00000000   Number         0  __main.o ABSOLUTE
    ../clib/angel/sys.s                      0x00000000   Number         0  use_no_semi.o ABSOLUTE
    ../clib/angel/sys.s                      0x00000000   Number         0  indicate_semi.o ABSOLUTE
    ../clib/angel/sys.s                      0x00000000   Number         0  sys_stackheap_outer.o ABSOLUTE
    ../clib/angel/sys.s                      0x00000000   Number         0  libspace.o ABSOLUTE
    ../clib/angel/sysapp.c                   0x00000000   Number         0  sys_command.o ABSOLUTE
    ../clib/angel/sysapp.c                   0x00000000   Number         0  sys_exit.o ABSOLUTE
    ../clib/angel/sysapp.c                   0x00000000   Number         0  sys_wrch.o ABSOLUTE
    ../clib/armsys.c                         0x00000000   Number         0  argv_veneer.o ABSOLUTE
    ../clib/armsys.c                         0x00000000   Number         0  argv_veneer.o ABSOLUTE
    ../clib/armsys.c                         0x00000000   Number         0  _get_argv_nomalloc.o ABSOLUTE
    ../clib/armsys.c                         0x00000000   Number         0  no_argv.o ABSOLUTE
    ../clib/bigflt.c                         0x00000000   Number         0  bigflt0.o ABSOLUTE
    ../clib/btod.s                           0x00000000   Number         0  btod.o ABSOLUTE
    ../clib/ctype.c                          0x00000000   Number         0  isspace.o ABSOLUTE
    ../clib/fenv.c                           0x00000000   Number         0  _rserrno.o ABSOLUTE
    ../clib/heapalloc.c                      0x00000000   Number         0  hrguard.o ABSOLUTE
    ../clib/heapaux.c                        0x00000000   Number         0  heapauxi.o ABSOLUTE
    ../clib/libinit.s                        0x00000000   Number         0  libshutdown.o ABSOLUTE
    ../clib/libinit.s                        0x00000000   Number         0  libinit.o ABSOLUTE
    ../clib/libinit.s                        0x00000000   Number         0  libinit2.o ABSOLUTE
    ../clib/libinit.s                        0x00000000   Number         0  libshutdown2.o ABSOLUTE
    ../clib/locale.s                         0x00000000   Number         0  lc_numeric_c.o ABSOLUTE
    ../clib/locale.s                         0x00000000   Number         0  lc_ctype_c.o ABSOLUTE
    ../clib/longlong.s                       0x00000000   Number         0  lludiv10.o ABSOLUTE
    ../clib/longlong.s                       0x00000000   Number         0  llshl.o ABSOLUTE
    ../clib/memcpset.s                       0x00000000   Number         0  strcmpv7m.o ABSOLUTE
    ../clib/misc.s                           0x00000000   Number         0  printf_stubs.o ABSOLUTE
    ../clib/printf.c                         0x00000000   Number         0  __printf_flags_ss.o ABSOLUTE
    ../clib/printf.c                         0x00000000   Number         0  __printf_wp.o ABSOLUTE
    ../clib/printf.c                         0x00000000   Number         0  __printf_flags_wp.o ABSOLUTE
    ../clib/printf.c                         0x00000000   Number         0  __printf_ss_wp.o ABSOLUTE
    ../clib/printf.c                         0x00000000   Number         0  __printf_flags_ss_wp.o ABSOLUTE
    ../clib/printf.c                         0x00000000   Number         0  __printf_ss.o ABSOLUTE
    ../clib/printf.c                         0x00000000   Number         0  _printf_char_common.o ABSOLUTE
    ../clib/printf.c                         0x00000000   Number         0  _sputc.o ABSOLUTE
    ../clib/printf.c                         0x00000000   Number         0  _printf_fp_infnan.o ABSOLUTE
    ../clib/printf.c                         0x00000000   Number         0  __printf_nopercent.o ABSOLUTE
    ../clib/printf.c                         0x00000000   Number         0  __2sprintf.o ABSOLUTE
    ../clib/printf.c                         0x00000000   Number         0  noretval__2sprintf.o ABSOLUTE
    ../clib/printf.c                         0x00000000   Number         0  __printf.o ABSOLUTE
    ../clib/printf.c                         0x00000000   Number         0  __printf_flags.o ABSOLUTE
    ../clib/printf.c                         0x00000000   Number         0  _printf_fp_dec.o ABSOLUTE
    ../clib/printf_percent.s                 0x00000000   Number         0  _printf_f.o ABSOLUTE
    ../clib/printf_percent.s                 0x00000000   Number         0  _printf_percent.o ABSOLUTE
    ../clib/printf_percent.s                 0x00000000   Number         0  _printf_percent_end.o ABSOLUTE
    ../clib/scanf.c                          0x00000000   Number         0  scanf_infnan.o ABSOLUTE
    ../clib/scanf.c                          0x00000000   Number         0  scanf_hexfp.o ABSOLUTE
    ../clib/scanf.c                          0x00000000   Number         0  scanf_fp.o ABSOLUTE
    ../clib/scanf.c                          0x00000000   Number         0  _chval.o ABSOLUTE
    ../clib/scanf.c                          0x00000000   Number         0  strtod.o ABSOLUTE
    ../clib/scanf.c                          0x00000000   Number         0  _sgetc.o ABSOLUTE
    ../clib/signal.c                         0x00000000   Number         0  defsig_rtred_inner.o ABSOLUTE
    ../clib/signal.c                         0x00000000   Number         0  defsig_stak_inner.o ABSOLUTE
    ../clib/signal.c                         0x00000000   Number         0  defsig_cppl_inner.o ABSOLUTE
    ../clib/signal.c                         0x00000000   Number         0  defsig_rtmem_outer.o ABSOLUTE
    ../clib/signal.c                         0x00000000   Number         0  defsig_fpe_inner.o ABSOLUTE
    ../clib/signal.c                         0x00000000   Number         0  defsig_abrt_inner.o ABSOLUTE
    ../clib/signal.c                         0x00000000   Number         0  defsig_rtmem_formal.o ABSOLUTE
    ../clib/signal.c                         0x00000000   Number         0  defsig_segv_inner.o ABSOLUTE
    ../clib/signal.c                         0x00000000   Number         0  defsig_other.o ABSOLUTE
    ../clib/signal.c                         0x00000000   Number         0  defsig_pvfn_inner.o ABSOLUTE
    ../clib/signal.c                         0x00000000   Number         0  defsig_general.o ABSOLUTE
    ../clib/signal.c                         0x00000000   Number         0  __raise.o ABSOLUTE
    ../clib/signal.c                         0x00000000   Number         0  defsig_rtmem_inner.o ABSOLUTE
    ../clib/signal.c                         0x00000000   Number         0  defsig_exit.o ABSOLUTE
    ../clib/signal.s                         0x00000000   Number         0  defsig.o ABSOLUTE
    ../clib/stdlib.c                         0x00000000   Number         0  exit.o ABSOLUTE
    ../clib/string.c                         0x00000000   Number         0  strlen.o ABSOLUTE
    ../fplib/d2f.s                           0x00000000   Number         0  d2f.o ABSOLUTE
    ../fplib/daddsub.s                       0x00000000   Number         0  daddsub_clz.o ABSOLUTE
    ../fplib/dcheck1.s                       0x00000000   Number         0  dcheck1.o ABSOLUTE
    ../fplib/dcmpi.s                         0x00000000   Number         0  dcmpi.o ABSOLUTE
    ../fplib/ddiv.s                          0x00000000   Number         0  ddiv.o ABSOLUTE
    ../fplib/deqf.s                          0x00000000   Number         0  deqf.o ABSOLUTE
    ../fplib/dleqf.s                         0x00000000   Number         0  dleqf.o ABSOLUTE
    ../fplib/dmul.s                          0x00000000   Number         0  dmul.o ABSOLUTE
    ../fplib/dnaninf.s                       0x00000000   Number         0  dnaninf.o ABSOLUTE
    ../fplib/dretinf.s                       0x00000000   Number         0  dretinf.o ABSOLUTE
    ../fplib/drleqf.s                        0x00000000   Number         0  drleqf.o ABSOLUTE
    ../fplib/f2d.s                           0x00000000   Number         0  f2d.o ABSOLUTE
    ../fplib/fnaninf.s                       0x00000000   Number         0  fnaninf.o ABSOLUTE
    ../fplib/fpconst.s                       0x00000000   Number         0  fpconst.o ABSOLUTE
    ../fplib/fpinit.s                        0x00000000   Number         0  fpinit.o ABSOLUTE
    ../fplib/fretinf.s                       0x00000000   Number         0  fretinf.o ABSOLUTE
    ../fplib/istatus.s                       0x00000000   Number         0  istatus.o ABSOLUTE
    ../fplib/printf1.s                       0x00000000   Number         0  printf1.o ABSOLUTE
    ../fplib/retnan.s                        0x00000000   Number         0  retnan.o ABSOLUTE
    ../fplib/scalbn.s                        0x00000000   Number         0  scalbn.o ABSOLUTE
    ../fplib/scanf1.s                        0x00000000   Number         0  scanf1.o ABSOLUTE
    ../fplib/scanf2.s                        0x00000000   Number         0  scanf2.o ABSOLUTE
    ../fplib/scanf2a.s                       0x00000000   Number         0  scanf2a.o ABSOLUTE
    ../fplib/scanf2b.s                       0x00000000   Number         0  scanf2b.o ABSOLUTE
    ../fplib/trapv.s                         0x00000000   Number         0  trapv.o ABSOLUTE
    ../fplib/usenofp.s                       0x00000000   Number         0  usenofp.o ABSOLUTE
    ../mathlib/atof.c                        0x00000000   Number         0  atof.o ABSOLUTE
    ../mathlib/dunder.c                      0x00000000   Number         0  dunder.o ABSOLUTE
    ../mathlib/fpclassify.c                  0x00000000   Number         0  fpclassify.o ABSOLUTE
    ../mathlib/frexp.c                       0x00000000   Number         0  frexp.o ABSOLUTE
    ../mathlib/ldexp.c                       0x00000000   Number         0  ldexp_x.o ABSOLUTE
    ../mathlib/ldexp.c                       0x00000000   Number         0  ldexp.o ABSOLUTE
    ../mathlib/narrow.c                      0x00000000   Number         0  narrow.o ABSOLUTE
    ../mathlib/qnan.c                        0x00000000   Number         0  qnan.o ABSOLUTE
    RTE\Device\STM32F407VGTx\config_kit_ver2.c 0x00000000   Number         0  config_kit_ver2.o ABSOLUTE
    RTE\Device\STM32F407VGTx\main.c          0x00000000   Number         0  main.o ABSOLUTE
    RTE\Device\STM32F407VGTx\startup_stm32f407xx.s 0x00000000   Number         0  startup_stm32f407xx.o ABSOLUTE
    RTE\Device\STM32F407VGTx\system_stm32f4xx.c 0x00000000   Number         0  system_stm32f4xx.o ABSOLUTE
    RTE\\Device\\STM32F407VGTx\\config_kit_ver2.c 0x00000000   Number         0  config_kit_ver2.o ABSOLUTE
    RTE\\Device\\STM32F407VGTx\\main.c       0x00000000   Number         0  main.o ABSOLUTE
    RTE\\Device\\STM32F407VGTx\\system_stm32f4xx.c 0x00000000   Number         0  system_stm32f4xx.o ABSOLUTE
    dc.s                                     0x00000000   Number         0  dc.o ABSOLUTE
    RESET                                    0x08000000   Section      392  startup_stm32f407xx.o(RESET)
    !!!main                                  0x08000188   Section        8  __main.o(!!!main)
    !!!scatter                               0x08000190   Section       52  __scatter.o(!!!scatter)
    !!handler_copy                           0x080001c4   Section       26  __scatter_copy.o(!!handler_copy)
    !!handler_zi                             0x080001e0   Section       28  __scatter_zi.o(!!handler_zi)
    .ARM.Collect$$_printf_percent$$00000000  0x080001fc   Section        0  _printf_percent.o(.ARM.Collect$$_printf_percent$$00000000)
    .ARM.Collect$$_printf_percent$$00000003  0x080001fc   Section        6  _printf_f.o(.ARM.Collect$$_printf_percent$$00000003)
    .ARM.Collect$$_printf_percent$$00000017  0x08000202   Section        4  _printf_percent_end.o(.ARM.Collect$$_printf_percent$$00000017)
    .ARM.Collect$$libinit$$00000000          0x08000206   Section        2  libinit.o(.ARM.Collect$$libinit$$00000000)
    .ARM.Collect$$libinit$$00000001          0x08000208   Section        4  libinit2.o(.ARM.Collect$$libinit$$00000001)
    .ARM.Collect$$libinit$$00000004          0x0800020c   Section        0  libinit2.o(.ARM.Collect$$libinit$$00000004)
    .ARM.Collect$$libinit$$0000000A          0x0800020c   Section        0  libinit2.o(.ARM.Collect$$libinit$$0000000A)
    .ARM.Collect$$libinit$$0000000C          0x0800020c   Section        0  libinit2.o(.ARM.Collect$$libinit$$0000000C)
    .ARM.Collect$$libinit$$0000000E          0x0800020c   Section        0  libinit2.o(.ARM.Collect$$libinit$$0000000E)
    .ARM.Collect$$libinit$$0000000F          0x0800020c   Section        6  libinit2.o(.ARM.Collect$$libinit$$0000000F)
    .ARM.Collect$$libinit$$00000011          0x08000212   Section        0  libinit2.o(.ARM.Collect$$libinit$$00000011)
    .ARM.Collect$$libinit$$00000012          0x08000212   Section       12  libinit2.o(.ARM.Collect$$libinit$$00000012)
    .ARM.Collect$$libinit$$00000013          0x0800021e   Section        0  libinit2.o(.ARM.Collect$$libinit$$00000013)
    .ARM.Collect$$libinit$$00000015          0x0800021e   Section        0  libinit2.o(.ARM.Collect$$libinit$$00000015)
    .ARM.Collect$$libinit$$00000016          0x0800021e   Section       10  libinit2.o(.ARM.Collect$$libinit$$00000016)
    .ARM.Collect$$libinit$$00000017          0x08000228   Section        0  libinit2.o(.ARM.Collect$$libinit$$00000017)
    .ARM.Collect$$libinit$$00000019          0x08000228   Section        0  libinit2.o(.ARM.Collect$$libinit$$00000019)
    .ARM.Collect$$libinit$$0000001B          0x08000228   Section        0  libinit2.o(.ARM.Collect$$libinit$$0000001B)
    .ARM.Collect$$libinit$$0000001D          0x08000228   Section        0  libinit2.o(.ARM.Collect$$libinit$$0000001D)
    .ARM.Collect$$libinit$$0000001F          0x08000228   Section        0  libinit2.o(.ARM.Collect$$libinit$$0000001F)
    .ARM.Collect$$libinit$$00000021          0x08000228   Section        0  libinit2.o(.ARM.Collect$$libinit$$00000021)
    .ARM.Collect$$libinit$$00000023          0x08000228   Section        0  libinit2.o(.ARM.Collect$$libinit$$00000023)
    .ARM.Collect$$libinit$$00000025          0x08000228   Section        0  libinit2.o(.ARM.Collect$$libinit$$00000025)
    .ARM.Collect$$libinit$$0000002C          0x08000228   Section        0  libinit2.o(.ARM.Collect$$libinit$$0000002C)
    .ARM.Collect$$libinit$$0000002E          0x08000228   Section        0  libinit2.o(.ARM.Collect$$libinit$$0000002E)
    .ARM.Collect$$libinit$$00000030          0x08000228   Section        0  libinit2.o(.ARM.Collect$$libinit$$00000030)
    .ARM.Collect$$libinit$$00000032          0x08000228   Section        0  libinit2.o(.ARM.Collect$$libinit$$00000032)
    .ARM.Collect$$libinit$$00000033          0x08000228   Section        2  libinit2.o(.ARM.Collect$$libinit$$00000033)
    .ARM.Collect$$libshutdown$$00000000      0x0800022a   Section        2  libshutdown.o(.ARM.Collect$$libshutdown$$00000000)
    .ARM.Collect$$libshutdown$$00000002      0x0800022c   Section        0  libshutdown2.o(.ARM.Collect$$libshutdown$$00000002)
    .ARM.Collect$$libshutdown$$00000004      0x0800022c   Section        0  libshutdown2.o(.ARM.Collect$$libshutdown$$00000004)
    .ARM.Collect$$libshutdown$$00000007      0x0800022c   Section        0  libshutdown2.o(.ARM.Collect$$libshutdown$$00000007)
    .ARM.Collect$$libshutdown$$0000000A      0x0800022c   Section        0  libshutdown2.o(.ARM.Collect$$libshutdown$$0000000A)
    .ARM.Collect$$libshutdown$$0000000C      0x0800022c   Section        0  libshutdown2.o(.ARM.Collect$$libshutdown$$0000000C)
    .ARM.Collect$$libshutdown$$0000000F      0x0800022c   Section        0  libshutdown2.o(.ARM.Collect$$libshutdown$$0000000F)
    .ARM.Collect$$libshutdown$$00000010      0x0800022c   Section        2  libshutdown2.o(.ARM.Collect$$libshutdown$$00000010)
    .ARM.Collect$$rtentry$$00000000          0x0800022e   Section        0  __rtentry.o(.ARM.Collect$$rtentry$$00000000)
    .ARM.Collect$$rtentry$$00000002          0x0800022e   Section        0  __rtentry2.o(.ARM.Collect$$rtentry$$00000002)
    .ARM.Collect$$rtentry$$00000004          0x0800022e   Section        6  __rtentry4.o(.ARM.Collect$$rtentry$$00000004)
    .ARM.Collect$$rtentry$$00000009          0x08000234   Section        0  __rtentry2.o(.ARM.Collect$$rtentry$$00000009)
    .ARM.Collect$$rtentry$$0000000A          0x08000234   Section        4  __rtentry2.o(.ARM.Collect$$rtentry$$0000000A)
    .ARM.Collect$$rtentry$$0000000C          0x08000238   Section        0  __rtentry2.o(.ARM.Collect$$rtentry$$0000000C)
    .ARM.Collect$$rtentry$$0000000D          0x08000238   Section        8  __rtentry2.o(.ARM.Collect$$rtentry$$0000000D)
    .ARM.Collect$$rtexit$$00000000           0x08000240   Section        2  rtexit.o(.ARM.Collect$$rtexit$$00000000)
    .ARM.Collect$$rtexit$$00000002           0x08000242   Section        0  rtexit2.o(.ARM.Collect$$rtexit$$00000002)
    .ARM.Collect$$rtexit$$00000003           0x08000242   Section        4  rtexit2.o(.ARM.Collect$$rtexit$$00000003)
    .ARM.Collect$$rtexit$$00000004           0x08000246   Section        6  rtexit2.o(.ARM.Collect$$rtexit$$00000004)
    .text                                    0x0800024c   Section       64  startup_stm32f407xx.o(.text)
    $v0                                      0x0800024c   Number         0  startup_stm32f407xx.o(.text)
    .text                                    0x0800028c   Section        0  noretval__2sprintf.o(.text)
    .text                                    0x080002b4   Section        0  __printf_wp.o(.text)
    .text                                    0x080003c2   Section        0  heapauxi.o(.text)
    .text                                    0x080003c8   Section        0  _rserrno.o(.text)
    .text                                    0x080003de   Section        0  _printf_fp_dec.o(.text)
    _fp_digits                               0x080003e1   Thumb Code   432  _printf_fp_dec.o(.text)
    .text                                    0x080007fc   Section        0  _printf_char_common.o(.text)
    _printf_input_char                       0x080007fd   Thumb Code    10  _printf_char_common.o(.text)
    .text                                    0x0800082c   Section        0  _sputc.o(.text)
    .text                                    0x08000838   Section        0  strtod.o(.text)
    _local_sscanf                            0x08000839   Thumb Code    60  strtod.o(.text)
    .text                                    0x080008dc   Section        8  rt_locale_intlibspace.o(.text)
    .text                                    0x080008e4   Section        8  rt_errno_addr_intlibspace.o(.text)
    .text                                    0x080008ec   Section      138  lludiv10.o(.text)
    .text                                    0x08000976   Section        0  isspace.o(.text)
    .text                                    0x08000988   Section        0  _printf_fp_infnan.o(.text)
    .text                                    0x08000a08   Section        0  _sgetc.o(.text)
    .text                                    0x08000a48   Section        0  bigflt0.o(.text)
    .text                                    0x08000b2c   Section        8  libspace.o(.text)
    .text                                    0x08000b34   Section       74  sys_stackheap_outer.o(.text)
    .text                                    0x08000b80   Section       16  rt_ctype_table.o(.text)
    .text                                    0x08000b90   Section        0  scanf_fp.o(.text)
    _fp_value                                0x08000b91   Thumb Code   588  scanf_fp.o(.text)
    .text                                    0x08001088   Section        0  exit.o(.text)
    .text                                    0x0800109c   Section      128  strcmpv7m.o(.text)
    .text                                    0x0800111c   Section        0  scanf_hexfp.o(.text)
    .text                                    0x0800143c   Section        0  scanf_infnan.o(.text)
    .text                                    0x08001570   Section        0  sys_exit.o(.text)
    .text                                    0x0800157c   Section       38  llshl.o(.text)
    .text                                    0x080015a2   Section        0  _chval.o(.text)
    .text                                    0x080015be   Section        2  use_no_semi.o(.text)
    .text                                    0x080015c0   Section        0  indicate_semi.o(.text)
    CL$$btod_d2e                             0x080015c0   Section       62  btod.o(CL$$btod_d2e)
    CL$$btod_d2e_denorm_low                  0x080015fe   Section       70  btod.o(CL$$btod_d2e_denorm_low)
    CL$$btod_d2e_norm_op1                    0x08001644   Section       96  btod.o(CL$$btod_d2e_norm_op1)
    CL$$btod_div_common                      0x080016a4   Section      824  btod.o(CL$$btod_div_common)
    CL$$btod_e2d                             0x080019dc   Section      132  btod.o(CL$$btod_e2d)
    CL$$btod_e2e                             0x08001a60   Section      220  btod.o(CL$$btod_e2e)
    CL$$btod_ediv                            0x08001b3c   Section       42  btod.o(CL$$btod_ediv)
    CL$$btod_edivd                           0x08001b66   Section       42  btod.o(CL$$btod_edivd)
    CL$$btod_emul                            0x08001b90   Section       42  btod.o(CL$$btod_emul)
    CL$$btod_emuld                           0x08001bba   Section       42  btod.o(CL$$btod_emuld)
    CL$$btod_mult_common                     0x08001be4   Section      580  btod.o(CL$$btod_mult_common)
    i.Delay                                  0x08001e28   Section        0  config_kit_ver2.o(i.Delay)
    i.LCD_config                             0x08001e40   Section        0  config_kit_ver2.o(i.LCD_config)
    i.LCD_ctrlWR                             0x08001e9c   Section        0  config_kit_ver2.o(i.LCD_ctrlWR)
    i.LCD_dataWR                             0x08001ec0   Section        0  config_kit_ver2.o(i.LCD_dataWR)
    i.LCD_ini                                0x08001ee4   Section        0  config_kit_ver2.o(i.LCD_ini)
    i.SysTick_Handler                        0x08001f4c   Section        0  config_kit_ver2.o(i.SysTick_Handler)
    i.SystemCoreClockUpdate                  0x08001f5c   Section        0  system_stm32f4xx.o(i.SystemCoreClockUpdate)
    i.SystemInit                             0x0800201c   Section        0  system_stm32f4xx.o(i.SystemInit)
    i.__ARM_fpclassify                       0x08002080   Section        0  fpclassify.o(i.__ARM_fpclassify)
    i.__hardfp___mathlib_tofloat             0x080020b0   Section        0  narrow.o(i.__hardfp___mathlib_tofloat)
    i.__hardfp_atof                          0x080021a8   Section        0  atof.o(i.__hardfp_atof)
    i.__hardfp_ldexp                         0x080021e0   Section        0  ldexp.o(i.__hardfp_ldexp)
    i.__mathlib_dbl_overflow                 0x080022b0   Section        0  dunder.o(i.__mathlib_dbl_overflow)
    i.__mathlib_dbl_underflow                0x080022d0   Section        0  dunder.o(i.__mathlib_dbl_underflow)
    i.__mathlib_narrow                       0x080022f0   Section        0  narrow.o(i.__mathlib_narrow)
    i.__support_ldexp                        0x08002302   Section        0  ldexp.o(i.__support_ldexp)
    i._is_digit                              0x08002316   Section        0  __printf_wp.o(i._is_digit)
    i.frexp                                  0x08002328   Section        0  frexp.o(i.frexp)
    i.getkey                                 0x080023b4   Section        0  config_kit_ver2.o(i.getkey)
    i.getkey1                                0x080024b8   Section        0  config_kit_ver2.o(i.getkey1)
    i.gpio_config                            0x080025b4   Section        0  config_kit_ver2.o(i.gpio_config)
    i.klavesnice_config                      0x08002638   Section        0  config_kit_ver2.o(i.klavesnice_config)
    i.main                                   0x080026b0   Section        0  main.o(i.main)
    i.puts_LCD                               0x08002984   Section        0  config_kit_ver2.o(i.puts_LCD)
    i.write_nibble                           0x080029b8   Section        0  config_kit_ver2.o(i.write_nibble)
    i.write_nibble_res                       0x08002a04   Section        0  config_kit_ver2.o(i.write_nibble_res)
    locale$$code                             0x08002a58   Section       44  lc_numeric_c.o(locale$$code)
    locale$$code                             0x08002a84   Section       44  lc_ctype_c.o(locale$$code)
    x$fpl$d2f                                0x08002ab0   Section       98  d2f.o(x$fpl$d2f)
    $v0                                      0x08002ab0   Number         0  d2f.o(x$fpl$d2f)
    x$fpl$dadd                               0x08002b14   Section      336  daddsub_clz.o(x$fpl$dadd)
    $v0                                      0x08002b14   Number         0  daddsub_clz.o(x$fpl$dadd)
    _dadd1                                   0x08002b25   Thumb Code     0  daddsub_clz.o(x$fpl$dadd)
    x$fpl$dcheck1                            0x08002c64   Section       16  dcheck1.o(x$fpl$dcheck1)
    $v0                                      0x08002c64   Number         0  dcheck1.o(x$fpl$dcheck1)
    x$fpl$dcmpinf                            0x08002c74   Section       24  dcmpi.o(x$fpl$dcmpinf)
    $v0                                      0x08002c74   Number         0  dcmpi.o(x$fpl$dcmpinf)
    x$fpl$deqf                               0x08002c8c   Section      120  deqf.o(x$fpl$deqf)
    $v0                                      0x08002c8c   Number         0  deqf.o(x$fpl$deqf)
    x$fpl$dleqf                              0x08002d04   Section      120  dleqf.o(x$fpl$dleqf)
    $v0                                      0x08002d04   Number         0  dleqf.o(x$fpl$dleqf)
    x$fpl$dmul                               0x08002d7c   Section      340  dmul.o(x$fpl$dmul)
    $v0                                      0x08002d7c   Number         0  dmul.o(x$fpl$dmul)
    x$fpl$dnaninf                            0x08002ed0   Section      156  dnaninf.o(x$fpl$dnaninf)
    $v0                                      0x08002ed0   Number         0  dnaninf.o(x$fpl$dnaninf)
    x$fpl$dretinf                            0x08002f6c   Section       12  dretinf.o(x$fpl$dretinf)
    $v0                                      0x08002f6c   Number         0  dretinf.o(x$fpl$dretinf)
    x$fpl$drleqf                             0x08002f78   Section      108  drleqf.o(x$fpl$drleqf)
    $v0                                      0x08002f78   Number         0  drleqf.o(x$fpl$drleqf)
    x$fpl$dsub                               0x08002fe4   Section      468  daddsub_clz.o(x$fpl$dsub)
    $v0                                      0x08002fe4   Number         0  daddsub_clz.o(x$fpl$dsub)
    _dsub1                                   0x08002ff5   Thumb Code     0  daddsub_clz.o(x$fpl$dsub)
    x$fpl$f2d                                0x080031b8   Section       86  f2d.o(x$fpl$f2d)
    $v0                                      0x080031b8   Number         0  f2d.o(x$fpl$f2d)
    x$fpl$fnaninf                            0x0800320e   Section      140  fnaninf.o(x$fpl$fnaninf)
    $v0                                      0x0800320e   Number         0  fnaninf.o(x$fpl$fnaninf)
    x$fpl$fpinit                             0x0800329a   Section       10  fpinit.o(x$fpl$fpinit)
    $v0                                      0x0800329a   Number         0  fpinit.o(x$fpl$fpinit)
    x$fpl$fretinf                            0x080032a4   Section       10  fretinf.o(x$fpl$fretinf)
    $v0                                      0x080032a4   Number         0  fretinf.o(x$fpl$fretinf)
    x$fpl$ieeestatus                         0x080032ae   Section        6  istatus.o(x$fpl$ieeestatus)
    $v0                                      0x080032ae   Number         0  istatus.o(x$fpl$ieeestatus)
    x$fpl$printf1                            0x080032b4   Section        4  printf1.o(x$fpl$printf1)
    $v0                                      0x080032b4   Number         0  printf1.o(x$fpl$printf1)
    x$fpl$retnan                             0x080032b8   Section      100  retnan.o(x$fpl$retnan)
    $v0                                      0x080032b8   Number         0  retnan.o(x$fpl$retnan)
    x$fpl$scalbn                             0x0800331c   Section       92  scalbn.o(x$fpl$scalbn)
    $v0                                      0x0800331c   Number         0  scalbn.o(x$fpl$scalbn)
    x$fpl$scanf1                             0x08003378   Section        4  scanf1.o(x$fpl$scanf1)
    $v0                                      0x08003378   Number         0  scanf1.o(x$fpl$scanf1)
    x$fpl$scanf2                             0x0800337c   Section        8  scanf2.o(x$fpl$scanf2)
    $v0                                      0x0800337c   Number         0  scanf2.o(x$fpl$scanf2)
    x$fpl$trapveneer                         0x08003384   Section       48  trapv.o(x$fpl$trapveneer)
    $v0                                      0x08003384   Number         0  trapv.o(x$fpl$trapveneer)
    .constdata                               0x080033b4   Section       24  system_stm32f4xx.o(.constdata)
    x$fpl$usenofp                            0x080033b4   Section        0  usenofp.o(x$fpl$usenofp)
    .constdata                               0x080033cc   Section      148  bigflt0.o(.constdata)
    tenpwrs_x                                0x080033cc   Data          60  bigflt0.o(.constdata)
    tenpwrs_i                                0x08003408   Data          64  bigflt0.o(.constdata)
    c$$dinf                                  0x08003480   Section        8  fpconst.o(c$$dinf)
    c$$dmax                                  0x08003488   Section        8  fpconst.o(c$$dmax)
    locale$$data                             0x08003490   Section       28  lc_numeric_c.o(locale$$data)
    __lcnum_c_name                           0x08003494   Data           2  lc_numeric_c.o(locale$$data)
    __lcnum_c_start                          0x0800349c   Data           0  lc_numeric_c.o(locale$$data)
    __lcnum_c_point                          0x080034a8   Data           0  lc_numeric_c.o(locale$$data)
    __lcnum_c_thousands                      0x080034aa   Data           0  lc_numeric_c.o(locale$$data)
    __lcnum_c_grouping                       0x080034ab   Data           0  lc_numeric_c.o(locale$$data)
    locale$$data                             0x080034ac   Section      272  lc_ctype_c.o(locale$$data)
    __lcnum_c_end                            0x080034ac   Data           0  lc_numeric_c.o(locale$$data)
    __lcctype_c_name                         0x080034b0   Data           2  lc_ctype_c.o(locale$$data)
    __lcctype_c_start                        0x080034b8   Data           0  lc_ctype_c.o(locale$$data)
    __lcctype_c_end                          0x080035bc   Data           0  lc_ctype_c.o(locale$$data)
    .data                                    0x20000000   Section        6  config_kit_ver2.o(.data)
    .data                                    0x20000008   Section        4  system_stm32f4xx.o(.data)
    .bss                                     0x2000000c   Section       96  libspace.o(.bss)
    HEAP                                     0x20000070   Section      512  startup_stm32f407xx.o(HEAP)
    Heap_Mem                                 0x20000070   Data         512  startup_stm32f407xx.o(HEAP)
    STACK                                    0x20000270   Section     1024  startup_stm32f407xx.o(STACK)
    Stack_Mem                                0x20000270   Data        1024  startup_stm32f407xx.o(STACK)
    __initial_sp                             0x20000670   Data           0  startup_stm32f407xx.o(STACK)

    Global Symbols

    Symbol Name                              Value     Ov Type        Size  Object(Section)

    BuildAttributes$$THM_ISAv4$E$P$D$K$B$S$7EM$VFPi3$EXTD16$VFPS$VFMA$PE$A:L22UL41UL21$X:L11$S22US41US21$IEEE1$IW$USESV6$~STKCKD$USESV7$~SHL$OTIME$ROPI$IEEEX$EBA8$UX$STANDARDLIB$REQ8$PRES8$EABIv2 0x00000000   Number         0  anon$$obj.o ABSOLUTE
    __ARM_use_no_argv                        0x00000000   Number         0  main.o ABSOLUTE
    _printf_flags                            0x00000000   Number         0  printf_stubs.o ABSOLUTE
    _printf_return_value                     0x00000000   Number         0  printf_stubs.o ABSOLUTE
    _printf_sizespec                         0x00000000   Number         0  printf_stubs.o ABSOLUTE
    _printf_widthprec                        0x00000000   Number         0  printf_stubs.o ABSOLUTE
    __ARM_exceptions_init                     - Undefined Weak Reference
    __alloca_initialize                       - Undefined Weak Reference
    __arm_preinit_                            - Undefined Weak Reference
    __cpp_initialize__aeabi_                  - Undefined Weak Reference
    __cxa_finalize                            - Undefined Weak Reference
    __sigvec_lookup                           - Undefined Weak Reference
    _atexit_init                              - Undefined Weak Reference
    _call_atexit_fns                          - Undefined Weak Reference
    _clock_init                               - Undefined Weak Reference
    _fp_trap_init                             - Undefined Weak Reference
    _fp_trap_shutdown                         - Undefined Weak Reference
    _get_lc_collate                           - Undefined Weak Reference
    _get_lc_monetary                          - Undefined Weak Reference
    _get_lc_time                              - Undefined Weak Reference
    _getenv_init                              - Undefined Weak Reference
    _handle_redirection                       - Undefined Weak Reference
    _init_alloc                               - Undefined Weak Reference
    _init_user_alloc                          - Undefined Weak Reference
    _initio                                   - Undefined Weak Reference
    _printf_post_padding                      - Undefined Weak Reference
    _printf_pre_padding                       - Undefined Weak Reference
    _rand_init                                - Undefined Weak Reference
    _signal_finish                            - Undefined Weak Reference
    _signal_init                              - Undefined Weak Reference
    _terminate_alloc                          - Undefined Weak Reference
    _terminate_user_alloc                     - Undefined Weak Reference
    _terminateio                              - Undefined Weak Reference
    __Vectors_Size                           0x00000188   Number         0  startup_stm32f407xx.o ABSOLUTE
    __Vectors                                0x08000000   Data           4  startup_stm32f407xx.o(RESET)
    __Vectors_End                            0x08000188   Data           0  startup_stm32f407xx.o(RESET)
    __main                                   0x08000189   Thumb Code     8  __main.o(!!!main)
    __scatterload                            0x08000191   Thumb Code     0  __scatter.o(!!!scatter)
    __scatterload_rt2                        0x08000191   Thumb Code    44  __scatter.o(!!!scatter)
    __scatterload_rt2_thumb_only             0x08000191   Thumb Code     0  __scatter.o(!!!scatter)
    __scatterload_null                       0x0800019f   Thumb Code     0  __scatter.o(!!!scatter)
    __scatterload_copy                       0x080001c5   Thumb Code    26  __scatter_copy.o(!!handler_copy)
    __scatterload_zeroinit                   0x080001e1   Thumb Code    28  __scatter_zi.o(!!handler_zi)
    _printf_f                                0x080001fd   Thumb Code     0  _printf_f.o(.ARM.Collect$$_printf_percent$$00000003)
    _printf_percent                          0x080001fd   Thumb Code     0  _printf_percent.o(.ARM.Collect$$_printf_percent$$00000000)
    _printf_percent_end                      0x08000203   Thumb Code     0  _printf_percent_end.o(.ARM.Collect$$_printf_percent$$00000017)
    __rt_lib_init                            0x08000207   Thumb Code     0  libinit.o(.ARM.Collect$$libinit$$00000000)
    __rt_lib_init_fp_1                       0x08000209   Thumb Code     0  libinit2.o(.ARM.Collect$$libinit$$00000001)
    __rt_lib_init_heap_1                     0x0800020d   Thumb Code     0  libinit2.o(.ARM.Collect$$libinit$$0000000A)
    __rt_lib_init_lc_common                  0x0800020d   Thumb Code     0  libinit2.o(.ARM.Collect$$libinit$$0000000F)
    __rt_lib_init_preinit_1                  0x0800020d   Thumb Code     0  libinit2.o(.ARM.Collect$$libinit$$00000004)
    __rt_lib_init_rand_1                     0x0800020d   Thumb Code     0  libinit2.o(.ARM.Collect$$libinit$$0000000E)
    __rt_lib_init_user_alloc_1               0x0800020d   Thumb Code     0  libinit2.o(.ARM.Collect$$libinit$$0000000C)
    __rt_lib_init_lc_collate_1               0x08000213   Thumb Code     0  libinit2.o(.ARM.Collect$$libinit$$00000011)
    __rt_lib_init_lc_ctype_2                 0x08000213   Thumb Code     0  libinit2.o(.ARM.Collect$$libinit$$00000012)
    __rt_lib_init_lc_ctype_1                 0x0800021f   Thumb Code     0  libinit2.o(.ARM.Collect$$libinit$$00000013)
    __rt_lib_init_lc_monetary_1              0x0800021f   Thumb Code     0  libinit2.o(.ARM.Collect$$libinit$$00000015)
    __rt_lib_init_lc_numeric_2               0x0800021f   Thumb Code     0  libinit2.o(.ARM.Collect$$libinit$$00000016)
    __rt_lib_init_alloca_1                   0x08000229   Thumb Code     0  libinit2.o(.ARM.Collect$$libinit$$0000002E)
    __rt_lib_init_argv_1                     0x08000229   Thumb Code     0  libinit2.o(.ARM.Collect$$libinit$$0000002C)
    __rt_lib_init_atexit_1                   0x08000229   Thumb Code     0  libinit2.o(.ARM.Collect$$libinit$$0000001B)
    __rt_lib_init_clock_1                    0x08000229   Thumb Code     0  libinit2.o(.ARM.Collect$$libinit$$00000021)
    __rt_lib_init_cpp_1                      0x08000229   Thumb Code     0  libinit2.o(.ARM.Collect$$libinit$$00000032)
    __rt_lib_init_exceptions_1               0x08000229   Thumb Code     0  libinit2.o(.ARM.Collect$$libinit$$00000030)
    __rt_lib_init_fp_trap_1                  0x08000229   Thumb Code     0  libinit2.o(.ARM.Collect$$libinit$$0000001F)
    __rt_lib_init_getenv_1                   0x08000229   Thumb Code     0  libinit2.o(.ARM.Collect$$libinit$$00000023)
    __rt_lib_init_lc_numeric_1               0x08000229   Thumb Code     0  libinit2.o(.ARM.Collect$$libinit$$00000017)
    __rt_lib_init_lc_time_1                  0x08000229   Thumb Code     0  libinit2.o(.ARM.Collect$$libinit$$00000019)
    __rt_lib_init_return                     0x08000229   Thumb Code     0  libinit2.o(.ARM.Collect$$libinit$$00000033)
    __rt_lib_init_signal_1                   0x08000229   Thumb Code     0  libinit2.o(.ARM.Collect$$libinit$$0000001D)
    __rt_lib_init_stdio_1                    0x08000229   Thumb Code     0  libinit2.o(.ARM.Collect$$libinit$$00000025)
    __rt_lib_shutdown                        0x0800022b   Thumb Code     0  libshutdown.o(.ARM.Collect$$libshutdown$$00000000)
    __rt_lib_shutdown_cpp_1                  0x0800022d   Thumb Code     0  libshutdown2.o(.ARM.Collect$$libshutdown$$00000002)
    __rt_lib_shutdown_fp_trap_1              0x0800022d   Thumb Code     0  libshutdown2.o(.ARM.Collect$$libshutdown$$00000007)
    __rt_lib_shutdown_heap_1                 0x0800022d   Thumb Code     0  libshutdown2.o(.ARM.Collect$$libshutdown$$0000000F)
    __rt_lib_shutdown_return                 0x0800022d   Thumb Code     0  libshutdown2.o(.ARM.Collect$$libshutdown$$00000010)
    __rt_lib_shutdown_signal_1               0x0800022d   Thumb Code     0  libshutdown2.o(.ARM.Collect$$libshutdown$$0000000A)
    __rt_lib_shutdown_stdio_1                0x0800022d   Thumb Code     0  libshutdown2.o(.ARM.Collect$$libshutdown$$00000004)
    __rt_lib_shutdown_user_alloc_1           0x0800022d   Thumb Code     0  libshutdown2.o(.ARM.Collect$$libshutdown$$0000000C)
    __rt_entry                               0x0800022f   Thumb Code     0  __rtentry.o(.ARM.Collect$$rtentry$$00000000)
    __rt_entry_presh_1                       0x0800022f   Thumb Code     0  __rtentry2.o(.ARM.Collect$$rtentry$$00000002)
    __rt_entry_sh                            0x0800022f   Thumb Code     0  __rtentry4.o(.ARM.Collect$$rtentry$$00000004)
    __rt_entry_li                            0x08000235   Thumb Code     0  __rtentry2.o(.ARM.Collect$$rtentry$$0000000A)
    __rt_entry_postsh_1                      0x08000235   Thumb Code     0  __rtentry2.o(.ARM.Collect$$rtentry$$00000009)
    __rt_entry_main                          0x08000239   Thumb Code     0  __rtentry2.o(.ARM.Collect$$rtentry$$0000000D)
    __rt_entry_postli_1                      0x08000239   Thumb Code     0  __rtentry2.o(.ARM.Collect$$rtentry$$0000000C)
    __rt_exit                                0x08000241   Thumb Code     0  rtexit.o(.ARM.Collect$$rtexit$$00000000)
    __rt_exit_ls                             0x08000243   Thumb Code     0  rtexit2.o(.ARM.Collect$$rtexit$$00000003)
    __rt_exit_prels_1                        0x08000243   Thumb Code     0  rtexit2.o(.ARM.Collect$$rtexit$$00000002)
    __rt_exit_exit                           0x08000247   Thumb Code     0  rtexit2.o(.ARM.Collect$$rtexit$$00000004)
    Reset_Handler                            0x0800024d   Thumb Code     8  startup_stm32f407xx.o(.text)
    NMI_Handler                              0x08000255   Thumb Code     2  startup_stm32f407xx.o(.text)
    HardFault_Handler                        0x08000257   Thumb Code     2  startup_stm32f407xx.o(.text)
    MemManage_Handler                        0x08000259   Thumb Code     2  startup_stm32f407xx.o(.text)
    BusFault_Handler                         0x0800025b   Thumb Code     2  startup_stm32f407xx.o(.text)
    UsageFault_Handler                       0x0800025d   Thumb Code     2  startup_stm32f407xx.o(.text)
    SVC_Handler                              0x0800025f   Thumb Code     2  startup_stm32f407xx.o(.text)
    DebugMon_Handler                         0x08000261   Thumb Code     2  startup_stm32f407xx.o(.text)
    PendSV_Handler                           0x08000263   Thumb Code     2  startup_stm32f407xx.o(.text)
    ADC_IRQHandler                           0x08000267   Thumb Code     0  startup_stm32f407xx.o(.text)
    CAN1_RX0_IRQHandler                      0x08000267   Thumb Code     0  startup_stm32f407xx.o(.text)
    CAN1_RX1_IRQHandler                      0x08000267   Thumb Code     0  startup_stm32f407xx.o(.text)
    CAN1_SCE_IRQHandler                      0x08000267   Thumb Code     0  startup_stm32f407xx.o(.text)
    CAN1_TX_IRQHandler                       0x08000267   Thumb Code     0  startup_stm32f407xx.o(.text)
    CAN2_RX0_IRQHandler                      0x08000267   Thumb Code     0  startup_stm32f407xx.o(.text)
    CAN2_RX1_IRQHandler                      0x08000267   Thumb Code     0  startup_stm32f407xx.o(.text)
    CAN2_SCE_IRQHandler                      0x08000267   Thumb Code     0  startup_stm32f407xx.o(.text)
    CAN2_TX_IRQHandler                       0x08000267   Thumb Code     0  startup_stm32f407xx.o(.text)
    DCMI_IRQHandler                          0x08000267   Thumb Code     0  startup_stm32f407xx.o(.text)
    DMA1_Stream0_IRQHandler                  0x08000267   Thumb Code     0  startup_stm32f407xx.o(.text)
    DMA1_Stream1_IRQHandler                  0x08000267   Thumb Code     0  startup_stm32f407xx.o(.text)
    DMA1_Stream2_IRQHandler                  0x08000267   Thumb Code     0  startup_stm32f407xx.o(.text)
    DMA1_Stream3_IRQHandler                  0x08000267   Thumb Code     0  startup_stm32f407xx.o(.text)
    DMA1_Stream4_IRQHandler                  0x08000267   Thumb Code     0  startup_stm32f407xx.o(.text)
    DMA1_Stream5_IRQHandler                  0x08000267   Thumb Code     0  startup_stm32f407xx.o(.text)
    DMA1_Stream6_IRQHandler                  0x08000267   Thumb Code     0  startup_stm32f407xx.o(.text)
    DMA1_Stream7_IRQHandler                  0x08000267   Thumb Code     0  startup_stm32f407xx.o(.text)
    DMA2_Stream0_IRQHandler                  0x08000267   Thumb Code     0  startup_stm32f407xx.o(.text)
    DMA2_Stream1_IRQHandler                  0x08000267   Thumb Code     0  startup_stm32f407xx.o(.text)
    DMA2_Stream2_IRQHandler                  0x08000267   Thumb Code     0  startup_stm32f407xx.o(.text)
    DMA2_Stream3_IRQHandler                  0x08000267   Thumb Code     0  startup_stm32f407xx.o(.text)
    DMA2_Stream4_IRQHandler                  0x08000267   Thumb Code     0  startup_stm32f407xx.o(.text)
    DMA2_Stream5_IRQHandler                  0x08000267   Thumb Code     0  startup_stm32f407xx.o(.text)
    DMA2_Stream6_IRQHandler                  0x08000267   Thumb Code     0  startup_stm32f407xx.o(.text)
    DMA2_Stream7_IRQHandler                  0x08000267   Thumb Code     0  startup_stm32f407xx.o(.text)
    ETH_IRQHandler                           0x08000267   Thumb Code     0  startup_stm32f407xx.o(.text)
    ETH_WKUP_IRQHandler                      0x08000267   Thumb Code     0  startup_stm32f407xx.o(.text)
    EXTI0_IRQHandler                         0x08000267   Thumb Code     0  startup_stm32f407xx.o(.text)
    EXTI15_10_IRQHandler                     0x08000267   Thumb Code     0  startup_stm32f407xx.o(.text)
    EXTI1_IRQHandler                         0x08000267   Thumb Code     0  startup_stm32f407xx.o(.text)
    EXTI2_IRQHandler                         0x08000267   Thumb Code     0  startup_stm32f407xx.o(.text)
    EXTI3_IRQHandler                         0x08000267   Thumb Code     0  startup_stm32f407xx.o(.text)
    EXTI4_IRQHandler                         0x08000267   Thumb Code     0  startup_stm32f407xx.o(.text)
    EXTI9_5_IRQHandler                       0x08000267   Thumb Code     0  startup_stm32f407xx.o(.text)
    FLASH_IRQHandler                         0x08000267   Thumb Code     0  startup_stm32f407xx.o(.text)
    FMC_IRQHandler                           0x08000267   Thumb Code     0  startup_stm32f407xx.o(.text)
    FPU_IRQHandler                           0x08000267   Thumb Code     0  startup_stm32f407xx.o(.text)
    HASH_RNG_IRQHandler                      0x08000267   Thumb Code     0  startup_stm32f407xx.o(.text)
    I2C1_ER_IRQHandler                       0x08000267   Thumb Code     0  startup_stm32f407xx.o(.text)
    I2C1_EV_IRQHandler                       0x08000267   Thumb Code     0  startup_stm32f407xx.o(.text)
    I2C2_ER_IRQHandler                       0x08000267   Thumb Code     0  startup_stm32f407xx.o(.text)
    I2C2_EV_IRQHandler                       0x08000267   Thumb Code     0  startup_stm32f407xx.o(.text)
    I2C3_ER_IRQHandler                       0x08000267   Thumb Code     0  startup_stm32f407xx.o(.text)
    I2C3_EV_IRQHandler                       0x08000267   Thumb Code     0  startup_stm32f407xx.o(.text)
    OTG_FS_IRQHandler                        0x08000267   Thumb Code     0  startup_stm32f407xx.o(.text)
    OTG_FS_WKUP_IRQHandler                   0x08000267   Thumb Code     0  startup_stm32f407xx.o(.text)
    OTG_HS_EP1_IN_IRQHandler                 0x08000267   Thumb Code     0  startup_stm32f407xx.o(.text)
    OTG_HS_EP1_OUT_IRQHandler                0x08000267   Thumb Code     0  startup_stm32f407xx.o(.text)
    OTG_HS_IRQHandler                        0x08000267   Thumb Code     0  startup_stm32f407xx.o(.text)
    OTG_HS_WKUP_IRQHandler                   0x08000267   Thumb Code     0  startup_stm32f407xx.o(.text)
    PVD_IRQHandler                           0x08000267   Thumb Code     0  startup_stm32f407xx.o(.text)
    RCC_IRQHandler                           0x08000267   Thumb Code     0  startup_stm32f407xx.o(.text)
    RTC_Alarm_IRQHandler                     0x08000267   Thumb Code     0  startup_stm32f407xx.o(.text)
    RTC_WKUP_IRQHandler                      0x08000267   Thumb Code     0  startup_stm32f407xx.o(.text)
    SDIO_IRQHandler                          0x08000267   Thumb Code     0  startup_stm32f407xx.o(.text)
    SPI1_IRQHandler                          0x08000267   Thumb Code     0  startup_stm32f407xx.o(.text)
    SPI2_IRQHandler                          0x08000267   Thumb Code     0  startup_stm32f407xx.o(.text)
    SPI3_IRQHandler                          0x08000267   Thumb Code     0  startup_stm32f407xx.o(.text)
    TAMP_STAMP_IRQHandler                    0x08000267   Thumb Code     0  startup_stm32f407xx.o(.text)
    TIM1_BRK_TIM9_IRQHandler                 0x08000267   Thumb Code     0  startup_stm32f407xx.o(.text)
    TIM1_CC_IRQHandler                       0x08000267   Thumb Code     0  startup_stm32f407xx.o(.text)
    TIM1_TRG_COM_TIM11_IRQHandler            0x08000267   Thumb Code     0  startup_stm32f407xx.o(.text)
    TIM1_UP_TIM10_IRQHandler                 0x08000267   Thumb Code     0  startup_stm32f407xx.o(.text)
    TIM2_IRQHandler                          0x08000267   Thumb Code     0  startup_stm32f407xx.o(.text)
    TIM3_IRQHandler                          0x08000267   Thumb Code     0  startup_stm32f407xx.o(.text)
    TIM4_IRQHandler                          0x08000267   Thumb Code     0  startup_stm32f407xx.o(.text)
    TIM5_IRQHandler                          0x08000267   Thumb Code     0  startup_stm32f407xx.o(.text)
    TIM6_DAC_IRQHandler                      0x08000267   Thumb Code     0  startup_stm32f407xx.o(.text)
    TIM7_IRQHandler                          0x08000267   Thumb Code     0  startup_stm32f407xx.o(.text)
    TIM8_BRK_TIM12_IRQHandler                0x08000267   Thumb Code     0  startup_stm32f407xx.o(.text)
    TIM8_CC_IRQHandler                       0x08000267   Thumb Code     0  startup_stm32f407xx.o(.text)
    TIM8_TRG_COM_TIM14_IRQHandler            0x08000267   Thumb Code     0  startup_stm32f407xx.o(.text)
    TIM8_UP_TIM13_IRQHandler                 0x08000267   Thumb Code     0  startup_stm32f407xx.o(.text)
    UART4_IRQHandler                         0x08000267   Thumb Code     0  startup_stm32f407xx.o(.text)
    UART5_IRQHandler                         0x08000267   Thumb Code     0  startup_stm32f407xx.o(.text)
    USART1_IRQHandler                        0x08000267   Thumb Code     0  startup_stm32f407xx.o(.text)
    USART2_IRQHandler                        0x08000267   Thumb Code     0  startup_stm32f407xx.o(.text)
    USART3_IRQHandler                        0x08000267   Thumb Code     0  startup_stm32f407xx.o(.text)
    USART6_IRQHandler                        0x08000267   Thumb Code     0  startup_stm32f407xx.o(.text)
    WWDG_IRQHandler                          0x08000267   Thumb Code     0  startup_stm32f407xx.o(.text)
    __user_initial_stackheap                 0x08000269   Thumb Code     0  startup_stm32f407xx.o(.text)
    __2sprintf                               0x0800028d   Thumb Code    34  noretval__2sprintf.o(.text)
    __printf                                 0x080002b5   Thumb Code   270  __printf_wp.o(.text)
    __use_two_region_memory                  0x080003c3   Thumb Code     2  heapauxi.o(.text)
    __rt_heap_escrow$2region                 0x080003c5   Thumb Code     2  heapauxi.o(.text)
    __rt_heap_expand$2region                 0x080003c7   Thumb Code     2  heapauxi.o(.text)
    __read_errno                             0x080003c9   Thumb Code    10  _rserrno.o(.text)
    __set_errno                              0x080003d3   Thumb Code    12  _rserrno.o(.text)
    __lib_sel_fp_printf                      0x080003df   Thumb Code     2  _printf_fp_dec.o(.text)
    _printf_fp_dec_real                      0x08000591   Thumb Code   620  _printf_fp_dec.o(.text)
    _printf_char_common                      0x08000807   Thumb Code    32  _printf_char_common.o(.text)
    _sputc                                   0x0800082d   Thumb Code    10  _sputc.o(.text)
    __strtod_int                             0x08000875   Thumb Code    90  strtod.o(.text)
    __rt_locale                              0x080008dd   Thumb Code     8  rt_locale_intlibspace.o(.text)
    __aeabi_errno_addr                       0x080008e5   Thumb Code     8  rt_errno_addr_intlibspace.o(.text)
    __errno$intlibspace                      0x080008e5   Thumb Code     0  rt_errno_addr_intlibspace.o(.text)
    __rt_errno_addr$intlibspace              0x080008e5   Thumb Code     0  rt_errno_addr_intlibspace.o(.text)
    _ll_udiv10                               0x080008ed   Thumb Code   138  lludiv10.o(.text)
    isspace                                  0x08000977   Thumb Code    18  isspace.o(.text)
    _printf_fp_infnan                        0x08000989   Thumb Code   112  _printf_fp_infnan.o(.text)
    _sgetc                                   0x08000a09   Thumb Code    30  _sgetc.o(.text)
    _sbackspace                              0x08000a27   Thumb Code    34  _sgetc.o(.text)
    _btod_etento                             0x08000a49   Thumb Code   224  bigflt0.o(.text)
    __user_libspace                          0x08000b2d   Thumb Code     8  libspace.o(.text)
    __user_perproc_libspace                  0x08000b2d   Thumb Code     0  libspace.o(.text)
    __user_perthread_libspace                0x08000b2d   Thumb Code     0  libspace.o(.text)
    __user_setup_stackheap                   0x08000b35   Thumb Code    74  sys_stackheap_outer.o(.text)
    __rt_ctype_table                         0x08000b81   Thumb Code    16  rt_ctype_table.o(.text)
    _scanf_really_real                       0x08000ddd   Thumb Code   684  scanf_fp.o(.text)
    exit                                     0x08001089   Thumb Code    18  exit.o(.text)
    strcmp                                   0x0800109d   Thumb Code   128  strcmpv7m.o(.text)
    _scanf_really_hex_real                   0x0800111d   Thumb Code   786  scanf_hexfp.o(.text)
    _scanf_really_infnan                     0x0800143d   Thumb Code   292  scanf_infnan.o(.text)
    _sys_exit                                0x08001571   Thumb Code     8  sys_exit.o(.text)
    __aeabi_llsl                             0x0800157d   Thumb Code     0  llshl.o(.text)
    _ll_shift_l                              0x0800157d   Thumb Code    38  llshl.o(.text)
    _chval                                   0x080015a3   Thumb Code    28  _chval.o(.text)
    __I$use$semihosting                      0x080015bf   Thumb Code     0  use_no_semi.o(.text)
    __use_no_semihosting_swi                 0x080015bf   Thumb Code     2  use_no_semi.o(.text)
    __semihosting_library_function           0x080015c1   Thumb Code     0  indicate_semi.o(.text)
    _btod_d2e                                0x080015c1   Thumb Code    62  btod.o(CL$$btod_d2e)
    _d2e_denorm_low                          0x080015ff   Thumb Code    70  btod.o(CL$$btod_d2e_denorm_low)
    _d2e_norm_op1                            0x08001645   Thumb Code    96  btod.o(CL$$btod_d2e_norm_op1)
    __btod_div_common                        0x080016a5   Thumb Code   696  btod.o(CL$$btod_div_common)
    _e2d                                     0x080019dd   Thumb Code   122  btod.o(CL$$btod_e2d)
    _e2e                                     0x08001a61   Thumb Code   220  btod.o(CL$$btod_e2e)
    _btod_ediv                               0x08001b3d   Thumb Code    42  btod.o(CL$$btod_ediv)
    _btod_edivd                              0x08001b67   Thumb Code    42  btod.o(CL$$btod_edivd)
    _btod_emul                               0x08001b91   Thumb Code    42  btod.o(CL$$btod_emul)
    _btod_emuld                              0x08001bbb   Thumb Code    42  btod.o(CL$$btod_emuld)
    __btod_mult_common                       0x08001be5   Thumb Code   580  btod.o(CL$$btod_mult_common)
    Delay                                    0x08001e29   Thumb Code    18  config_kit_ver2.o(i.Delay)
    LCD_config                               0x08001e41   Thumb Code    72  config_kit_ver2.o(i.LCD_config)
    LCD_ctrlWR                               0x08001e9d   Thumb Code    32  config_kit_ver2.o(i.LCD_ctrlWR)
    LCD_dataWR                               0x08001ec1   Thumb Code    30  config_kit_ver2.o(i.LCD_dataWR)
    LCD_ini                                  0x08001ee5   Thumb Code    98  config_kit_ver2.o(i.LCD_ini)
    SysTick_Handler                          0x08001f4d   Thumb Code    12  config_kit_ver2.o(i.SysTick_Handler)
    SystemCoreClockUpdate                    0x08001f5d   Thumb Code   170  system_stm32f4xx.o(i.SystemCoreClockUpdate)
    SystemInit                               0x0800201d   Thumb Code    82  system_stm32f4xx.o(i.SystemInit)
    __ARM_fpclassify                         0x08002081   Thumb Code    48  fpclassify.o(i.__ARM_fpclassify)
    __hardfp___mathlib_tofloat               0x080020b1   Thumb Code   232  narrow.o(i.__hardfp___mathlib_tofloat)
    __hardfp_atof                            0x080021a9   Thumb Code    44  atof.o(i.__hardfp_atof)
    __hardfp_ldexp                           0x080021e1   Thumb Code   200  ldexp.o(i.__hardfp_ldexp)
    __mathlib_dbl_overflow                   0x080022b1   Thumb Code    24  dunder.o(i.__mathlib_dbl_overflow)
    __mathlib_dbl_underflow                  0x080022d1   Thumb Code    24  dunder.o(i.__mathlib_dbl_underflow)
    __mathlib_narrow                         0x080022f1   Thumb Code    18  narrow.o(i.__mathlib_narrow)
    __support_ldexp                          0x08002303   Thumb Code    20  ldexp.o(i.__support_ldexp)
    _is_digit                                0x08002317   Thumb Code    14  __printf_wp.o(i._is_digit)
    frexp                                    0x08002329   Thumb Code   118  frexp.o(i.frexp)
    getkey                                   0x080023b5   Thumb Code   254  config_kit_ver2.o(i.getkey)
    getkey1                                  0x080024b9   Thumb Code   248  config_kit_ver2.o(i.getkey1)
    gpio_config                              0x080025b5   Thumb Code   118  config_kit_ver2.o(i.gpio_config)
    klavesnice_config                        0x08002639   Thumb Code   110  config_kit_ver2.o(i.klavesnice_config)
    main                                     0x080026b1   Thumb Code   602  main.o(i.main)
    puts_LCD                                 0x08002985   Thumb Code    50  config_kit_ver2.o(i.puts_LCD)
    write_nibble                             0x080029b9   Thumb Code    70  config_kit_ver2.o(i.write_nibble)
    write_nibble_res                         0x08002a05   Thumb Code    78  config_kit_ver2.o(i.write_nibble_res)
    _get_lc_numeric                          0x08002a59   Thumb Code    44  lc_numeric_c.o(locale$$code)
    _get_lc_ctype                            0x08002a85   Thumb Code    44  lc_ctype_c.o(locale$$code)
    __aeabi_d2f                              0x08002ab1   Thumb Code     0  d2f.o(x$fpl$d2f)
    _d2f                                     0x08002ab1   Thumb Code    98  d2f.o(x$fpl$d2f)
    __aeabi_dadd                             0x08002b15   Thumb Code     0  daddsub_clz.o(x$fpl$dadd)
    _dadd                                    0x08002b15   Thumb Code   332  daddsub_clz.o(x$fpl$dadd)
    __fpl_dcheck_NaN1                        0x08002c65   Thumb Code    10  dcheck1.o(x$fpl$dcheck1)
    __fpl_dcmp_Inf                           0x08002c75   Thumb Code    24  dcmpi.o(x$fpl$dcmpinf)
    __aeabi_cdcmpeq                          0x08002c8d   Thumb Code     0  deqf.o(x$fpl$deqf)
    _dcmpeq                                  0x08002c8d   Thumb Code   120  deqf.o(x$fpl$deqf)
    __aeabi_cdcmple                          0x08002d05   Thumb Code     0  dleqf.o(x$fpl$dleqf)
    _dcmple                                  0x08002d05   Thumb Code   120  dleqf.o(x$fpl$dleqf)
    __fpl_dcmple_InfNaN                      0x08002d67   Thumb Code     0  dleqf.o(x$fpl$dleqf)
    __aeabi_dmul                             0x08002d7d   Thumb Code     0  dmul.o(x$fpl$dmul)
    _dmul                                    0x08002d7d   Thumb Code   332  dmul.o(x$fpl$dmul)
    __fpl_dnaninf                            0x08002ed1   Thumb Code   156  dnaninf.o(x$fpl$dnaninf)
    __fpl_dretinf                            0x08002f6d   Thumb Code    12  dretinf.o(x$fpl$dretinf)
    __aeabi_cdrcmple                         0x08002f79   Thumb Code     0  drleqf.o(x$fpl$drleqf)
    _drcmple                                 0x08002f79   Thumb Code   108  drleqf.o(x$fpl$drleqf)
    __aeabi_dsub                             0x08002fe5   Thumb Code     0  daddsub_clz.o(x$fpl$dsub)
    _dsub                                    0x08002fe5   Thumb Code   464  daddsub_clz.o(x$fpl$dsub)
    __aeabi_f2d                              0x080031b9   Thumb Code     0  f2d.o(x$fpl$f2d)
    _f2d                                     0x080031b9   Thumb Code    86  f2d.o(x$fpl$f2d)
    __fpl_fnaninf                            0x0800320f   Thumb Code   140  fnaninf.o(x$fpl$fnaninf)
    _fp_init                                 0x0800329b   Thumb Code    10  fpinit.o(x$fpl$fpinit)
    __fplib_config_fpu_vfp                   0x080032a3   Thumb Code     0  fpinit.o(x$fpl$fpinit)
    __fplib_config_pureend_doubles           0x080032a3   Thumb Code     0  fpinit.o(x$fpl$fpinit)
    __fpl_fretinf                            0x080032a5   Thumb Code    10  fretinf.o(x$fpl$fretinf)
    __ieee_status                            0x080032af   Thumb Code     6  istatus.o(x$fpl$ieeestatus)
    _printf_fp_dec                           0x080032b5   Thumb Code     4  printf1.o(x$fpl$printf1)
    __fpl_return_NaN                         0x080032b9   Thumb Code   100  retnan.o(x$fpl$retnan)
    __ARM_scalbn                             0x0800331d   Thumb Code    92  scalbn.o(x$fpl$scalbn)
    _scanf_real                              0x08003379   Thumb Code     4  scanf1.o(x$fpl$scanf1)
    _scanf_hex_real                          0x0800337d   Thumb Code     4  scanf2.o(x$fpl$scanf2)
    _scanf_infnan                            0x08003381   Thumb Code     4  scanf2.o(x$fpl$scanf2)
    __fpl_cmpreturn                          0x08003385   Thumb Code    48  trapv.o(x$fpl$trapveneer)
    AHBPrescTable                            0x080033b4   Data          16  system_stm32f4xx.o(.constdata)
    __I$use$fp                               0x080033b4   Number         0  usenofp.o(x$fpl$usenofp)
    APBPrescTable                            0x080033c4   Data           8  system_stm32f4xx.o(.constdata)
    Region$$Table$$Base                      0x08003460   Number         0  anon$$obj.o(Region$$Table)
    Region$$Table$$Limit                     0x08003480   Number         0  anon$$obj.o(Region$$Table)
    __aeabi_HUGE_VAL                         0x08003480   Data           0  fpconst.o(c$$dinf)
    __aeabi_HUGE_VALL                        0x08003480   Data           0  fpconst.o(c$$dinf)
    __aeabi_INFINITY                         0x08003480   Data           0  fpconst.o(c$$dinf)
    __dInf                                   0x08003480   Data           0  fpconst.o(c$$dinf)
    __huge_val                               0x08003480   Data           0  fpconst.o(c$$dinf)
    __dbl_max                                0x08003488   Data           0  fpconst.o(c$$dmax)
    __ctype                                  0x080034b9   Data           0  lc_ctype_c.o(locale$$data)
    Ticks                                    0x20000000   Data           4  config_kit_ver2.o(.data)
    dataIn                                   0x20000004   Data           2  config_kit_ver2.o(.data)
    SystemCoreClock                          0x20000008   Data           4  system_stm32f4xx.o(.data)
    __libspace_start                         0x2000000c   Data          96  libspace.o(.bss)
    __temporary_stack_top$libspace           0x2000006c   Data           0  libspace.o(.bss)



==============================================================================

Memory Map of the image

  Image Entry point : 0x0800024d

  Load Region LR_1 (Base: 0x08000000, Size: 0x000035c8, Max: 0xffffffff, ABSOLUTE)

    Execution Region ER_RO (Exec base: 0x08000000, Load base: 0x08000000, Size: 0x000035bc, Max: 0xffffffff, ABSOLUTE)

    Exec Addr    Load Addr    Size         Type   Attr      Idx    E Section Name        Object

    0x08000000   0x08000000   0x00000188   Data   RO          258    RESET               startup_stm32f407xx.o
    0x08000188   0x08000188   0x00000008   Code   RO          330  * !!!main             c_w.l(__main.o)
    0x08000190   0x08000190   0x00000034   Code   RO          673    !!!scatter          c_w.l(__scatter.o)
    0x080001c4   0x080001c4   0x0000001a   Code   RO          675    !!handler_copy      c_w.l(__scatter_copy.o)
    0x080001de   0x080001de   0x00000002   PAD
    0x080001e0   0x080001e0   0x0000001c   Code   RO          677    !!handler_zi        c_w.l(__scatter_zi.o)
    0x080001fc   0x080001fc   0x00000000   Code   RO          325    .ARM.Collect$$_printf_percent$$00000000  c_w.l(_printf_percent.o)
    0x080001fc   0x080001fc   0x00000006   Code   RO          324    .ARM.Collect$$_printf_percent$$00000003  c_w.l(_printf_f.o)
    0x08000202   0x08000202   0x00000004   Code   RO          359    .ARM.Collect$$_printf_percent$$00000017  c_w.l(_printf_percent_end.o)
    0x08000206   0x08000206   0x00000002   Code   RO          458    .ARM.Collect$$libinit$$00000000  c_w.l(libinit.o)
    0x08000208   0x08000208   0x00000004   Code   RO          459    .ARM.Collect$$libinit$$00000001  c_w.l(libinit2.o)
    0x0800020c   0x0800020c   0x00000000   Code   RO          462    .ARM.Collect$$libinit$$00000004  c_w.l(libinit2.o)
    0x0800020c   0x0800020c   0x00000000   Code   RO          465    .ARM.Collect$$libinit$$0000000A  c_w.l(libinit2.o)
    0x0800020c   0x0800020c   0x00000000   Code   RO          467    .ARM.Collect$$libinit$$0000000C  c_w.l(libinit2.o)
    0x0800020c   0x0800020c   0x00000000   Code   RO          469    .ARM.Collect$$libinit$$0000000E  c_w.l(libinit2.o)
    0x0800020c   0x0800020c   0x00000006   Code   RO          470    .ARM.Collect$$libinit$$0000000F  c_w.l(libinit2.o)
    0x08000212   0x08000212   0x00000000   Code   RO          472    .ARM.Collect$$libinit$$00000011  c_w.l(libinit2.o)
    0x08000212   0x08000212   0x0000000c   Code   RO          473    .ARM.Collect$$libinit$$00000012  c_w.l(libinit2.o)
    0x0800021e   0x0800021e   0x00000000   Code   RO          474    .ARM.Collect$$libinit$$00000013  c_w.l(libinit2.o)
    0x0800021e   0x0800021e   0x00000000   Code   RO          476    .ARM.Collect$$libinit$$00000015  c_w.l(libinit2.o)
    0x0800021e   0x0800021e   0x0000000a   Code   RO          477    .ARM.Collect$$libinit$$00000016  c_w.l(libinit2.o)
    0x08000228   0x08000228   0x00000000   Code   RO          478    .ARM.Collect$$libinit$$00000017  c_w.l(libinit2.o)
    0x08000228   0x08000228   0x00000000   Code   RO          480    .ARM.Collect$$libinit$$00000019  c_w.l(libinit2.o)
    0x08000228   0x08000228   0x00000000   Code   RO          482    .ARM.Collect$$libinit$$0000001B  c_w.l(libinit2.o)
    0x08000228   0x08000228   0x00000000   Code   RO          484    .ARM.Collect$$libinit$$0000001D  c_w.l(libinit2.o)
    0x08000228   0x08000228   0x00000000   Code   RO          486    .ARM.Collect$$libinit$$0000001F  c_w.l(libinit2.o)
    0x08000228   0x08000228   0x00000000   Code   RO          488    .ARM.Collect$$libinit$$00000021  c_w.l(libinit2.o)
    0x08000228   0x08000228   0x00000000   Code   RO          490    .ARM.Collect$$libinit$$00000023  c_w.l(libinit2.o)
    0x08000228   0x08000228   0x00000000   Code   RO          492    .ARM.Collect$$libinit$$00000025  c_w.l(libinit2.o)
    0x08000228   0x08000228   0x00000000   Code   RO          496    .ARM.Collect$$libinit$$0000002C  c_w.l(libinit2.o)
    0x08000228   0x08000228   0x00000000   Code   RO          498    .ARM.Collect$$libinit$$0000002E  c_w.l(libinit2.o)
    0x08000228   0x08000228   0x00000000   Code   RO          500    .ARM.Collect$$libinit$$00000030  c_w.l(libinit2.o)
    0x08000228   0x08000228   0x00000000   Code   RO          502    .ARM.Collect$$libinit$$00000032  c_w.l(libinit2.o)
    0x08000228   0x08000228   0x00000002   Code   RO          503    .ARM.Collect$$libinit$$00000033  c_w.l(libinit2.o)
    0x0800022a   0x0800022a   0x00000002   Code   RO          572    .ARM.Collect$$libshutdown$$00000000  c_w.l(libshutdown.o)
    0x0800022c   0x0800022c   0x00000000   Code   RO          605    .ARM.Collect$$libshutdown$$00000002  c_w.l(libshutdown2.o)
    0x0800022c   0x0800022c   0x00000000   Code   RO          607    .ARM.Collect$$libshutdown$$00000004  c_w.l(libshutdown2.o)
    0x0800022c   0x0800022c   0x00000000   Code   RO          610    .ARM.Collect$$libshutdown$$00000007  c_w.l(libshutdown2.o)
    0x0800022c   0x0800022c   0x00000000   Code   RO          613    .ARM.Collect$$libshutdown$$0000000A  c_w.l(libshutdown2.o)
    0x0800022c   0x0800022c   0x00000000   Code   RO          615    .ARM.Collect$$libshutdown$$0000000C  c_w.l(libshutdown2.o)
    0x0800022c   0x0800022c   0x00000000   Code   RO          618    .ARM.Collect$$libshutdown$$0000000F  c_w.l(libshutdown2.o)
    0x0800022c   0x0800022c   0x00000002   Code   RO          619    .ARM.Collect$$libshutdown$$00000010  c_w.l(libshutdown2.o)
    0x0800022e   0x0800022e   0x00000000   Code   RO          350    .ARM.Collect$$rtentry$$00000000  c_w.l(__rtentry.o)
    0x0800022e   0x0800022e   0x00000000   Code   RO          372    .ARM.Collect$$rtentry$$00000002  c_w.l(__rtentry2.o)
    0x0800022e   0x0800022e   0x00000006   Code   RO          384    .ARM.Collect$$rtentry$$00000004  c_w.l(__rtentry4.o)
    0x08000234   0x08000234   0x00000000   Code   RO          374    .ARM.Collect$$rtentry$$00000009  c_w.l(__rtentry2.o)
    0x08000234   0x08000234   0x00000004   Code   RO          375    .ARM.Collect$$rtentry$$0000000A  c_w.l(__rtentry2.o)
    0x08000238   0x08000238   0x00000000   Code   RO          377    .ARM.Collect$$rtentry$$0000000C  c_w.l(__rtentry2.o)
    0x08000238   0x08000238   0x00000008   Code   RO          378    .ARM.Collect$$rtentry$$0000000D  c_w.l(__rtentry2.o)
    0x08000240   0x08000240   0x00000002   Code   RO          504    .ARM.Collect$$rtexit$$00000000  c_w.l(rtexit.o)
    0x08000242   0x08000242   0x00000000   Code   RO          532    .ARM.Collect$$rtexit$$00000002  c_w.l(rtexit2.o)
    0x08000242   0x08000242   0x00000004   Code   RO          533    .ARM.Collect$$rtexit$$00000003  c_w.l(rtexit2.o)
    0x08000246   0x08000246   0x00000006   Code   RO          534    .ARM.Collect$$rtexit$$00000004  c_w.l(rtexit2.o)
    0x0800024c   0x0800024c   0x00000040   Code   RO          259  * .text               startup_stm32f407xx.o
    0x0800028c   0x0800028c   0x00000028   Code   RO          300    .text               c_w.l(noretval__2sprintf.o)
    0x080002b4   0x080002b4   0x0000010e   Code   RO          312    .text               c_w.l(__printf_wp.o)
    0x080003c2   0x080003c2   0x00000006   Code   RO          328    .text               c_w.l(heapauxi.o)
    0x080003c8   0x080003c8   0x00000016   Code   RO          351    .text               c_w.l(_rserrno.o)
    0x080003de   0x080003de   0x0000041e   Code   RO          353    .text               c_w.l(_printf_fp_dec.o)
    0x080007fc   0x080007fc   0x00000030   Code   RO          355    .text               c_w.l(_printf_char_common.o)
    0x0800082c   0x0800082c   0x0000000a   Code   RO          357    .text               c_w.l(_sputc.o)
    0x08000836   0x08000836   0x00000002   PAD
    0x08000838   0x08000838   0x000000a4   Code   RO          360    .text               c_w.l(strtod.o)
    0x080008dc   0x080008dc   0x00000008   Code   RO          389    .text               c_w.l(rt_locale_intlibspace.o)
    0x080008e4   0x080008e4   0x00000008   Code   RO          394    .text               c_w.l(rt_errno_addr_intlibspace.o)
    0x080008ec   0x080008ec   0x0000008a   Code   RO          396    .text               c_w.l(lludiv10.o)
    0x08000976   0x08000976   0x00000012   Code   RO          398    .text               c_w.l(isspace.o)
    0x08000988   0x08000988   0x00000080   Code   RO          400    .text               c_w.l(_printf_fp_infnan.o)
    0x08000a08   0x08000a08   0x00000040   Code   RO          404    .text               c_w.l(_sgetc.o)
    0x08000a48   0x08000a48   0x000000e4   Code   RO          406    .text               c_w.l(bigflt0.o)
    0x08000b2c   0x08000b2c   0x00000008   Code   RO          440    .text               c_w.l(libspace.o)
    0x08000b34   0x08000b34   0x0000004a   Code   RO          443    .text               c_w.l(sys_stackheap_outer.o)
    0x08000b7e   0x08000b7e   0x00000002   PAD
    0x08000b80   0x08000b80   0x00000010   Code   RO          445    .text               c_w.l(rt_ctype_table.o)
    0x08000b90   0x08000b90   0x000004f8   Code   RO          447    .text               c_w.l(scanf_fp.o)
    0x08001088   0x08001088   0x00000012   Code   RO          449    .text               c_w.l(exit.o)
    0x0800109a   0x0800109a   0x00000002   PAD
    0x0800109c   0x0800109c   0x00000080   Code   RO          451    .text               c_w.l(strcmpv7m.o)
    0x0800111c   0x0800111c   0x00000320   Code   RO          538    .text               c_w.l(scanf_hexfp.o)
    0x0800143c   0x0800143c   0x00000134   Code   RO          540    .text               c_w.l(scanf_infnan.o)
    0x08001570   0x08001570   0x0000000c   Code   RO          558    .text               c_w.l(sys_exit.o)
    0x0800157c   0x0800157c   0x00000026   Code   RO          562    .text               c_w.l(llshl.o)
    0x080015a2   0x080015a2   0x0000001c   Code   RO          564    .text               c_w.l(_chval.o)
    0x080015be   0x080015be   0x00000002   Code   RO          595    .text               c_w.l(use_no_semi.o)
    0x080015c0   0x080015c0   0x00000000   Code   RO          597    .text               c_w.l(indicate_semi.o)
    0x080015c0   0x080015c0   0x0000003e   Code   RO          409    CL$$btod_d2e        c_w.l(btod.o)
    0x080015fe   0x080015fe   0x00000046   Code   RO          411    CL$$btod_d2e_denorm_low  c_w.l(btod.o)
    0x08001644   0x08001644   0x00000060   Code   RO          410    CL$$btod_d2e_norm_op1  c_w.l(btod.o)
    0x080016a4   0x080016a4   0x00000338   Code   RO          419    CL$$btod_div_common  c_w.l(btod.o)
    0x080019dc   0x080019dc   0x00000084   Code   RO          417    CL$$btod_e2d        c_w.l(btod.o)
    0x08001a60   0x08001a60   0x000000dc   Code   RO          416    CL$$btod_e2e        c_w.l(btod.o)
    0x08001b3c   0x08001b3c   0x0000002a   Code   RO          413    CL$$btod_ediv       c_w.l(btod.o)
    0x08001b66   0x08001b66   0x0000002a   Code   RO          415    CL$$btod_edivd      c_w.l(btod.o)
    0x08001b90   0x08001b90   0x0000002a   Code   RO          412    CL$$btod_emul       c_w.l(btod.o)
    0x08001bba   0x08001bba   0x0000002a   Code   RO          414    CL$$btod_emuld      c_w.l(btod.o)
    0x08001be4   0x08001be4   0x00000244   Code   RO          418    CL$$btod_mult_common  c_w.l(btod.o)
    0x08001e28   0x08001e28   0x00000018   Code   RO           65    i.Delay             config_kit_ver2.o
    0x08001e40   0x08001e40   0x0000005c   Code   RO           66    i.LCD_config        config_kit_ver2.o
    0x08001e9c   0x08001e9c   0x00000024   Code   RO           67    i.LCD_ctrlWR        config_kit_ver2.o
    0x08001ec0   0x08001ec0   0x00000024   Code   RO           68    i.LCD_dataWR        config_kit_ver2.o
    0x08001ee4   0x08001ee4   0x00000068   Code   RO           69    i.LCD_ini           config_kit_ver2.o
    0x08001f4c   0x08001f4c   0x00000010   Code   RO           72    i.SysTick_Handler   config_kit_ver2.o
    0x08001f5c   0x08001f5c   0x000000c0   Code   RO          265    i.SystemCoreClockUpdate  system_stm32f4xx.o
    0x0800201c   0x0800201c   0x00000064   Code   RO          266    i.SystemInit        system_stm32f4xx.o
    0x08002080   0x08002080   0x00000030   Code   RO          438    i.__ARM_fpclassify  m_wm.l(fpclassify.o)
    0x080020b0   0x080020b0   0x000000f8   Code   RO          523    i.__hardfp___mathlib_tofloat  m_wm.l(narrow.o)
    0x080021a8   0x080021a8   0x00000038   Code   RO          344    i.__hardfp_atof     m_wm.l(atof.o)
    0x080021e0   0x080021e0   0x000000d0   Code   RO          579    i.__hardfp_ldexp    m_wm.l(ldexp.o)
    0x080022b0   0x080022b0   0x00000020   Code   RO          626    i.__mathlib_dbl_overflow  m_wm.l(dunder.o)
    0x080022d0   0x080022d0   0x00000020   Code   RO          628    i.__mathlib_dbl_underflow  m_wm.l(dunder.o)
    0x080022f0   0x080022f0   0x00000012   Code   RO          524    i.__mathlib_narrow  m_wm.l(narrow.o)
    0x08002302   0x08002302   0x00000014   Code   RO          581    i.__support_ldexp   m_wm.l(ldexp.o)
    0x08002316   0x08002316   0x0000000e   Code   RO          314    i._is_digit         c_w.l(__printf_wp.o)
    0x08002324   0x08002324   0x00000004   PAD
    0x08002328   0x08002328   0x0000008c   Code   RO          552    i.frexp             m_wm.l(frexp.o)
    0x080023b4   0x080023b4   0x00000104   Code   RO           74    i.getkey            config_kit_ver2.o
    0x080024b8   0x080024b8   0x000000fc   Code   RO           75    i.getkey1           config_kit_ver2.o
    0x080025b4   0x080025b4   0x00000084   Code   RO           77    i.gpio_config       config_kit_ver2.o
    0x08002638   0x08002638   0x00000078   Code   RO           79    i.klavesnice_config  config_kit_ver2.o
    0x080026b0   0x080026b0   0x000002d4   Code   RO            3    i.main              main.o
    0x08002984   0x08002984   0x00000032   Code   RO           82    i.puts_LCD          config_kit_ver2.o
    0x080029b6   0x080029b6   0x00000002   PAD
    0x080029b8   0x080029b8   0x0000004c   Code   RO           89    i.write_nibble      config_kit_ver2.o
    0x08002a04   0x08002a04   0x00000054   Code   RO           90    i.write_nibble_res  config_kit_ver2.o
    0x08002a58   0x08002a58   0x0000002c   Code   RO          432    locale$$code        c_w.l(lc_numeric_c.o)
    0x08002a84   0x08002a84   0x0000002c   Code   RO          507    locale$$code        c_w.l(lc_ctype_c.o)
    0x08002ab0   0x08002ab0   0x00000062   Code   RO          332    x$fpl$d2f           fz_wm.l(d2f.o)
    0x08002b12   0x08002b12   0x00000002   PAD
    0x08002b14   0x08002b14   0x00000150   Code   RO          334    x$fpl$dadd          fz_wm.l(daddsub_clz.o)
    0x08002c64   0x08002c64   0x00000010   Code   RO          641    x$fpl$dcheck1       fz_wm.l(dcheck1.o)
    0x08002c74   0x08002c74   0x00000018   Code   RO          573    x$fpl$dcmpinf       fz_wm.l(dcmpi.o)
    0x08002c8c   0x08002c8c   0x00000078   Code   RO          546    x$fpl$deqf          fz_wm.l(deqf.o)
    0x08002d04   0x08002d04   0x00000078   Code   RO          575    x$fpl$dleqf         fz_wm.l(dleqf.o)
    0x08002d7c   0x08002d7c   0x00000154   Code   RO          577    x$fpl$dmul          fz_wm.l(dmul.o)
    0x08002ed0   0x08002ed0   0x0000009c   Code   RO          362    x$fpl$dnaninf       fz_wm.l(dnaninf.o)
    0x08002f6c   0x08002f6c   0x0000000c   Code   RO          364    x$fpl$dretinf       fz_wm.l(dretinf.o)
    0x08002f78   0x08002f78   0x0000006c   Code   RO          548    x$fpl$drleqf        fz_wm.l(drleqf.o)
    0x08002fe4   0x08002fe4   0x000001d4   Code   RO          336    x$fpl$dsub          fz_wm.l(daddsub_clz.o)
    0x080031b8   0x080031b8   0x00000056   Code   RO          340    x$fpl$f2d           fz_wm.l(f2d.o)
    0x0800320e   0x0800320e   0x0000008c   Code   RO          366    x$fpl$fnaninf       fz_wm.l(fnaninf.o)
    0x0800329a   0x0800329a   0x0000000a   Code   RO          515    x$fpl$fpinit        fz_wm.l(fpinit.o)
    0x080032a4   0x080032a4   0x0000000a   Code   RO          368    x$fpl$fretinf       fz_wm.l(fretinf.o)
    0x080032ae   0x080032ae   0x00000006   Code   RO          434    x$fpl$ieeestatus    fz_wm.l(istatus.o)
    0x080032b4   0x080032b4   0x00000004   Code   RO          342    x$fpl$printf1       fz_wm.l(printf1.o)
    0x080032b8   0x080032b8   0x00000064   Code   RO          651    x$fpl$retnan        fz_wm.l(retnan.o)
    0x0800331c   0x0800331c   0x0000005c   Code   RO          620    x$fpl$scalbn        fz_wm.l(scalbn.o)
    0x08003378   0x08003378   0x00000004   Code   RO          436    x$fpl$scanf1        fz_wm.l(scanf1.o)
    0x0800337c   0x0800337c   0x00000008   Code   RO          517    x$fpl$scanf2        fz_wm.l(scanf2.o)
    0x08003384   0x08003384   0x00000030   Code   RO          669    x$fpl$trapveneer    fz_wm.l(trapv.o)
    0x080033b4   0x080033b4   0x00000000   Code   RO          370    x$fpl$usenofp       fz_wm.l(usenofp.o)
    0x080033b4   0x080033b4   0x00000018   Data   RO          267    .constdata          system_stm32f4xx.o
    0x080033cc   0x080033cc   0x00000094   Data   RO          407    .constdata          c_w.l(bigflt0.o)
    0x08003460   0x08003460   0x00000020   Data   RO          671    Region$$Table       anon$$obj.o
    0x08003480   0x08003480   0x00000008   Data   RO          511    c$$dinf             fz_wm.l(fpconst.o)
    0x08003488   0x08003488   0x00000008   Data   RO          514    c$$dmax             fz_wm.l(fpconst.o)
    0x08003490   0x08003490   0x0000001c   Data   RO          431    locale$$data        c_w.l(lc_numeric_c.o)
    0x080034ac   0x080034ac   0x00000110   Data   RO          506    locale$$data        c_w.l(lc_ctype_c.o)


    Execution Region ER_RW (Exec base: 0x20000000, Load base: 0x080035bc, Size: 0x0000000c, Max: 0xffffffff, ABSOLUTE)

    Exec Addr    Load Addr    Size         Type   Attr      Idx    E Section Name        Object

    0x20000000   0x080035bc   0x00000006   Data   RW           91    .data               config_kit_ver2.o
    0x20000006   0x080035c2   0x00000002   PAD
    0x20000008   0x080035c4   0x00000004   Data   RW          268    .data               system_stm32f4xx.o


    Execution Region ER_ZI (Exec base: 0x2000000c, Load base: 0x080035c8, Size: 0x00000664, Max: 0xffffffff, ABSOLUTE)

    Exec Addr    Load Addr    Size         Type   Attr      Idx    E Section Name        Object

    0x2000000c        -       0x00000060   Zero   RW          441    .bss                c_w.l(libspace.o)
    0x2000006c   0x080035c8   0x00000004   PAD
    0x20000070        -       0x00000200   Zero   RW          257    HEAP                startup_stm32f407xx.o
    0x20000270        -       0x00000400   Zero   RW          256    STACK               startup_stm32f407xx.o


==============================================================================

Image component sizes


      Code (inc. data)   RO Data    RW Data    ZI Data      Debug   Object Name

      1282         92          0          6          0       9672   config_kit_ver2.o
       724        122          0          0          0     591634   main.o
        64         26        392          0       1536        928   startup_stm32f407xx.o
       292         40         24          4          0       2339   system_stm32f4xx.o

    ----------------------------------------------------------------------
      2364        280        448         12       1536     604573   Object Totals
         0          0         32          0          0          0   (incl. Generated)
         2          0          0          2          0          0   (incl. Padding)

    ----------------------------------------------------------------------

      Code (inc. data)   RO Data    RW Data    ZI Data      Debug   Library Member Name

         8          0          0          0          0         68   __main.o
       284          0          0          0          0        156   __printf_wp.o
         0          0          0          0          0          0   __rtentry.o
        12          0          0          0          0          0   __rtentry2.o
         6          0          0          0          0          0   __rtentry4.o
        52          8          0          0          0          0   __scatter.o
        26          0          0          0          0          0   __scatter_copy.o
        28          0          0          0          0          0   __scatter_zi.o
        28          0          0          0          0         68   _chval.o
        48          6          0          0          0         96   _printf_char_common.o
         6          0          0          0          0          0   _printf_f.o
      1054          0          0          0          0        216   _printf_fp_dec.o
       128         16          0          0          0         84   _printf_fp_infnan.o
         0          0          0          0          0          0   _printf_percent.o
         4          0          0          0          0          0   _printf_percent_end.o
        22          0          0          0          0        100   _rserrno.o
        64          0          0          0          0         84   _sgetc.o
        10          0          0          0          0         68   _sputc.o
       228          4        148          0          0         96   bigflt0.o
      2152        136          0          0          0        960   btod.o
        18          0          0          0          0         80   exit.o
         6          0          0          0          0        152   heapauxi.o
         0          0          0          0          0          0   indicate_semi.o
        18          0          0          0          0         76   isspace.o
        44         10        272          0          0         76   lc_ctype_c.o
        44         10         28          0          0         76   lc_numeric_c.o
         2          0          0          0          0          0   libinit.o
        34          0          0          0          0          0   libinit2.o
         2          0          0          0          0          0   libshutdown.o
         2          0          0          0          0          0   libshutdown2.o
         8          4          0          0         96         68   libspace.o
        38          0          0          0          0         68   llshl.o
       138          0          0          0          0         80   lludiv10.o
        40          6          0          0          0         84   noretval__2sprintf.o
        16          4          0          0          0         76   rt_ctype_table.o
         8          4          0          0          0         68   rt_errno_addr_intlibspace.o
         8          4          0          0          0         68   rt_locale_intlibspace.o
         2          0          0          0          0          0   rtexit.o
        10          0          0          0          0          0   rtexit2.o
      1272         16          0          0          0        168   scanf_fp.o
       800         14          0          0          0        100   scanf_hexfp.o
       308         16          0          0          0        100   scanf_infnan.o
       128          0          0          0          0         68   strcmpv7m.o
       164         14          0          0          0        120   strtod.o
        12          4          0          0          0         68   sys_exit.o
        74          0          0          0          0         80   sys_stackheap_outer.o
         2          0          0          0          0         68   use_no_semi.o
        98          4          0          0          0        140   d2f.o
       804         16          0          0          0        368   daddsub_clz.o
        16          4          0          0          0        116   dcheck1.o
        24          0          0          0          0        116   dcmpi.o
       120          4          0          0          0        140   deqf.o
       120          4          0          0          0        140   dleqf.o
       340         12          0          0          0        152   dmul.o
       156          4          0          0          0        140   dnaninf.o
        12          0          0          0          0        116   dretinf.o
       108          0          0          0          0        128   drleqf.o
        86          4          0          0          0        132   f2d.o
       140          4          0          0          0        132   fnaninf.o
         0          0         16          0          0          0   fpconst.o
        10          0          0          0          0        116   fpinit.o
        10          0          0          0          0        116   fretinf.o
         6          0          0          0          0        116   istatus.o
         4          0          0          0          0        116   printf1.o
       100          0          0          0          0        116   retnan.o
        92          0          0          0          0        116   scalbn.o
         4          0          0          0          0        116   scanf1.o
         8          0          0          0          0        132   scanf2.o
        48          0          0          0          0        116   trapv.o
         0          0          0          0          0          0   usenofp.o
        56         12          0          0          0        132   atof.o
        64         16          0          0          0        248   dunder.o
        48          0          0          0          0        124   fpclassify.o
       140         22          0          0          0        132   frexp.o
       228          8          0          0          0        308   ldexp.o
       266         16          0          0          0        308   narrow.o

    ----------------------------------------------------------------------
     10480        406        464          0        100       7872   Library Totals
        14          0          0          0          4          0   (incl. Padding)

    ----------------------------------------------------------------------

      Code (inc. data)   RO Data    RW Data    ZI Data      Debug   Library Name

      7358        276        448          0         96       3740   c_w.l
      2306         56         16          0          0       2880   fz_wm.l
       802         74          0          0          0       1252   m_wm.l

    ----------------------------------------------------------------------
     10480        406        464          0        100       7872   Library Totals

    ----------------------------------------------------------------------

==============================================================================


      Code (inc. data)   RO Data    RW Data    ZI Data      Debug   

     12844        686        912         12       1636     606217   Grand Totals
     12844        686        912         12       1636     606217   ELF Image Totals
     12844        686        912         12          0          0   ROM Totals

==============================================================================

    Total RO  Size (Code + RO Data)                13756 (  13.43kB)
    Total RW  Size (RW Data + ZI Data)              1648 (   1.61kB)
    Total ROM Size (Code + RO Data + RW Data)      13768 (  13.45kB)

==============================================================================

